09-15 16:18:24.197  2169  2570 I chatty  : uid=10112(com.android.systemui) RenderThread identical 1 line
09-15 16:18:24.210  2169  2570 D EGL_emulation: eglMakeCurrent: 0xe44c5d40: ver 2 0 (tinfo 0xc3f3cb30)
09-15 16:18:24.213  3125  3447 I MicroDetectionWorker: #startMicroDetector [speakerMode: 0]
09-15 16:18:24.213  2010  2120 I ActivityTaskManager: START u0 {act=android.intent.action.MAIN cat=[android.intent.category.LAUNCHER] flg=0x10000000 cmp=com.example.basic_application_activity/.MainActivity} from uid 2000
09-15 16:18:24.213  2169  2570 D EGL_emulation: eglMakeCurrent: 0xe44c5d40: ver 2 0 (tinfo 0xc3f3cb30)
09-15 16:18:24.216  3125  3447 W ErrorReporter: reportError [type: 211, code: 393244, bug: 0]: errorCode: 393244, engine: 0
09-15 16:18:24.217  3125  3447 I MicroDetector: Keeping mic open: false
09-15 16:18:24.218  3125  3447 I MicroDetectionWorker: #onError(false)
09-15 16:18:24.227  2169  2570 D EGL_emulation: eglMakeCurrent: 0xe44c5d40: ver 2 0 (tinfo 0xc3f3cb30)
09-15 16:18:24.227  2010  6176 W InputReader: Device has associated, but no associated display id.
09-15 16:18:24.228  2010  6176 I chatty  : uid=1000(system) Binder:2010_17 identical 8 lines
09-15 16:18:24.228  2010  6176 W InputReader: Device has associated, but no associated display id.
09-15 16:18:24.229  2010  2044 E system_server: Invalid ID 0x00000000.
09-15 16:18:24.232  2169  2570 D EGL_emulation: eglMakeCurrent: 0xe44c5d40: ver 2 0 (tinfo 0xc3f3cb30)
09-15 16:18:24.243  1749  1749 D Zygote  : Forked child process 8556
09-15 16:18:24.246  2169  2570 D EGL_emulation: eglMakeCurrent: 0xe44c5d40: ver 2 0 (tinfo 0xc3f3cb30)
09-15 16:18:24.249  2010  2050 I ActivityManager: Start proc 8556:com.example.basic_application_activity/u0a153 for activity {com.example.basic_application_activity/com.example.basic_application_activity.MainActivity}
09-15 16:18:24.249  2668  3631 W GCoreFlp: No location to return for getLastLocation()
09-15 16:18:24.249  2169  2570 D EGL_emulation: eglMakeCurrent: 0xe44c5d40: ver 2 0 (tinfo 0xc3f3cb30)
09-15 16:18:24.250  8556  8556 I cation_activit: Late-enabling -Xcheck:jni
09-15 16:18:24.261  1789  1913 D gralloc_ranchu: gralloc_alloc: Creating ashmem region of size 14749696
09-15 16:18:24.269  8556  8556 E cation_activit: Unknown bits set in runtime_flags: 0x8000
09-15 16:18:24.269  8556  8556 W cation_activit: Unexpected CPU variant for X86 using defaults: x86
09-15 16:18:24.274  2668  8499 I LogUtils: [Places]: ?: Couldn't find platform key file. [CONTEXT service_id=253 ]
09-15 16:18:24.301  2010  6176 W InputReader: Device has associated, but no associated display id.
09-15 16:18:24.310  2010  6176 I chatty  : uid=1000(system) Binder:2010_17 identical 28 lines
09-15 16:18:24.310  2010  6176 W InputReader: Device has associated, but no associated display id.
09-15 16:18:24.327  2010  2044 W InputReader: Device has associated, but no associated display id.
09-15 16:18:24.327  2010  2044 I chatty  : uid=1000(system) android.anim identical 8 lines
09-15 16:18:24.327  2010  2044 W InputReader: Device has associated, but no associated display id.
09-15 16:18:24.337  1789  1913 D gralloc_ranchu: gralloc_alloc: Creating ashmem region of size 14749696
09-15 16:18:24.365  2169  2570 D EGL_emulation: eglMakeCurrent: 0xe44c5d40: ver 2 0 (tinfo 0xc3f3cb30)
09-15 16:18:24.387  2169  2570 D EGL_emulation: eglMakeCurrent: 0xe44c5d40: ver 2 0 (tinfo 0xc3f3cb30)
09-15 16:18:24.396  2668  2668 I GeofencerStateMachine: removeGeofences: removeRequest=RemoveGeofencingRequest[REMOVE_BY_PENDING_INTENT pendingIntent=PendingIntent[creatorPackage=com.google.android.gms], packageName=com.google.android.gms]
09-15 16:18:24.398  2169  2570 D EGL_emulation: eglMakeCurrent: 0xe44c5d40: ver 2 0 (tinfo 0xc3f3cb30)
09-15 16:18:24.401  2668  2668 I GeofencerStateMachine: removeGeofences: removeRequest=RemoveGeofencingRequest[REMOVE_BY_PENDING_INTENT pendingIntent=PendingIntent[creatorPackage=com.google.android.gms], packageName=com.google.android.gms]
09-15 16:18:24.404  2668  2668 I GeofencerStateMachine: removeGeofences: removeRequest=RemoveGeofencingRequest[REMOVE_BY_PENDING_INTENT pendingIntent=PendingIntent[creatorPackage=com.google.android.gms], packageName=com.google.android.gms]
09-15 16:18:24.411  2169  2570 D EGL_emulation: eglMakeCurrent: 0xe44c5d40: ver 2 0 (tinfo 0xc3f3cb30)
09-15 16:18:24.427  2169  2570 I chatty  : uid=10112(com.android.systemui) RenderThread identical 2 lines
09-15 16:18:24.430  2169  2570 D EGL_emulation: eglMakeCurrent: 0xe44c5d40: ver 2 0 (tinfo 0xc3f3cb30)
09-15 16:18:24.435  2668  8499 W ctxmgr  : [AclManager] No 3 for (accnt=account#1178712851#, com.google.android.gms(10113):UserVelocityProducer, vrsn=202414022, 0, 3pPkg = null ,  3pMdlId = null ,  pid = 2668). Was: 2 for 1, account#1178712851# [CONTEXT service_id=47 ]
09-15 16:18:24.445  2169  2570 D EGL_emulation: eglMakeCurrent: 0xe44c5d40: ver 2 0 (tinfo 0xc3f3cb30)
09-15 16:18:24.448  2169  2570 D EGL_emulation: eglMakeCurrent: 0xe44c5d40: ver 2 0 (tinfo 0xc3f3cb30)
09-15 16:18:24.449  2668  7244 I LogUtils: [Places]: ?: Couldn't find platform key file. [CONTEXT service_id=253 ]
09-15 16:18:24.462  2169  2570 D EGL_emulation: eglMakeCurrent: 0xe44c5d40: ver 2 0 (tinfo 0xc3f3cb30)
09-15 16:18:24.481  2169  2570 I chatty  : uid=10112(com.android.systemui) RenderThread identical 2 lines
09-15 16:18:24.485  2169  2570 D EGL_emulation: eglMakeCurrent: 0xe44c5d40: ver 2 0 (tinfo 0xc3f3cb30)
09-15 16:18:24.486  2668  8499 I ctxmgr  : [ProducerStatusImpl] updateStateForNewContextData: inactive, contextName=7 [CONTEXT service_id=47 ]
09-15 16:18:24.487  2668  8500 I LogUtils: [Places]: ?: Couldn't find platform key file. [CONTEXT service_id=253 ]
09-15 16:18:24.497  2668  3631 W GCoreFlp: No location to return for getLastLocation()
09-15 16:18:24.507  2668  2668 I GeofencerStateMachine: removeGeofences: removeRequest=RemoveGeofencingRequest[REMOVE_BY_PENDING_INTENT pendingIntent=PendingIntent[creatorPackage=com.google.android.gms], packageName=com.google.android.gms]
09-15 16:18:24.515  2668  2668 I GeofencerStateMachine: removeGeofences: removeRequest=RemoveGeofencingRequest[REMOVE_BY_PENDING_INTENT pendingIntent=PendingIntent[creatorPackage=com.google.android.gms], packageName=com.google.android.gms]
09-15 16:18:24.521  1807  1873 E SurfaceFlinger: ro.sf.lcd_density must be defined as a build property
09-15 16:18:24.522  1807  2122 E SurfaceFlinger: ro.sf.lcd_density must be defined as a build property
09-15 16:18:24.526  2668  8587 I PlacesLogger: [PlaceInferenceEngine]: [anon] Changed inference mode: 0 [CONTEXT service_id=253 ]
09-15 16:18:24.529  8556  8595 D libEGL  : Emulator has host GPU support, qemu.gles is set to 1.
09-15 16:18:24.529  8556  8595 W libc    : Unable to set property "qemu.gles" to "1": connection failed; errno=13 (Permission denied)
09-15 16:18:24.524  8556  8556 W RenderThread: type=1400 audit(0.0:31): avc: denied { write } for name="property_service" dev="tmpfs" ino=6396 scontext=u:r:untrusted_app:s0:c153,c256,c512,c768 tcontext=u:object_r:property_socket:s0 tclass=sock_file permissive=0 app=com.example.basic_application_activity
09-15 16:18:24.530  2668  8589 I LogUtils: [Places]: ?: Couldn't find platform key file. [CONTEXT service_id=253 ]
09-15 16:18:24.530  2668  7244 I LogUtils: [Places]: ?: Couldn't find platform key file. [CONTEXT service_id=253 ]
09-15 16:18:24.532  2668  3631 W GCoreFlp: No location to return for getLastLocation()
09-15 16:18:24.544  8556  8595 D libEGL  : loaded /vendor/lib/egl/libEGL_emulation.so
09-15 16:18:24.545  2668  8587 I PlacesLogger: [PlaceInferenceEngine]: [account#1178712851] Changed inference mode: 0 [CONTEXT service_id=253 ]
09-15 16:18:24.548  8556  8595 D libEGL  : loaded /vendor/lib/egl/libGLESv1_CM_emulation.so
09-15 16:18:24.550  8556  8595 D libEGL  : loaded /vendor/lib/egl/libGLESv2_emulation.so
09-15 16:18:24.552  2668  8596 I LogUtils: [Places]: ?: Couldn't find platform key file. [CONTEXT service_id=253 ]
09-15 16:18:24.581  2668  8596 I LogUtils: [Places]: ?: Couldn't find platform key file. [CONTEXT service_id=253 ]
09-15 16:18:24.582  2668  8592 I LogUtils: [Places]: ?: Couldn't find platform key file. [CONTEXT service_id=253 ]
09-15 16:18:24.584  2668  8592 I LogUtils: [Places]: ?: Couldn't find platform key file. [CONTEXT service_id=253 ]
09-15 16:18:24.607  2668  8587 I LogUtils: [Places]: ?: PlacesBleScanner start() with priority 2 [CONTEXT service_id=253 ]
09-15 16:18:24.607  2668  8587 I PlacesLogger: [PlaceInferenceEngine]: [anon] Changed inference mode: 1 [CONTEXT service_id=253 ]
09-15 16:18:24.607  2668  8587 I PlacesLogger: [PlaceInferenceEngine]: [account#1178712851] Changed inference mode: 1 [CONTEXT service_id=253 ]
09-15 16:18:24.617  2668  2668 E BeaconBle: Missing BluetoothAdapter [CONTEXT service_id=111 ]
09-15 16:18:24.617  2668  2668 I BeaconBle: BLE 'KK+' software access layer enabled [CONTEXT service_id=111 ]
09-15 16:18:24.622  2499  3136 D EGL_emulation: eglMakeCurrent: 0xdc31a300: ver 2 0 (tinfo 0xdc30f7e0)
09-15 16:18:24.625  3125  3504 D EGL_emulation: eglMakeCurrent: 0xdc31b560: ver 2 0 (tinfo 0xdc30fb00)
09-15 16:18:24.636  2668  3631 W GCoreFlp: No location to return for getLastLocation()
09-15 16:18:24.645  2668  2668 I BeaconBle: Client requested scan, settings=BleSettings [scanMode=ZERO_POWER, callbackType=ALL_MATCHES, reportDelayMillis=0, 1 filters, 0 clients, callingClientName=Places] [CONTEXT service_id=111 ]
09-15 16:18:24.646  2668  2668 I BeaconBle: Scan : No clients left, canceling alarm. [CONTEXT service_id=111 ]
09-15 16:18:24.648  2668  2668 E BeaconBle: Scan couldn't start for Places [CONTEXT service_id=111 ]
09-15 16:18:24.648  2668  2668 W Places  : BLE failure while scanning - code 5
09-15 16:18:24.674  8556  8556 W cation_activit: Accessing hidden method Landroid/view/View;->computeFitSystemWindows(Landroid/graphics/Rect;Landroid/graphics/Rect;)Z (greylist, reflection, allowed)
09-15 16:18:24.675  8556  8556 W cation_activit: Accessing hidden method Landroid/view/ViewGroup;->makeOptionalFitsSystemWindows()V (greylist, reflection, allowed)
09-15 16:18:24.732  8556  8556 I MainActivity: in method onCreate
09-15 16:18:24.767  8556  8556 I MainActivity: in method onStart
09-15 16:18:24.769  8556  8556 I MainActivity: in method onResume
09-15 16:18:24.809  8556  8593 D HostConnection: HostConnection::get() New Host Connection established 0xd8ecbbe0, tid 8593
09-15 16:18:24.812  8556  8593 D HostConnection: HostComposition ext ANDROID_EMU_CHECKSUM_HELPER_v1 ANDROID_EMU_dma_v1 ANDROID_EMU_direct_mem ANDROID_EMU_host_composition_v1 ANDROID_EMU_host_composition_v2 ANDROID_EMU_vulkan ANDROID_EMU_deferred_vulkan_commands ANDROID_EMU_vulkan_null_optional_strings ANDROID_EMU_vulkan_create_resources_with_requirements ANDROID_EMU_YUV_Cache ANDROID_EMU_vulkan_ignored_handles ANDROID_EMU_vulkan_free_memory_sync ANDROID_EMU_vulkan_shader_float16_int8 ANDROID_EMU_vulkan_async_queue_submit ANDROID_EMU_sync_buffer_data GL_OES_vertex_array_object GL_KHR_texture_compression_astc_ldr ANDROID_EMU_host_side_tracing ANDROID_EMU_gles_max_version_2 
09-15 16:18:24.815  8556  8593 W OpenGLRenderer: Failed to choose config with EGL_SWAP_BEHAVIOR_PRESERVED, retrying without...
09-15 16:18:24.824  8556  8593 D EGL_emulation: eglCreateContext: 0xe4565580: maj 2 min 0 rcv 2
09-15 16:18:24.828  8556  8593 D EGL_emulation: eglMakeCurrent: 0xe4565580: ver 2 0 (tinfo 0xd8f19040)
09-15 16:18:24.832  1789  1913 D gralloc_ranchu: gralloc_alloc: Creating ashmem region of size 14749696
09-15 16:18:24.834  1651  1651 I hwservicemanager: getTransport: Cannot find entry android.hardware.graphics.mapper@3.0::IMapper/default in either framework or device manifest.
09-15 16:18:24.835  8556  8593 W Gralloc3: mapper 3.x is not supported
09-15 16:18:24.836  8556  8593 D HostConnection: createUnique: call
09-15 16:18:24.836  8556  8593 D HostConnection: HostConnection::get() New Host Connection established 0xd8ecd440, tid 8593
09-15 16:18:24.838  8556  8593 D HostConnection: HostComposition ext ANDROID_EMU_CHECKSUM_HELPER_v1 ANDROID_EMU_dma_v1 ANDROID_EMU_direct_mem ANDROID_EMU_host_composition_v1 ANDROID_EMU_host_composition_v2 ANDROID_EMU_vulkan ANDROID_EMU_deferred_vulkan_commands ANDROID_EMU_vulkan_null_optional_strings ANDROID_EMU_vulkan_create_resources_with_requirements ANDROID_EMU_YUV_Cache ANDROID_EMU_vulkan_ignored_handles ANDROID_EMU_vulkan_free_memory_sync ANDROID_EMU_vulkan_shader_float16_int8 ANDROID_EMU_vulkan_async_queue_submit ANDROID_EMU_sync_buffer_data GL_OES_vertex_array_object GL_KHR_texture_compression_astc_ldr ANDROID_EMU_host_side_tracing ANDROID_EMU_gles_max_version_2 
09-15 16:18:24.838  8556  8593 D eglCodecCommon: allocate: Ask for block of size 0x1000
09-15 16:18:24.838  8556  8593 D eglCodecCommon: allocate: ioctl allocate returned offset 0x3ffff6000 size 0x2000
09-15 16:18:24.839  1789  1913 D gralloc_ranchu: gralloc_alloc: Creating ashmem region of size 14749696
09-15 16:18:24.844  1789  1832 D gralloc_ranchu: gralloc_alloc: Creating ashmem region of size 14749696
09-15 16:18:24.851  8556  8593 D EGL_emulation: eglMakeCurrent: 0xe4565580: ver 2 0 (tinfo 0xd8f19040)
09-15 16:18:24.965  2010  2048 I ActivityTaskManager: Displayed com.example.basic_application_activity/.MainActivity: +751ms
09-15 16:18:25.001  3125  8478 I PBSessionCacheImpl: Deleted sessionId[1597180353970] from persistence.
09-15 16:18:25.014  3125  3447 W SearchServiceCore: Abort, client detached.
09-15 16:18:25.227  2010  2319 D WificondControl: Scan result ready event
09-15 16:18:30.072  2668  8592 I LogUtils: [Places]: ?: Couldn't find platform key file. [CONTEXT service_id=253 ]
09-15 16:18:30.077  2668  8500 I LogUtils: [Places]: ?: Couldn't find platform key file. [CONTEXT service_id=253 ]
09-15 16:18:30.084  2668  8587 I LogUtils: [Places]: ?: PlacesBleScanner stop() [CONTEXT service_id=253 ]
09-15 16:18:30.086  2668  2668 I BeaconBle: Scan : No clients left, canceling alarm. [CONTEXT service_id=111 ]
09-15 16:18:30.088  2668  2668 I BeaconBle: Scan canceled successfully. [CONTEXT service_id=111 ]
09-15 16:18:30.097  2668  8587 I PlacesLogger: [PlaceInferenceEngine]: [anon] Changed inference mode: 0 [CONTEXT service_id=253 ]
09-15 16:18:30.097  2668  8587 I PlacesLogger: [PlaceInferenceEngine]: [account#1178712851] Changed inference mode: 0 [CONTEXT service_id=253 ]
09-15 16:18:30.102  2668  3631 W GCoreFlp: No location to return for getLastLocation()
09-15 16:18:30.118  2668  8591 I LogUtils: [Places]: ?: Couldn't find platform key file. [CONTEXT service_id=253 ]
09-15 16:18:30.119  2668  8499 I LogUtils: [Places]: ?: Couldn't find platform key file. [CONTEXT service_id=253 ]
09-15 16:18:30.120  2668  8596 I LogUtils: [Places]: ?: Couldn't find platform key file. [CONTEXT service_id=253 ]
09-15 16:18:30.140  2668  2668 I GeofencerStateMachine: removeGeofences: removeRequest=RemoveGeofencingRequest[REMOVE_BY_PENDING_INTENT pendingIntent=PendingIntent[creatorPackage=com.google.android.gms], packageName=com.google.android.gms]
09-15 16:18:30.381  1748  1968 I netd    : firewallSetUidRule(2, 10145, 1) <0.02ms>
09-15 16:18:30.391  8556  8556 I AssistStructure: Flattened final assist data: 1772 bytes, containing 1 windows, 9 views
09-15 16:18:30.399  2668  2668 W ktk     : Pending fill request while another request in the same session was triggered. [CONTEXT service_id=177 ]
09-15 16:18:30.410  2524  2524 I KeyboardViewUtil: systemKeyboardHeightRatio:1.000000; userKeyboardHeightRatio:1.000000.
09-15 16:18:30.410  2524  2524 I AndroidIME: LatinIme.onActivate() : EditorInfo = Package = com.example.basic_application_activity : Type = Email : Learning = Disable : Suggestion = Show : AutoCorrection = Disable : Microphone = DisabledMic : NoPersonalizedLearning = Disable
09-15 16:18:30.417  2524  2524 I KeyboardViewHelper: Get view with height ratio:1.000000; experiment height ratio:1.000000.
09-15 16:18:30.429  2524  2524 I Conv2QueryExtension: Current locale: en_US, config allows these locales: de,en,es,fr,it,ms,pt,ta
09-15 16:18:30.429  2524  2524 I Conv2QueryExtension: Conv2Query not enabled due to current app [com.example.basic_application_activity] not in whitelist
09-15 16:18:30.429  2524  2524 I Conv2QueryExtension: onActivate() : Disabled by unsupported host app
09-15 16:18:30.430  2524  2524 I CurrentMicStatusHolder: Current Mic status = {MicIconHidden-EmailInputType,}
09-15 16:18:30.446  1789  1832 D gralloc_ranchu: gralloc_alloc: Creating ashmem region of size 14262272
09-15 16:18:30.463  1789  1832 D gralloc_ranchu: gralloc_alloc: Creating ashmem region of size 14262272
09-15 16:18:30.465  1789  1913 D gralloc_ranchu: gralloc_alloc: Creating ashmem region of size 14262272
09-15 16:18:30.465  2524  6896 D EGL_emulation: eglMakeCurrent: 0xdc31af60: ver 2 0 (tinfo 0xdc30f8f0)
09-15 16:18:30.512  2010  6177 I AssistStructure: Flattened final assist data: 1556 bytes, containing 1 windows, 9 views
09-15 16:18:30.513  2668  8497 W kps     : Infinite Data has no result for com.example.basic_application_activity [CONTEXT service_id=177 ]
09-15 16:18:30.525  2668  7394 W kps     : Infinite Data has no result for com.example.basic_application_activity [CONTEXT service_id=177 ]
09-15 16:18:30.659  2010  2473 W ActivityManager: Unable to start service Intent { act=com.google.android.gms.auth.key.retrieval.service.START pkg=com.google.android.gms } U=0: not found
09-15 16:18:30.661  2010  7067 W ActivityManager: Unbind failed: could not find connection for android.os.BinderProxy@ef48d64
09-15 16:18:30.662  2010  2041 D AutofillUI: destroySaveUiUiThread(): already destroyed
09-15 16:18:30.664  2860  3510 E GmsClient: unable to connect to service: com.google.android.gms.auth.key.retrieval.service.START on com.google.android.gms
09-15 16:18:34.019  2524  2524 I PhenotypeExpConfig: refreshConfiguration() : Force = false : UpdateAvailable = false : Age = 194 minutes : MaxAge = 720 minutes
09-15 16:18:34.022  2524  2524 I AndroidIME: LatinIme.onDeactivate()
09-15 16:18:34.047  2524  2524 I KeyboardViewUtil: systemKeyboardHeightRatio:1.000000; userKeyboardHeightRatio:1.000000.
09-15 16:18:34.048  2524  2524 I AndroidIME: PasswordIme.onActivate() : EditorInfo = Package = com.example.basic_application_activity : Type = Password : Learning = Disable : Suggestion = Hide : AutoCorrection = Disable : Microphone = Hide : NoPersonalizedLearning = Disable
09-15 16:18:34.050  2524  2524 I KeyboardViewHelper: Get view with height ratio:1.000000; experiment height ratio:1.000000.
09-15 16:18:34.055  2524  2524 I Conv2QueryExtension: Current locale: en_US, config allows these locales: de,en,es,fr,it,ms,pt,ta
09-15 16:18:34.055  2524  2524 I Conv2QueryExtension: Conv2Query not enabled due to current app [com.example.basic_application_activity] not in whitelist
09-15 16:18:34.055  2524  2524 I Conv2QueryExtension: onActivate() : Disabled by unsupported host app
09-15 16:18:34.056  2524  2524 I CurrentMicStatusHolder: Current Mic status = {MicIconHidden-PasswordOrNumberOrDateInputType,}
09-15 16:18:35.010  3125  3447 I WorkerManager: dispose()
09-15 16:18:35.011  3125  3447 W ThreadPoolDumper: Queue length for executor EventBus is now 11. Perhaps some tasks are too long, or the pool is too small.
09-15 16:18:35.096  2010  2048 E memtrack: Couldn't load memtrack module
09-15 16:18:35.096  2010  2048 W android.os.Debug: failed to get memory consumption info: -1
09-15 16:18:35.097  2668  2668 I BeaconBle: Scan : No clients left, canceling alarm. [CONTEXT service_id=111 ]
09-15 16:18:37.058  2169  2169 V DeadZone: consuming errant click: (268.98926,10.890625)
09-15 16:18:38.093  2169  2169 I KeyButtonView: Back button event: ACTION_DOWN
09-15 16:18:38.095  2010  2114 V InputDispatcher: Asynchronous input event injection succeeded.
09-15 16:18:38.100  1778  5085 W audio_hw_generic: Not supplying enough data to HAL, expected position 6884991 , only wrote 6884976
09-15 16:18:38.184  2169  2169 I KeyButtonView: Back button event: ACTION_UP
09-15 16:18:37.059  2169  2169 V DeadZone: consuming errant click: (268.98926,10.890625)
09-15 16:18:38.185  2010  2041 D AutofillManagerService: onBackKeyPressed()
09-15 16:18:38.186  2010  2114 V InputDispatcher: Asynchronous input event injection succeeded.
09-15 16:18:38.193  1748  1968 I netd    : firewallSetUidRule(2, 10145, 2) <0.03ms>
09-15 16:18:38.195  2524  2524 I PhenotypeExpConfig: refreshConfiguration() : Force = false : UpdateAvailable = false : Age = 194 minutes : MaxAge = 720 minutes
09-15 16:18:38.196  2524  2524 I AndroidIME: PasswordIme.onDeactivate()
09-15 16:18:38.210  2524  6896 D EGL_emulation: eglMakeCurrent: 0xdc31af60: ver 2 0 (tinfo 0xdc30f8f0)
09-15 16:18:39.268  2010  2473 I ActivityTaskManager: START u0 {cmp=com.example.basic_application_activity/.My_2nd_activity} from uid 10153
09-15 16:18:39.284  8556  8556 I MainActivity: in method onPause
09-15 16:18:39.285  2010  2473 W InputReader: Device has associated, but no associated display id.
09-15 16:18:39.287  2010  2473 I chatty  : uid=1000(system) Binder:2010_8 identical 48 lines
09-15 16:18:39.287  2010  2473 W InputReader: Device has associated, but no associated display id.
09-15 16:18:39.289  8556  8556 W ActivityThread: handleWindowVisibility: no activity for token android.os.BinderProxy@2bee7ea
09-15 16:18:39.306  8556  8556 I My_2nd_activity: in method onCreate
09-15 16:18:39.365  8556  8556 I My_2nd_activity: in method onStart
09-15 16:18:39.366  8556  8556 I My_2nd_activity: in method onResume
09-15 16:18:39.412  1789  1832 D gralloc_ranchu: gralloc_alloc: Creating ashmem region of size 14749696
09-15 16:18:39.418  1789  1832 I chatty  : uid=1000(system) HwBinder:1789_1 identical 1 line
09-15 16:18:39.421  1789  1832 D gralloc_ranchu: gralloc_alloc: Creating ashmem region of size 14749696
09-15 16:18:39.432  8556  8593 D EGL_emulation: eglMakeCurrent: 0xe4565580: ver 2 0 (tinfo 0xd8f19040)
09-15 16:18:39.449  8556  8593 D EGL_emulation: eglMakeCurrent: 0xe4565580: ver 2 0 (tinfo 0xd8f19040)
09-15 16:18:39.463  2010  2044 W InputReader: Device has associated, but no associated display id.
09-15 16:18:39.465  2010  2044 I chatty  : uid=1000(system) android.anim identical 18 lines
09-15 16:18:39.465  2010  2044 W InputReader: Device has associated, but no associated display id.
09-15 16:18:39.469  8556  8593 D EGL_emulation: eglMakeCurrent: 0xe4565580: ver 2 0 (tinfo 0xd8f19040)
09-15 16:18:39.492  8556  8593 I chatty  : uid=10153(com.example.basic_application_activity) RenderThread identical 3 lines
09-15 16:18:39.877  8556  8593 D EGL_emulation: eglMakeCurrent: 0xe4565580: ver 2 0 (tinfo 0xd8f19040)
09-15 16:18:39.892  8556  8556 I MainActivity: in method onStop
09-15 16:18:42.388  1778  1778 W audio_hw_generic: Not supplying enough data to HAL, expected position 7261330 , only wrote 7074022
09-15 16:18:45.137  2010  2048 E memtrack: Couldn't load memtrack module
09-15 16:18:45.138  2010  2048 W android.os.Debug: failed to get memory consumption info: -1
09-15 16:18:46.328  8556  8593 D EGL_emulation: eglMakeCurrent: 0xe4565580: ver 2 0 (tinfo 0xd8f19040)
09-15 16:18:46.417  2010  5523 W InputReader: Device has associated, but no associated display id.
09-15 16:18:46.417  2010  5523 I chatty  : uid=1000(system) Binder:2010_14 identical 8 lines
09-15 16:18:46.417  2010  5523 W InputReader: Device has associated, but no associated display id.
09-15 16:18:46.425  1778  5085 W audio_hw_generic: Not supplying enough data to HAL, expected position 7074032 , only wrote 7074022
09-15 16:18:46.427  8556  8556 I My_2nd_activity: in method onPause
09-15 16:18:46.430  2010  5523 W InputReader: Device has associated, but no associated display id.
09-15 16:18:46.432  2010  5523 I chatty  : uid=1000(system) Binder:2010_14 identical 28 lines
09-15 16:18:46.432  2010  5523 W InputReader: Device has associated, but no associated display id.
09-15 16:18:46.438  8556  8556 I MainActivity: in method onStart
09-15 16:18:46.438  8556  8556 I MainActivity: in method onResume
09-15 16:18:46.451  1789  1832 D gralloc_ranchu: gralloc_alloc: Creating ashmem region of size 14749696
09-15 16:18:46.456  1789  1832 I chatty  : uid=1000(system) HwBinder:1789_1 identical 1 line
09-15 16:18:46.463  1789  1832 D gralloc_ranchu: gralloc_alloc: Creating ashmem region of size 14749696
09-15 16:18:46.466  8556  8593 D EGL_emulation: eglMakeCurrent: 0xe4565580: ver 2 0 (tinfo 0xd8f19040)
09-15 16:18:46.478  8556  8593 D EGL_emulation: eglMakeCurrent: 0xe4565580: ver 2 0 (tinfo 0xd8f19040)
09-15 16:18:46.486  2010  2044 W InputReader: Device has associated, but no associated display id.
09-15 16:18:46.490  2010  2044 I chatty  : uid=1000(system) android.anim identical 18 lines
09-15 16:18:46.490  2010  2044 W InputReader: Device has associated, but no associated display id.
09-15 16:18:46.498  8556  8593 D EGL_emulation: eglMakeCurrent: 0xe4565580: ver 2 0 (tinfo 0xd8f19040)
09-15 16:18:46.503  8556  8593 I chatty  : uid=10153(com.example.basic_application_activity) RenderThread identical 1 line
09-15 16:18:46.907  8556  8593 D EGL_emulation: eglMakeCurrent: 0xe4565580: ver 2 0 (tinfo 0xd8f19040)
09-15 16:18:46.934  8556  8556 I My_2nd_activity: in method onStop
09-15 16:18:46.936  8556  8556 I My_2nd_activity: in method onDestroy
09-15 16:18:47.009  8556  8593 D EGL_emulation: eglMakeCurrent: 0xe4565580: ver 2 0 (tinfo 0xd8f19040)
09-15 16:18:49.574  1778  1778 W audio_hw_generic: Not supplying enough data to HAL, expected position 7350009 , only wrote 7212832
09-15 16:19:00.004  2169  2169 D KeyguardClockSwitch: Updating clock: 419
09-15 16:19:00.023  2169  2570 D EGL_emulation: eglMakeCurrent: 0xe44c5d40: ver 2 0 (tinfo 0xc3f3cb30)
