10-06 14:29:43.039   533   533 D CompatibilityChangeReporter: Compat change id reported: 135549675; UID 10063; state: ENABLED
10-06 14:29:43.042   533   533 D CompatibilityChangeReporter: Compat change id reported: 135549675; UID 10064; state: ENABLED
10-06 14:29:43.046   533   533 D CompatibilityChangeReporter: Compat change id reported: 135549675; UID 10065; state: ENABLED
10-06 14:29:43.052   533   533 D CompatibilityChangeReporter: Compat change id reported: 135549675; UID 10062; state: ENABLED
10-06 14:29:43.059   533   533 D CompatibilityChangeReporter: Compat change id reported: 135549675; UID 10066; state: ENABLED
10-06 14:29:43.067   533   533 D CompatibilityChangeReporter: Compat change id reported: 135549675; UID 10067; state: ENABLED
10-06 14:29:43.070   533   533 D CompatibilityChangeReporter: Compat change id reported: 135549675; UID 10068; state: ENABLED
10-06 14:29:43.074   533   533 D CompatibilityChangeReporter: Compat change id reported: 135549675; UID 2000; state: ENABLED
10-06 14:29:43.080   533   533 D CompatibilityChangeReporter: Compat change id reported: 135549675; UID 10069; state: ENABLED
10-06 14:29:43.085   533   533 D CompatibilityChangeReporter: Compat change id reported: 135549675; UID 10074; state: ENABLED
10-06 14:29:43.091   533   533 D CompatibilityChangeReporter: Compat change id reported: 135549675; UID 10072; state: ENABLED
10-06 14:29:43.098   533   533 D CompatibilityChangeReporter: Compat change id reported: 135549675; UID 10070; state: ENABLED
10-06 14:29:43.101   533   533 D CompatibilityChangeReporter: Compat change id reported: 135549675; UID 10071; state: ENABLED
10-06 14:29:43.104   533   533 D CompatibilityChangeReporter: Compat change id reported: 135549675; UID 10073; state: ENABLED
10-06 14:29:43.118   533   533 D CompatibilityChangeReporter: Compat change id reported: 135549675; UID 10075; state: ENABLED
10-06 14:29:43.124   533   533 D CompatibilityChangeReporter: Compat change id reported: 135549675; UID 10076; state: ENABLED
10-06 14:29:43.133   533   533 D CompatibilityChangeReporter: Compat change id reported: 135549675; UID 1073; state: ENABLED
10-06 14:29:43.142   533   533 D CompatibilityChangeReporter: Compat change id reported: 135549675; UID 10077; state: ENABLED
10-06 14:29:43.149   533   533 D CompatibilityChangeReporter: Compat change id reported: 143539591; UID -1; state: DISABLED
10-06 14:29:43.155   533   533 D CompatibilityChangeReporter: Compat change id reported: 135549675; UID 10079; state: DISABLED
10-06 14:29:43.171   533   533 D CompatibilityChangeReporter: Compat change id reported: 135549675; UID 10081; state: ENABLED
10-06 14:29:43.174   533   533 D CompatibilityChangeReporter: Compat change id reported: 135549675; UID 10078; state: ENABLED
10-06 14:29:43.177   533   533 D CompatibilityChangeReporter: Compat change id reported: 135549675; UID 1027; state: ENABLED
10-06 14:29:43.180   533   533 D CompatibilityChangeReporter: Compat change id reported: 135549675; UID 10080; state: ENABLED
10-06 14:29:43.183   533   533 D CompatibilityChangeReporter: Compat change id reported: 135549675; UID 10083; state: ENABLED
10-06 14:29:43.187   533   533 D CompatibilityChangeReporter: Compat change id reported: 135549675; UID 10082; state: DISABLED
10-06 14:29:43.192   533   533 D CompatibilityChangeReporter: Compat change id reported: 135549675; UID 10085; state: ENABLED
10-06 14:29:43.196   533   533 D CompatibilityChangeReporter: Compat change id reported: 135549675; UID 10084; state: ENABLED
10-06 14:29:43.200   533   533 D CompatibilityChangeReporter: Compat change id reported: 135549675; UID 1002; state: ENABLED
10-06 14:29:43.206   533   533 D CompatibilityChangeReporter: Compat change id reported: 135549675; UID 1068; state: ENABLED
10-06 14:29:43.209   533   533 D CompatibilityChangeReporter: Compat change id reported: 135549675; UID 10091; state: DISABLED
10-06 14:29:43.216   533   533 D CompatibilityChangeReporter: Compat change id reported: 135549675; UID 10086; state: ENABLED
10-06 14:29:43.223   533   533 D CompatibilityChangeReporter: Compat change id reported: 135549675; UID 10087; state: ENABLED
10-06 14:29:43.227   533   533 D CompatibilityChangeReporter: Compat change id reported: 135549675; UID 10088; state: ENABLED
10-06 14:29:43.230   533   533 D CompatibilityChangeReporter: Compat change id reported: 135549675; UID 10090; state: ENABLED
10-06 14:29:43.233   533   533 D CompatibilityChangeReporter: Compat change id reported: 135549675; UID 10093; state: ENABLED
10-06 14:29:43.235   533   533 D CompatibilityChangeReporter: Compat change id reported: 135549675; UID 10092; state: ENABLED
10-06 14:29:43.244   533   533 D CompatibilityChangeReporter: Compat change id reported: 135549675; UID 10095; state: ENABLED
10-06 14:29:43.247   533   533 D CompatibilityChangeReporter: Compat change id reported: 135549675; UID 10089; state: ENABLED
10-06 14:29:43.250   533   533 D CompatibilityChangeReporter: Compat change id reported: 135549675; UID 10094; state: ENABLED
10-06 14:29:43.276   533   533 D CompatibilityChangeReporter: Compat change id reported: 135549675; UID 10099; state: DISABLED
10-06 14:29:43.292   533   533 D CompatibilityChangeReporter: Compat change id reported: 135549675; UID 10096; state: DISABLED
10-06 14:29:43.296   533   533 D CompatibilityChangeReporter: Compat change id reported: 135549675; UID 10100; state: DISABLED
10-06 14:29:43.301   533   533 D CompatibilityChangeReporter: Compat change id reported: 135549675; UID 10098; state: ENABLED
10-06 14:29:43.303   533   533 D CompatibilityChangeReporter: Compat change id reported: 135549675; UID 10097; state: ENABLED
10-06 14:29:43.306   533   533 D CompatibilityChangeReporter: Compat change id reported: 135549675; UID 10102; state: DISABLED
10-06 14:29:43.307   533   533 W PackageManager: Failed to scan /product/priv-app/CarrierServices: Package com.google.android.ims at /product/priv-app/CarrierServices ignored: updated version 30984732 better than this 30238264
10-06 14:29:43.307   533   533 W PackageManager: Failed to scan /product/priv-app/Phonesky: Package com.android.vending at /product/priv-app/Phonesky ignored: updated version 83260610 better than this 82043300
10-06 14:29:43.309   533   533 D CompatibilityChangeReporter: Compat change id reported: 135549675; UID 10103; state: DISABLED
10-06 14:29:43.313   533   533 D CompatibilityChangeReporter: Compat change id reported: 135549675; UID 10107; state: DISABLED
10-06 14:29:43.316   533   533 D CompatibilityChangeReporter: Compat change id reported: 135549675; UID 10105; state: DISABLED
10-06 14:29:43.318   533   533 D CompatibilityChangeReporter: Compat change id reported: 135549675; UID 10106; state: DISABLED
10-06 14:29:43.319   533   533 W PackageManager: Failed to scan /product/priv-app/PrebuiltGmsCore: Package com.google.android.gms at /product/priv-app/PrebuiltGmsCore ignored: updated version 223017040 better than this 201817022
10-06 14:29:43.321   533   533 W PackageManager: Failed to scan /product/priv-app/Velvet: Package com.google.android.googlequicksearchbox at /product/priv-app/Velvet ignored: updated version 301209408 better than this 301090655
10-06 14:29:43.326   533   533 W PackageManager: Failed to scan /product/app/YouTubeMusicPrebuilt: Package com.google.android.apps.youtube.music at /product/app/YouTubeMusicPrebuilt ignored: updated version 52652270 better than this 36951270
10-06 14:29:43.334   533   533 D CompatibilityChangeReporter: Compat change id reported: 135549675; UID 10110; state: DISABLED
10-06 14:29:43.349   533   533 D CompatibilityChangeReporter: Compat change id reported: 135549675; UID 10117; state: ENABLED
10-06 14:29:43.352   533   533 W PackageManager: Failed to scan /product/app/Drive: Package com.google.android.apps.docs at /product/app/Drive ignored: updated version 212873028 better than this 202220370
10-06 14:29:43.355   533   533 W PackageManager: Failed to scan /product/app/Duo: Package com.google.android.apps.tachyon at /product/app/Duo ignored: updated version 3819143 better than this 3021097
10-06 14:29:43.358   533   533 D CompatibilityChangeReporter: Compat change id reported: 135549675; UID 10114; state: ENABLED
10-06 14:29:43.360   533   533 D CompatibilityChangeReporter: Compat change id reported: 135549675; UID 10112; state: DISABLED
10-06 14:29:43.362   533   533 D CompatibilityChangeReporter: Compat change id reported: 135549675; UID 10121; state: DISABLED
10-06 14:29:43.364   533   533 W PackageManager: Failed to scan /product/app/Videos: Package com.google.android.videos at /product/app/Videos ignored: updated version 43510220 better than this 42000078
10-06 14:29:43.369   533   533 D CompatibilityChangeReporter: Compat change id reported: 135549675; UID 10116; state: ENABLED
10-06 14:29:43.375   533   533 D CompatibilityChangeReporter: Compat change id reported: 135549675; UID 10118; state: DISABLED
10-06 14:29:43.377   533   533 D CompatibilityChangeReporter: Compat change id reported: 135549675; UID 10120; state: ENABLED
10-06 14:29:43.380   533   533 D CompatibilityChangeReporter: Compat change id reported: 135549675; UID 10127; state: ENABLED
10-06 14:29:43.383   533   533 D CompatibilityChangeReporter: Compat change id reported: 135549675; UID 10122; state: ENABLED
10-06 14:29:43.385   533   533 D CompatibilityChangeReporter: Compat change id reported: 135549675; UID 10123; state: DISABLED
10-06 14:29:43.391   533   533 D CompatibilityChangeReporter: Compat change id reported: 135549675; UID 10124; state: DISABLED
10-06 14:29:43.393   533   533 D CompatibilityChangeReporter: Compat change id reported: 135549675; UID 10126; state: ENABLED
10-06 14:29:43.395   533   533 D CompatibilityChangeReporter: Compat change id reported: 135549675; UID 10128; state: DISABLED
10-06 14:29:43.402   533   533 D CompatibilityChangeReporter: Compat change id reported: 135549675; UID 10125; state: ENABLED
10-06 14:29:43.407   533   533 D CompatibilityChangeReporter: Compat change id reported: 135549675; UID 10130; state: DISABLED
10-06 14:29:43.411   533   533 D CompatibilityChangeReporter: Compat change id reported: 135549675; UID 10132; state: DISABLED
10-06 14:29:43.418   533   533 D CompatibilityChangeReporter: Compat change id reported: 135549675; UID 10129; state: DISABLED
10-06 14:29:43.424   533   533 D CompatibilityChangeReporter: Compat change id reported: 135549675; UID 10131; state: ENABLED
10-06 14:29:43.429   533   533 D CompatibilityChangeReporter: Compat change id reported: 135549675; UID 10134; state: DISABLED
10-06 14:29:43.432   533   533 D CompatibilityChangeReporter: Compat change id reported: 135549675; UID 10133; state: DISABLED
10-06 14:29:43.449   533   533 D CompatibilityChangeReporter: Compat change id reported: 135549675; UID 10136; state: ENABLED
10-06 14:29:43.452   533   533 D CompatibilityChangeReporter: Compat change id reported: 135549675; UID 10139; state: DISABLED
10-06 14:29:43.454   533   533 D CompatibilityChangeReporter: Compat change id reported: 135549675; UID 10137; state: ENABLED
10-06 14:29:43.457   533   533 D CompatibilityChangeReporter: Compat change id reported: 135549675; UID 10135; state: DISABLED
10-06 14:29:43.462   533   533 W PackageManager: Skipping provider name com.android.car.ui.CarUiInstaller (in package com.google.android.gsf): name already used by com.android.managedprovisioning
10-06 14:29:43.463   533   533 D CompatibilityChangeReporter: Compat change id reported: 135549675; UID 10108; state: ENABLED
10-06 14:29:43.468   533   533 D CompatibilityChangeReporter: Compat change id reported: 135549675; UID 10138; state: ENABLED
10-06 14:29:43.470   533   533 D CompatibilityChangeReporter: Compat change id reported: 135549675; UID 10140; state: ENABLED
10-06 14:29:43.474   533   533 D CompatibilityChangeReporter: Compat change id reported: 135549675; UID 10143; state: ENABLED
10-06 14:29:43.478   533   533 D CompatibilityChangeReporter: Compat change id reported: 135549675; UID 10141; state: ENABLED
10-06 14:29:43.481   533   533 D CompatibilityChangeReporter: Compat change id reported: 135549675; UID 10142; state: ENABLED
10-06 14:29:43.485   533   533 D CompatibilityChangeReporter: Compat change id reported: 135549675; UID 10144; state: ENABLED
10-06 14:29:43.496   533   533 D CompatibilityChangeReporter: Compat change id reported: 135549675; UID 10145; state: ENABLED
10-06 14:29:43.504   533   533 D CompatibilityChangeReporter: Compat change id reported: 135549675; UID 1073; state: DISABLED
10-06 14:29:43.511   533   533 D CompatibilityChangeReporter: Compat change id reported: 135549675; UID 10153; state: ENABLED
10-06 14:29:43.524   533   533 D CompatibilityChangeReporter: Compat change id reported: 135549675; UID 10149; state: ENABLED
10-06 14:29:43.535   533   533 D CompatibilityChangeReporter: Compat change id reported: 135549675; UID 10152; state: DISABLED
10-06 14:29:43.545   533   533 D CompatibilityChangeReporter: Compat change id reported: 135549675; UID 10147; state: ENABLED
10-06 14:29:43.551   533   533 D CompatibilityChangeReporter: Compat change id reported: 135549675; UID 10148; state: ENABLED
10-06 14:29:43.557   533   533 D CompatibilityChangeReporter: Compat change id reported: 135549675; UID 10146; state: ENABLED
10-06 14:29:43.561   533   533 D CompatibilityChangeReporter: Compat change id reported: 135549675; UID 10150; state: DISABLED
10-06 14:29:43.566   533   533 D CompatibilityChangeReporter: Compat change id reported: 135549675; UID 10151; state: DISABLED
10-06 14:29:43.587   533   533 I PackageManager: Finished scanning system apps. Time: 922 ms, packageCount: 180 , timePerPackage: 5 , cached: 210
10-06 14:29:43.612   533   533 W PackageManager: Relax SCAN_REQUIRE_KNOWN requirement for package com.google.android.googlequicksearchbox
10-06 14:29:43.627   533   533 D CompatibilityChangeReporter: Compat change id reported: 135549675; UID 10109; state: ENABLED
10-06 14:29:43.632   533   533 W android.permission.PermissionManager: Missing ActivityManager; assuming 1000 holds android.permission.READ_COMPAT_CHANGE_CONFIG
10-06 14:29:43.632   533   533 W android.permission.PermissionManager: Missing ActivityManager; assuming 1000 holds android.permission.LOG_COMPAT_CHANGE
10-06 14:29:43.633   533   533 D CompatibilityChangeReporter: Compat change id reported: 133396946; UID -1; state: ENABLED
10-06 14:29:43.636   533   533 D CompatibilityChangeReporter: Compat change id reported: 135549675; UID 10154; state: ENABLED
10-06 14:29:43.646   533   533 W android.permission.PermissionManager: Missing ActivityManager; assuming 1000 holds android.permission.READ_COMPAT_CHANGE_CONFIG
10-06 14:29:43.646   533   533 W android.permission.PermissionManager: Missing ActivityManager; assuming 1000 holds android.permission.LOG_COMPAT_CHANGE
10-06 14:29:43.648   533   533 D CompatibilityChangeReporter: Compat change id reported: 135549675; UID 10155; state: ENABLED
10-06 14:29:43.650   533   533 W PackageManager: Relax SCAN_REQUIRE_KNOWN requirement for package com.google.android.gms
10-06 14:29:43.711   533   533 W android.permission.PermissionManager: Missing ActivityManager; assuming 1000 holds android.permission.READ_COMPAT_CHANGE_CONFIG
10-06 14:29:43.721   533   533 W android.permission.PermissionManager: Missing ActivityManager; assuming 1000 holds android.permission.LOG_COMPAT_CHANGE
10-06 14:29:43.726   533   533 D CompatibilityChangeReporter: Compat change id reported: 135549675; UID 10156; state: ENABLED
10-06 14:29:43.790   533   533 W PackageManager: Relax SCAN_REQUIRE_KNOWN requirement for package com.google.android.apps.youtube.music
10-06 14:29:43.810   533   533 D CompatibilityChangeReporter: Compat change id reported: 135549675; UID 10111; state: ENABLED
10-06 14:29:43.890   533   533 W PackageManager: Relax SCAN_REQUIRE_KNOWN requirement for package com.google.android.ims
10-06 14:29:43.896   533   533 D CompatibilityChangeReporter: Compat change id reported: 135549675; UID 10101; state: ENABLED
10-06 14:29:43.915   533   533 W PackageManager: Relax SCAN_REQUIRE_KNOWN requirement for package com.google.android.videos
10-06 14:29:43.932   533   533 D CompatibilityChangeReporter: Compat change id reported: 135549675; UID 10119; state: ENABLED
10-06 14:29:43.956   533   533 W PackageManager: Relax SCAN_REQUIRE_KNOWN requirement for package com.google.android.apps.docs
10-06 14:29:43.964   533   533 D CompatibilityChangeReporter: Compat change id reported: 135549675; UID 10115; state: ENABLED
10-06 14:29:43.983   533   533 W android.permission.PermissionManager: Missing ActivityManager; assuming 1000 holds android.permission.READ_COMPAT_CHANGE_CONFIG
10-06 14:29:43.983   533   533 W android.permission.PermissionManager: Missing ActivityManager; assuming 1000 holds android.permission.LOG_COMPAT_CHANGE
10-06 14:29:43.985   533   533 D CompatibilityChangeReporter: Compat change id reported: 135549675; UID 10157; state: ENABLED
10-06 14:29:43.992   533   588 W PackageParsing: Unknown element under <manifest>: uses-sdk at /data/app/~~CGzCgBLX4qscKKiMwCcpMg==/com.android.vending-DXYdnWIJ-P895p8GRy98Jg==/base.apk Binary XML file line #9
10-06 14:29:43.993   533   588 W PackageParsing: Unknown element under <manifest>: module at /data/app/~~CGzCgBLX4qscKKiMwCcpMg==/com.android.vending-DXYdnWIJ-P895p8GRy98Jg==/base.apk Binary XML file line #11
10-06 14:29:44.028   533   533 W PackageManager: Relax SCAN_REQUIRE_KNOWN requirement for package com.android.vending
10-06 14:29:44.039   533   533 D CompatibilityChangeReporter: Compat change id reported: 135549675; UID 10104; state: ENABLED
10-06 14:29:44.061   533   587 W PackageParsing: Unknown element under <application>: uses-native-library at /data/app/~~FGkUmBDxZjpFXuPyvYt9_A==/com.google.android.apps.tachyon-aeeev6W7kpaszZxXCNqU1Q==/base.apk Binary XML file line #1607
10-06 14:29:44.061   533   587 W PackageParsing: Unknown element under <application>: uses-native-library at /data/app/~~FGkUmBDxZjpFXuPyvYt9_A==/com.google.android.apps.tachyon-aeeev6W7kpaszZxXCNqU1Q==/base.apk Binary XML file line #1610
10-06 14:29:44.061   533   587 W PackageParsing: Unknown element under <application>: uses-native-library at /data/app/~~FGkUmBDxZjpFXuPyvYt9_A==/com.google.android.apps.tachyon-aeeev6W7kpaszZxXCNqU1Q==/base.apk Binary XML file line #1613
10-06 14:29:44.061   533   587 W PackageParsing: Unknown element under <application>: uses-native-library at /data/app/~~FGkUmBDxZjpFXuPyvYt9_A==/com.google.android.apps.tachyon-aeeev6W7kpaszZxXCNqU1Q==/base.apk Binary XML file line #1617
10-06 14:29:44.061   533   587 W PackageParsing: Unknown element under <application>: uses-native-library at /data/app/~~FGkUmBDxZjpFXuPyvYt9_A==/com.google.android.apps.tachyon-aeeev6W7kpaszZxXCNqU1Q==/base.apk Binary XML file line #1620
10-06 14:29:44.104   533   533 W PackageManager: Relax SCAN_REQUIRE_KNOWN requirement for package com.google.android.apps.tachyon
10-06 14:29:44.111   533   533 D CompatibilityChangeReporter: Compat change id reported: 135549675; UID 10113; state: ENABLED
10-06 14:29:44.115   533   533 I PackageManager: Finished scanning non-system apps. Time: 529 ms, packageCount: 12 , timePerPackage: 44 , cached: 4
10-06 14:29:44.127   533   533 E PackageManager: Shared lib without setting: SharedLibraryInfo{name:com.google.android.trichromelibrary, type:static, version:410410681}
10-06 14:29:44.131   533   533 E PackageManager: Shared lib without setting: SharedLibraryInfo{name:com.google.android.trichromelibrary, type:static, version:410410681}
10-06 14:29:44.139   533   533 I PackageManager: Time to scan packages: 1.475 seconds
10-06 14:29:44.140   533   533 I PackageManager: Permission ownership changed. Updating all permissions.
10-06 14:29:44.175   533   533 V PackageManager: reconcileAppsData for null u0 0x1 migrateAppData=true
10-06 14:29:44.241   533   533 V PackageManager: reconcileAppsData finished 22 packages
10-06 14:29:44.241   533   533 I PackageManagerTiming: write settings
10-06 14:29:44.241   533   593 I SystemServerTimingAsync: InitThreadPoolExec:prepareAppData
10-06 14:29:44.364   533   533 I PackageManagerTiming: GC
10-06 14:29:44.461   533   533 V UserManagerService: Checking that all system packages are whitelisted.
10-06 14:29:44.461   533   533 W UserManagerService: checkWhitelistedSystemPackages(mode=ENFORCE|IMPLICIT_WHITELIST|IMPLICIT_WHITELIST_SYSTEM) has 2 warnings:
10-06 14:29:44.461   533   533 W UserManagerService: com.android.wallpapercropper is whitelisted but not present.
10-06 14:29:44.462   533   533 W UserManagerService: com.android.wallpaperpicker is whitelisted but not present.
10-06 14:29:44.471   533   533 I Watchdog: Resuming HandlerChecker: main thread for reason: packagemanagermain. Pause count: 0
10-06 14:29:44.472   533   533 I SystemServerDexLoadReporter: Configuring system server dex reporter
10-06 14:29:44.480   533   533 I SystemServerTiming: StartOtaDexOptService
10-06 14:29:44.481   533   533 I Watchdog: Pausing HandlerChecker: main thread for reason: moveab. Pause count: 1
10-06 14:29:44.483   533   533 D OTADexopt: No upgrade, skipping A/B artifacts check.
10-06 14:29:44.483   533   533 I Watchdog: Resuming HandlerChecker: main thread for reason: moveab. Pause count: 0
10-06 14:29:44.483   533   533 I SystemServerTiming: StartUserManagerService
10-06 14:29:44.484   533   533 I SystemServiceManager: Starting com.android.server.pm.UserManagerService$LifeCycle
10-06 14:29:44.486   533   533 I SystemServerTiming: InitAttributerCache
10-06 14:29:44.524   533   533 I SystemServerTiming: SetSystemProcess
10-06 14:29:44.547   533   547 E HistoricalRegistry: Interaction before persistence initialized
10-06 14:29:44.548   533   546 E HistoricalRegistry: Interaction before persistence initialized
10-06 14:29:44.554   533   568 I ActivityManager: Connection with lmkd established
10-06 14:29:44.571   533   533 I SystemServerTiming: InitWatchdog
10-06 14:29:44.598   533   533 I SystemServerTiming: StartOverlayManagerService
10-06 14:29:45.090   533   533 I SystemServerTiming: StartSensorPrivacyService
10-06 14:29:45.094   533   533 I SystemServerTiming: startCoreServices
10-06 14:29:45.094   533   533 I SystemServerTiming: StartSystemConfigService
10-06 14:29:45.094   533   533 I SystemServiceManager: Starting com.android.server.SystemConfigService
10-06 14:29:45.095   533   602 I SystemServerTimingAsync: InitThreadPoolExec:StartSensorService
10-06 14:29:45.095   533   602 I SystemServerTimingAsync: StartSensorService
10-06 14:29:45.098   533   533 I SystemServerTiming: StartBatteryService
10-06 14:29:45.098   533   533 I SystemServiceManager: Starting com.android.server.BatteryService
10-06 14:29:45.121   533   602 E HistoricalRegistry: Interaction before persistence initialized
10-06 14:29:45.125   533   572 E KernelCpuSpeedReader: Failed to read cpu-freq: /sys/devices/system/cpu/cpu1/cpufreq/stats/time_in_state: open failed: ENOENT (No such file or directory)
10-06 14:29:45.125   533   572 E KernelCpuSpeedReader: Failed to read cpu-freq: /sys/devices/system/cpu/cpu0/cpufreq/stats/time_in_state: open failed: ENOENT (No such file or directory)
10-06 14:29:45.133   533   533 I HealthServiceWrapper: health: HealthServiceWrapper listening to instance default
10-06 14:29:45.133   533   533 I BatteryService: health: Waited 0ms and received the update.
10-06 14:29:45.134   533   533 I SystemServerTiming: StartUsageService
10-06 14:29:45.134   533   533 I SystemServiceManager: Starting com.android.server.usage.UsageStatsService
10-06 14:29:45.142   533   572 I BatteryStatsImpl: Resetting battery stats: level=100 status=4 dischargeLevel=100 lowAmount=0 highAmount=0
10-06 14:29:45.154   533   533 I SystemServerTiming: StartWebViewUpdateService
10-06 14:29:45.154   533   533 I SystemServiceManager: Starting com.android.server.webkit.WebViewUpdateService
10-06 14:29:45.161   533   533 I SystemServerTiming: StartCachedDeviceStateService
10-06 14:29:45.161   533   533 I SystemServiceManager: Starting com.android.server.CachedDeviceStateService
10-06 14:29:45.162   533   533 I SystemServerTiming: StartBinderCallsStatsService
10-06 14:29:45.162   533   533 I SystemServiceManager: Starting com.android.server.BinderCallsStatsService$LifeCycle
10-06 14:29:45.162   533   533 I SystemServerTiming: StartLooperStatsService
10-06 14:29:45.163   533   533 I SystemServiceManager: Starting com.android.server.LooperStatsService$Lifecycle
10-06 14:29:45.175   533   533 I SystemServerTiming: StartRollbackManagerService
10-06 14:29:45.176   533   533 I SystemServiceManager: Starting com.android.server.rollback.RollbackManagerService
10-06 14:29:45.185   533   572 E KernelCpuSpeedReader: Failed to read cpu-freq: /sys/devices/system/cpu/cpu0/cpufreq/stats/time_in_state: open failed: ENOENT (No such file or directory)
10-06 14:29:45.185   533   572 E KernelCpuSpeedReader: Failed to read cpu-freq: /sys/devices/system/cpu/cpu1/cpufreq/stats/time_in_state: open failed: ENOENT (No such file or directory)
10-06 14:29:45.186   533   533 I PackageWatchdog: Syncing state, reason: added new observer
10-06 14:29:45.186   533   533 I PackageWatchdog: Not pruning observers, elapsed time: 0ms
10-06 14:29:45.186   533   533 I PackageWatchdog: Cancelling state sync, nothing to sync
10-06 14:29:45.195   533   533 I SystemServerTiming: StartBugreportManagerService
10-06 14:29:45.195   533   533 I SystemServiceManager: Starting com.android.server.os.BugreportManagerService
10-06 14:29:45.195   533   533 I SystemServerTiming: GpuService
10-06 14:29:45.195   533   533 I SystemServiceManager: Starting com.android.server.gpu.GpuService
10-06 14:29:45.196   533   533 I SystemServerTiming: startOtherServices
10-06 14:29:45.197   533   533 I SystemServerTiming: StartKeyAttestationApplicationIdProviderService
10-06 14:29:45.199   533   533 I SystemServerTiming: StartKeyChainSystemService
10-06 14:29:45.199   533   533 I SystemServiceManager: Starting com.android.server.security.KeyChainSystemService
10-06 14:29:45.199   533   533 I SystemServerTiming: StartSchedulingPolicyService
10-06 14:29:45.200   533   613 I SystemServerTimingAsync: InitThreadPoolExec:SecondaryZygotePreload
10-06 14:29:45.200   533   613 I SystemServer: SecondaryZygotePreload
10-06 14:29:45.200   533   613 I SystemServerTimingAsync: SecondaryZygotePreload
10-06 14:29:45.200   533   572 E KernelCpuSpeedReader: Failed to read cpu-freq: /sys/devices/system/cpu/cpu0/cpufreq/stats/time_in_state: open failed: ENOENT (No such file or directory)
10-06 14:29:45.200   533   572 E KernelCpuSpeedReader: Failed to read cpu-freq: /sys/devices/system/cpu/cpu1/cpufreq/stats/time_in_state: open failed: ENOENT (No such file or directory)
10-06 14:29:45.204   533   533 I SystemServerTiming: StartTelecomLoaderService
10-06 14:29:45.204   533   533 I SystemServiceManager: Starting com.android.server.telecom.TelecomLoaderService
10-06 14:29:45.205   533   533 I SystemServerTiming: StartTelephonyRegistry
10-06 14:29:45.211   533   613 E SystemServer: Unable to preload default resources
10-06 14:29:45.212   533   558 I SystemServerTimingAsync: InitThreadPoolExec:SchedulingPolicyService.<init>
10-06 14:29:45.218   533   533 I SystemServerTiming: StartEntropyMixer
10-06 14:29:45.233   533   565 I PackageWatchdog: Saving observer state to file
10-06 14:29:45.237   533   533 I EntropyMixer: Added HW RNG output to entropy pool
10-06 14:29:45.237   533   533 I EntropyMixer: Writing entropy...
10-06 14:29:45.250   533   533 I SystemServerTiming: StartAccountManagerService
10-06 14:29:45.250   533   533 I SystemServiceManager: Starting com.android.server.accounts.AccountManagerService$Lifecycle
10-06 14:29:45.257   533   533 I SystemServerTiming: StartContentService
10-06 14:29:45.257   533   533 I SystemServiceManager: Starting com.android.server.content.ContentService$Lifecycle
10-06 14:29:45.263   533   533 I SystemServerTiming: InstallSystemProviders
10-06 14:29:45.306   533   593 I PackageManager: Deferred reconcileAppsData finished 170 packages
10-06 14:29:45.343   533   533 I SystemServerTiming: StartDropBoxManager
10-06 14:29:45.343   533   533 I SystemServiceManager: Starting com.android.server.DropBoxManagerService
10-06 14:29:45.344   533   533 I SystemServerTiming: StartVibratorService
10-06 14:29:45.352   533   533 I SystemServerTiming: StartDynamicSystemService
10-06 14:29:45.354   533   533 I SystemServerTiming: StartConsumerIrService
10-06 14:29:45.356   533   533 I SystemServerTiming: StartAlarmManagerService
10-06 14:29:45.402   533   533 E HistoricalRegistry: Interaction before persistence initialized
10-06 14:29:45.405   533   533 I SystemServerTiming: StartInputManagerService
10-06 14:29:45.412   533   533 I InputManager: Initializing input manager, mUseDevInputEventForAudioJack=true
10-06 14:29:45.418   533   533 I SystemServerTiming: StartWindowManagerService
10-06 14:29:45.428   533   554 I WindowManager: No existing display settings, starting empty
10-06 14:29:45.448   533   533 I SystemServerTiming: SetWindowManagerService
10-06 14:29:45.486   533   533 I ActivityTaskManager: Loaded persisted task ids for user 0
10-06 14:29:45.493   533   533 I SystemServerTiming: WindowManagerServiceOnInitReady
10-06 14:29:45.618   533   552 W Looper  : Slow dispatch took 123ms android.ui h=android.os.Handler c=android.os.Handler$BlockingRunnable@2976812 m=0
10-06 14:29:45.618   533   533 I SystemServerTiming: StartInputManager
10-06 14:29:45.618   533   533 I InputManager: Starting input manager
10-06 14:29:45.618   533   602 I SystemServerTimingAsync: InitThreadPoolExec:StartHidlServices
10-06 14:29:45.618   533   602 I SystemServerTimingAsync: StartHidlServices
10-06 14:29:45.625   533   533 I SystemServerTiming: DisplayManagerWindowManagerAndInputReady
10-06 14:29:45.625   533   533 I SystemServerTiming: StartBluetoothService
10-06 14:29:45.625   533   533 I SystemServiceManager: Starting com.android.server.BluetoothService
10-06 14:29:45.643   533   533 D BluetoothManagerService: Loading stored name and address
10-06 14:29:45.643   533   533 D BluetoothManagerService: Stored bluetooth Name=sdk_gphone_x86,Address=3C:5A:B4:01:02:03
10-06 14:29:45.643   533   533 D BluetoothManagerService: Bluetooth persisted state: 1
10-06 14:29:45.643   533   533 D BluetoothManagerService: Startup: Bluetooth persisted state is ON.
10-06 14:29:45.643   533   533 D BluetoothManagerService: Detected SystemUiUid: 10144
10-06 14:29:45.643   533   533 I SystemServerTiming: IpConnectivityMetrics
10-06 14:29:45.643   533   533 I SystemServiceManager: Starting com.android.server.connectivity.IpConnectivityMetrics
10-06 14:29:45.655   533   533 I SystemServerTiming: NetworkWatchlistService
10-06 14:29:45.655   533   533 I SystemServiceManager: Starting com.android.server.net.watchlist.NetworkWatchlistService$Lifecycle
10-06 14:29:45.671   533   533 I WatchlistSettings: Reload watchlist settings done
10-06 14:29:45.672   533   623 I WatchlistLoggingHandler: Start aggregating watchlist records.
10-06 14:29:45.673   533   533 I SystemServerTiming: PinnerService
10-06 14:29:45.673   533   533 I SystemServiceManager: Starting com.android.server.PinnerService
10-06 14:29:45.683   533   533 E HistoricalRegistry: Interaction before persistence initialized
10-06 14:29:45.690   533   533 I SystemServerTiming: IorapForwardingService
10-06 14:29:45.690   533   533 I SystemServiceManager: Starting com.google.android.startop.iorap.IorapForwardingService
10-06 14:29:45.700   533   533 I SystemServerTiming: SignedConfigService
10-06 14:29:45.701   533   533 I SystemServerTiming: AppIntegrityService
10-06 14:29:45.701   533   533 I SystemServiceManager: Starting com.android.server.integrity.AppIntegrityManagerService
10-06 14:29:45.702   533   566 I DropBoxManagerService: add tag=system_server_wtf isTagEnabled=true flags=0x2
10-06 14:29:45.725   533   533 E IntegrityFileManager: Error creating staging and rules directory
10-06 14:29:45.745   533   533 I WindowManager: SAFE MODE not enabled
10-06 14:29:45.746   533   533 I SystemServerTiming: StartInputMethodManagerLifecycle
10-06 14:29:45.746   533   533 I SystemServiceManager: Starting com.android.server.inputmethod.InputMethodManagerService$Lifecycle
10-06 14:29:45.757   533   533 I SystemServerTiming: StartAccessibilityManagerService
10-06 14:29:45.757   533   533 I SystemServiceManager: Starting com.android.server.accessibility.AccessibilityManagerService$Lifecycle
10-06 14:29:45.780   533   533 I SystemServerTiming: MakeDisplayReady
10-06 14:29:45.806   533   533 I ActivityTaskManager: Config changes=20005df8 {1.0 ?mcc?mnc [en_US] ldltr sw411dp w411dp h659dp 420dpi nrml port ?uimode ?night -touch qwerty/v/v dpad/v winConfig={ mBounds=Rect(0, 0 - 1080, 1920) mAppBounds=Rect(0, 0 - 1080, 1794) mWindowingMode=fullscreen mDisplayWindowingMode=fullscreen mActivityType=undefined mAlwaysOnTop=undefined mRotation=ROTATION_0} s.2}
10-06 14:29:45.863   425   425 W iorapd  : Tracing disabled by system property
10-06 14:29:45.863   425   425 W iorapd  : Readahead disabled by system property
10-06 14:29:45.868   425   425 W iorapd  : Reconnect to package manager service: 1 times
10-06 14:29:45.912   630   630 D iorap.prefetcherd: Installing minijail
10-06 14:29:45.915   533   533 I WindowManager: Override config changes=60007dfc {1.0 ?mcc?mnc [en_US] ldltr sw411dp w411dp h659dp 420dpi nrml port ?uimode ?night -touch qwerty/v/v dpad/v winConfig={ mBounds=Rect(0, 0 - 1080, 1920) mAppBounds=Rect(0, 0 - 1080, 1794) mWindowingMode=fullscreen mDisplayWindowingMode=fullscreen mActivityType=undefined mAlwaysOnTop=undefined mRotation=ROTATION_0} s.2} for displayId=0
10-06 14:29:45.917   630   630 W iorap.prefetcherd: No seccomp filter defined for this architecture.
10-06 14:29:45.925   533   533 I ActivityTaskManager: Config changes=8 {1.0 ?mcc?mnc [en_US] ldltr sw411dp w411dp h659dp 420dpi nrml port ?uimode ?night finger qwerty/v/v dpad/v winConfig={ mBounds=Rect(0, 0 - 1080, 1920) mAppBounds=Rect(0, 0 - 1080, 1794) mWindowingMode=fullscreen mDisplayWindowingMode=fullscreen mActivityType=undefined mAlwaysOnTop=undefined mRotation=ROTATION_0} s.4}
10-06 14:29:45.931   533   533 I WindowManager: Override config changes=8 {1.0 ?mcc?mnc [en_US] ldltr sw411dp w411dp h659dp 420dpi nrml port ?uimode ?night finger qwerty/v/v dpad/v winConfig={ mBounds=Rect(0, 0 - 1080, 1920) mAppBounds=Rect(0, 0 - 1080, 1794) mWindowingMode=fullscreen mDisplayWindowingMode=fullscreen mActivityType=undefined mAlwaysOnTop=undefined mRotation=ROTATION_0} s.4} for displayId=0
10-06 14:29:45.936   533   533 I SystemServerTiming: StartStorageManagerService
10-06 14:29:45.936   533   533 I SystemServiceManager: Starting com.android.server.StorageManagerService$Lifecycle
10-06 14:29:45.963   533   633 D StorageManagerService: Thinking about init, mBootCompleted=false, mDaemonConnected=true
10-06 14:29:45.963   533   633 D StorageManagerService: Thinking about reset, mBootCompleted=false, mDaemonConnected=true
10-06 14:29:45.964   533   633 D StorageManagerService: Thinking about init, mBootCompleted=false, mDaemonConnected=true
10-06 14:29:45.965   533   633 D StorageManagerService: Thinking about reset, mBootCompleted=false, mDaemonConnected=true
10-06 14:29:45.970   533   533 I SystemServerTiming: StartStorageStatsService
10-06 14:29:45.971   533   533 I SystemServiceManager: Starting com.android.server.usage.StorageStatsService$Lifecycle
10-06 14:29:45.984   533   533 I SystemServerTiming: StartUiModeManager
10-06 14:29:45.984   533   533 I SystemServiceManager: Starting com.android.server.UiModeManagerService
10-06 14:29:45.985   533   613 I SystemServerTimingAsync: InitThreadPoolExec:UiModeManager.onStart
10-06 14:29:45.986   533   533 I SystemServerTiming: UpdatePackagesIfNeeded
10-06 14:29:45.986   533   533 I Watchdog: Pausing HandlerChecker: main thread for reason: dexopt. Pause count: 1
10-06 14:29:45.987   533   533 I Watchdog: Resuming HandlerChecker: main thread for reason: dexopt. Pause count: 0
10-06 14:29:45.987   533   533 I SystemServerTiming: PerformFstrimIfNeeded
10-06 14:29:45.987   533   533 W PackageManager: No disk maintenance in 263821987; running immediately
10-06 14:29:45.988   533   533 I SystemServerTiming: StartLockSettingsService
10-06 14:29:45.988   533   533 I SystemServiceManager: Starting com.android.server.locksettings.LockSettingsService$Lifecycle
10-06 14:29:45.988   533   633 I StorageManagerService: Running fstrim idle maintenance
10-06 14:29:45.996   181   635 D vold    : Starting trim of /data
10-06 14:29:45.997   181   635 W vold    : Trim failed on /data: Operation not supported on transport endpoint
10-06 14:29:45.997   181   635 D vold    : Starting trim of /metadata
10-06 14:29:45.997   181   635 W vold    : Trim failed on /metadata: Operation not supported on transport endpoint
10-06 14:29:45.997   181   635 D vold    : Starting trim of none
10-06 14:29:45.997   181   635 W vold    : Failed to open none: No such file or directory
10-06 14:29:46.035   533   533 I SystemServerTiming: StartTestHarnessMode
10-06 14:29:46.035   533   533 I SystemServiceManager: Starting com.android.server.testharness.TestHarnessModeService
10-06 14:29:46.047   533   533 I OemLock : OemLock HAL not present on device
10-06 14:29:46.047   533   533 I SystemServerTiming: StartDeviceIdleController
10-06 14:29:46.050   533   533 I SystemServiceManager: Starting com.android.server.DeviceIdleController
10-06 14:29:46.055   533   533 I SystemServerTiming: StartDevicePolicyManager
10-06 14:29:46.055   533   533 I SystemServiceManager: Starting com.android.server.devicepolicy.DevicePolicyManagerService$Lifecycle
10-06 14:29:46.237   533   533 I DevicePolicyManager: Set ro.organization_owned property to false
10-06 14:29:46.243   533   533 I SystemServerTiming: StartStatusBarManagerService
10-06 14:29:46.247   533   533 I SystemServerTiming: StartContentCaptureService
10-06 14:29:46.261   533   533 I SystemServiceManager: Starting com.android.server.contentcapture.ContentCaptureManagerService
10-06 14:29:46.270   533   533 D SystemServer: AttentionService is not configured on this device
10-06 14:29:46.270   533   533 I SystemServerTiming: StartSystemCaptionsManagerService
10-06 14:29:46.270   533   533 I SystemServiceManager: Starting com.android.server.systemcaptions.SystemCaptionsManagerService
10-06 14:29:46.271   533   533 I SystemServerTiming: StartAppPredictionService
10-06 14:29:46.273   533   533 I SystemServiceManager: Starting com.android.server.appprediction.AppPredictionManagerService
10-06 14:29:46.274   533   533 I SystemServerTiming: StartContentSuggestionsService
10-06 14:29:46.276   533   533 I SystemServiceManager: Starting com.android.server.contentsuggestions.ContentSuggestionsManagerService
10-06 14:29:46.276   533   533 I SystemServerTiming: InitConnectivityModuleConnector
10-06 14:29:46.276   533   533 D ConnectivityModuleConnector: Network stack init
10-06 14:29:46.289   533   533 I SystemServerTiming: InitNetworkStackClient
10-06 14:29:46.293   533   533 I SystemServerTiming: StartNetworkManagementService
10-06 14:29:46.333   533   533 I SystemServerTiming: StartIpSecService
10-06 14:29:46.335   533   533 I SystemServerTiming: StartTextServicesManager
10-06 14:29:46.335   533   533 I SystemServiceManager: Starting com.android.server.textservices.TextServicesManagerService$Lifecycle
10-06 14:29:46.337   533   533 I SystemServerTiming: StartTextClassificationManagerService
10-06 14:29:46.338   533   533 I SystemServiceManager: Starting com.android.server.textclassifier.TextClassificationManagerService$Lifecycle
10-06 14:29:46.340   533   533 I SystemServerTiming: StartNetworkScoreService
10-06 14:29:46.341   533   533 I SystemServiceManager: Starting com.android.server.NetworkScoreService$Lifecycle
10-06 14:29:46.343   533   533 I SystemServerTiming: StartNetworkStatsService
10-06 14:29:46.347   533   533 I SystemServerTiming: StartNetworkPolicyManagerService
10-06 14:29:46.363   533   533 I SystemServerTiming: StartWifi
10-06 14:29:46.432   533   533 I SystemServiceManager: Starting com.android.server.wifi.WifiService
10-06 14:29:46.706   533   566 I DropBoxManagerService: add tag=system_server_wtf isTagEnabled=true flags=0x2
10-06 14:29:46.873   425   425 I iorapd  : iorapd (the prefetchening) readied up
10-06 14:29:46.908   533   533 E HistoricalRegistry: Interaction before persistence initialized
10-06 14:29:46.957   533   533 I SystemServerTiming: StartWifiScanning
10-06 14:29:46.957   533   533 I SystemServiceManager: Starting com.android.server.wifi.scanner.WifiScanningService
10-06 14:29:46.966   533   533 I SystemServerTiming: StartWifiP2P
10-06 14:29:46.966   533   533 I SystemServiceManager: Starting com.android.server.wifi.p2p.WifiP2pService
10-06 14:29:47.003   533   533 I SystemServerTiming: StartConnectivityService
10-06 14:29:47.058   533   533 D ConnectivityService: ConnectivityService starting up
10-06 14:29:47.065   533   533 D ConnectivityService: wifiOnly=false
10-06 14:29:47.080   533   533 I SystemServerTiming: StartNsdService
10-06 14:29:47.086   533   533 D NsdService: Network service discovery is enabled
10-06 14:29:47.090   533   533 I SystemServerTiming: StartSystemUpdateManagerService
10-06 14:29:47.090   533   533 I SystemUpdateManagerService: No existing info file /data/system/system-update-info.xml
10-06 14:29:47.091   533   533 I SystemServerTiming: StartUpdateLockService
10-06 14:29:47.092   533   533 I SystemServerTiming: StartNotificationManager
10-06 14:29:47.092   533   533 I SystemServiceManager: Starting com.android.server.notification.NotificationManagerService
10-06 14:29:47.158   533   533 D ConditionProviders.SCP: new ScheduleConditionProvider()
10-06 14:29:47.178   533   533 I NotificationListeners: Read notification listener permissions from xml
10-06 14:29:47.179   533   533 I NotificationAssistants: Read notification assistant permissions from xml
10-06 14:29:47.179   533   533 I ConditionProviders: Read condition provider permissions from xml
10-06 14:29:47.179   533   533 I ConditionProviders: Read condition provider permissions from xml
10-06 14:29:47.179   533   533 D NotificationAssistants: Approving default notification assistant for user 0
10-06 14:29:47.179   533   533 I ConditionProviders:  Allowing condition provider com.google.android.ext.services/android.ext.services.notification.Assistant
10-06 14:29:47.180   533   533 V ConditionProviders: enabling condition provider for 0: ComponentInfo{com.google.android.apps.wellbeing/com.google.android.apps.wellbeing.dnd.impl.DndConditionProviderService}
10-06 14:29:47.180   533   533 V ConditionProviders: binding: Intent { act=android.service.notification.ConditionProviderService cmp=com.google.android.apps.wellbeing/.dnd.impl.DndConditionProviderService (has extras) }
10-06 14:29:47.194   533   533 W SystemServiceManager: Service com.android.server.notification.NotificationManagerService took 53 ms in onStart
10-06 14:29:47.207   533   533 I SystemServerTiming: StartDeviceMonitor
10-06 14:29:47.207   533   533 I SystemServiceManager: Starting com.android.server.storage.DeviceStorageMonitorService
10-06 14:29:47.210   533   533 I SystemServerTiming: StartLocationManagerService
10-06 14:29:47.210   533   533 I SystemServiceManager: Starting com.android.server.location.LocationManagerService$Lifecycle
10-06 14:29:47.222   533   533 I SystemServerTiming: StartCountryDetectorService
10-06 14:29:47.222   533   533 I SystemServerTiming: StartTimeDetectorService
10-06 14:29:47.222   533   533 I SystemServiceManager: Starting com.android.server.timedetector.TimeDetectorService$Lifecycle
10-06 14:29:47.224   533   533 I SystemServerTiming: StartTimeZoneDetectorService
10-06 14:29:47.224   533   533 I SystemServiceManager: Starting com.android.server.timezonedetector.TimeZoneDetectorService$Lifecycle
10-06 14:29:47.225   533   533 I SystemServerTiming: StartSearchManagerService
10-06 14:29:47.225   533   533 I SystemServiceManager: Starting com.android.server.search.SearchManagerService$Lifecycle
10-06 14:29:47.227   533   533 I SystemServerTiming: StartWallpaperManagerService
10-06 14:29:47.227   533   533 I SystemServiceManager: Starting com.android.server.wallpaper.WallpaperManagerService$Lifecycle
10-06 14:29:47.228   533   533 I SystemServerTiming: StartAudioService
10-06 14:29:47.228   533   533 I SystemServiceManager: Starting com.android.server.audio.AudioService$Lifecycle
10-06 14:29:47.541   533   533 I SystemServerTiming: StartSoundTriggerMiddlewareService
10-06 14:29:47.541   533   533 I SystemServiceManager: Starting com.android.server.soundtrigger_middleware.SoundTriggerMiddlewareService$Lifecycle
10-06 14:29:47.568   533   533 I SystemServerTiming: StartDockObserver
10-06 14:29:47.568   533   533 I SystemServiceManager: Starting com.android.server.DockObserver
10-06 14:29:47.569   533   533 W DockObserver: This kernel does not have dock station support
10-06 14:29:47.572   533   533 I SystemServerTiming: StartWiredAccessoryManager
10-06 14:29:47.578   533   533 W WiredAccessoryManager: This kernel does not have usb audio support
10-06 14:29:47.578   533   533 W WiredAccessoryManager: This kernel does not have HDMI audio support
10-06 14:29:47.578   533   533 I SystemServerTiming: StartMidiManager
10-06 14:29:47.578   533   533 I SystemServiceManager: Starting com.android.server.midi.MidiService$Lifecycle
10-06 14:29:47.579   533   533 I SystemServerTiming: StartAdbService
10-06 14:29:47.579   533   533 I SystemServiceManager: Starting com.android.server.adb.AdbService$Lifecycle
10-06 14:29:47.583   533   533 I SystemServerTiming: StartUsbService
10-06 14:29:47.583   533   533 I SystemServiceManager: Starting com.android.server.usb.UsbService$Lifecycle
10-06 14:29:47.583   533   533 I SystemServerTiming: StartSerialService
10-06 14:29:47.583   533   558 I SystemServerTimingAsync: InitThreadPoolExec:UsbService$Lifecycle#onStart
10-06 14:29:47.585   533   533 I SystemServerTiming: StartHardwarePropertiesManagerService
10-06 14:29:47.593   533   558 E UsbDeviceManager: failed to write to /sys/class/android_usb/android0/f_rndis/ethaddr
10-06 14:29:47.594   533   533 I SystemServerTiming: StartTwilightService
10-06 14:29:47.594   533   533 I SystemServiceManager: Starting com.android.server.twilight.TwilightService
10-06 14:29:47.594   533   533 I SystemServerTiming: StartColorDisplay
10-06 14:29:47.594   533   533 I SystemServiceManager: Starting com.android.server.display.color.ColorDisplayService
10-06 14:29:47.602   533   533 I SystemServerTiming: StartJobScheduler
10-06 14:29:47.610   533   533 I SystemServiceManager: Starting com.android.server.job.JobSchedulerService
10-06 14:29:47.617   533   558 I UsbDeviceManager: USB GADGET HAL not present in the device
10-06 14:29:47.617   533   558 I UsbDeviceManager: java.util.NoSuchElementException
10-06 14:29:47.617   533   558 I UsbDeviceManager: 	at android.os.HwBinder.getService(Native Method)
10-06 14:29:47.617   533   558 I UsbDeviceManager: 	at android.hardware.usb.gadget.V1_0.IUsbGadget.getService(IUsbGadget.java:55)
10-06 14:29:47.617   533   558 I UsbDeviceManager: 	at android.hardware.usb.gadget.V1_0.IUsbGadget.getService(IUsbGadget.java:62)
10-06 14:29:47.617   533   558 I UsbDeviceManager: 	at com.android.server.usb.UsbDeviceManager.<init>(UsbDeviceManager.java:265)
10-06 14:29:47.617   533   558 I UsbDeviceManager: 	at com.android.server.usb.UsbService.<init>(UsbService.java:178)
10-06 14:29:47.617   533   558 I UsbDeviceManager: 	at com.android.server.usb.UsbService$Lifecycle.lambda$onStart$0$UsbService$Lifecycle(UsbService.java:92)
10-06 14:29:47.617   533   558 I UsbDeviceManager: 	at com.android.server.usb.-$$Lambda$UsbService$Lifecycle$KjOG0MXO3C0J-L5Ymrj6FnSwXwQ.run(Unknown Source:2)
10-06 14:29:47.617   533   558 I UsbDeviceManager: 	at com.android.server.SystemServerInitThreadPool.lambda$submitTask$0$SystemServerInitThreadPool(SystemServerInitThreadPool.java:103)
10-06 14:29:47.617   533   558 I UsbDeviceManager: 	at com.android.server.-$$Lambda$SystemServerInitThreadPool$o2_GLo0lnkotYmRdTfg66UETEwQ.run(Unknown Source:6)
10-06 14:29:47.617   533   558 I UsbDeviceManager: 	at java.util.concurrent.Executors$RunnableAdapter.call(Executors.java:462)
10-06 14:29:47.617   533   558 I UsbDeviceManager: 	at java.util.concurrent.FutureTask.run(FutureTask.java:266)
10-06 14:29:47.617   533   558 I UsbDeviceManager: 	at java.util.concurrent.ThreadPoolExecutor.runWorker(ThreadPoolExecutor.java:1167)
10-06 14:29:47.617   533   558 I UsbDeviceManager: 	at java.util.concurrent.ThreadPoolExecutor$Worker.run(ThreadPoolExecutor.java:641)
10-06 14:29:47.617   533   558 I UsbDeviceManager: 	at com.android.internal.util.ConcurrentUtils$1$1.run(ConcurrentUtils.java:65)
10-06 14:29:47.618   533   558 E UsbDeviceManager: Failed to open control for mtp
10-06 14:29:47.618   533   558 E UsbDeviceManager: Failed to open control for ptp
10-06 14:29:47.629   533   533 D JobStore: Start tag: job-info
10-06 14:29:47.647   533   558 W StorageManagerService: No primary storage defined yet; hacking together a stub
10-06 14:29:47.658   533   626 I UsbPortManager: Usb hal service started android.hardware.usb@1.0::IUsb default
10-06 14:29:47.675   533   533 I JobStore: Read 76 jobs
10-06 14:29:47.708   533   650 D ConnectivityService: NetReassign [no changes]
10-06 14:29:47.719   533   533 E HistoricalRegistry: Interaction before persistence initialized
10-06 14:29:47.724   533   533 I SystemServerTiming: StartSoundTrigger
10-06 14:29:47.725   533   533 I SystemServiceManager: Starting com.android.server.soundtrigger.SoundTriggerService
10-06 14:29:47.729   533   533 I SystemServerTiming: StartTrustManager
10-06 14:29:47.729   533   533 I SystemServiceManager: Starting com.android.server.trust.TrustManagerService
10-06 14:29:47.733   533   533 I SystemServerTiming: StartBackupManager
