10-06 14:29:55.443   533   656 W ActivityThread: Failed to find provider info for com.android.calendar (user not unlocked)
10-06 14:29:55.444   533   656 W ActivityThread: Failed to find provider info for com.android.calendar (user not unlocked)
10-06 14:29:55.452   533   553 D BluetoothManagerService: MESSAGE_BLUETOOTH_STATE_CHANGE: BLE_TURNING_ON > BLE_ON
10-06 14:29:55.452   533   553 D BluetoothManagerService: Bluetooth is in LE only mode
10-06 14:29:55.452   533   553 D BluetoothManagerService: Binding Bluetooth GATT service
10-06 14:29:55.459   533   553 D BluetoothManagerService: Sending BLE State Change: BLE_TURNING_ON > BLE_ON
10-06 14:29:55.476   533   533 D ConditionProviders.SCP: evaluateSubscriptionLocked cal=ScheduleCalendar[mDays={1, 2, 3, 4, 5, 6, 7}, mSchedule=ScheduleInfo{days=[1, 2, 3, 4, 5, 6, 7], startHour=22, startMinute=0, endHour=7, endMinute=0, exitAtAlarm=true, nextAlarm=Thu Jan 01 05:30:00 GMT+05:30 1970 (0)}], now=Thu Oct 06 14:29:55 GMT+05:30 2022 (1665046795416), nextUserAlarmTime=Thu Jan 01 05:30:00 GMT+05:30 1970 (0)
10-06 14:29:55.476   533   533 D ConditionProviders.SCP: notifyCondition condition://android/schedule?days=1.2.3.4.5.6.7&start=22.0&end=7.0&exitAtAlarm=true STATE_FALSE reason=!meetsSchedule
10-06 14:29:55.484   533   533 D ConditionProviders.SCP: Scheduling evaluate for Thu Oct 06 22:00:00 GMT+05:30 2022 (1665073800000), in +7h30m4s584ms, now=Thu Oct 06 14:29:55 GMT+05:30 2022 (1665046795416)
10-06 14:29:55.490   533   533 V FingerprintService: handleEnumeratedTemplate: 0
10-06 14:29:55.490   533   533 V FingerprintService: Matched: false
10-06 14:29:55.490   533   533 V FingerprintService: Done with client: android
10-06 14:29:55.490   533   533 V FingerprintService: clearEnumerateState()
10-06 14:29:55.511   533   533 I ConnectivityModuleConnector: Networking module service connected
10-06 14:29:55.527   533   533 I Telecom : WiredHeadsetManager: ACTION_HEADSET_PLUG event, plugged in: false, : WHC.oADA@AAE
10-06 14:29:55.549   533   533 I ExplicitHealthCheckController: Explicit health check service is connected ComponentInfo{com.google.android.ext.services/android.ext.services.watchdog.ExplicitHealthCheckServiceImpl}
10-06 14:29:55.550   533   533 I ExplicitHealthCheckController: Service initialized, syncing requests
10-06 14:29:55.557   533   901 D CompatibilityChangeReporter: Compat change id reported: 124107808; UID 1001; state: ENABLED
10-06 14:29:55.560   533   533 I ContentCaptureManagerService: Updating for user 0: disabled=false
10-06 14:29:55.560   533   533 E ContentCapturePerUserService: Bad service name: com.google.android.as/com.google.android.apps.miphone.aiai.app.AiAiContentCaptureService
10-06 14:29:55.560   533   533 I chatty  : uid=1000(system) Binder:533_3 identical 1 line
10-06 14:29:55.561   533   533 E ContentCapturePerUserService: Bad service name: com.google.android.as/com.google.android.apps.miphone.aiai.app.AiAiContentCaptureService
10-06 14:29:55.562   533   533 I ContentSuggestionsManagerService: Updating for user 0: disabled=false
10-06 14:29:55.562   533   533 E ContentSuggestionsPerUserService: Bad service name: com.google.android.as/com.google.android.apps.miphone.aiai.app.AiAiContentSuggestionsService
10-06 14:29:55.562   533   533 I AutofillManagerService: Updating for user 0: disabled=false
10-06 14:29:55.563   533   533 E AutofillManagerServiceImpl: Bad service name: com.google.android.gms/.autofill.service.AutofillService
10-06 14:29:55.563   533   533 E RemoteAugmentedAutofillService: Bad service name for flags 1048704: com.google.android.as/com.google.android.apps.miphone.aiai.app.AiAiAugmentedAutofillService
10-06 14:29:55.575   533   901 D ConnectivityService: requestNetwork for uid/pid:10144/713 NetworkRequest [ TRACK_DEFAULT id=14, [ Capabilities: INTERNET&NOT_RESTRICTED&TRUSTED Uid: 10144 AdministratorUids: [] RequestorUid: 10144 RequestorPackageName: com.android.systemui] ]
10-06 14:29:55.576   533   533 V NotificationAssistants: 0 notification assistant service connected: ComponentInfo{com.google.android.ext.services/android.ext.services.notification.Assistant}
10-06 14:29:55.576   533   533 I ConnectivityModuleConnector: Networking module service connected
10-06 14:29:55.578   533   650 D ConnectivityService: NetReassign [no changes]
10-06 14:29:55.578   533   533 D BluetoothManagerService: Bluetooth Adapter address changed to 3C:5A:B4:01:02:03
10-06 14:29:55.578   533   533 D BluetoothManagerService: Stored Bluetoothaddress: 3C:5A:B4:01:02:03
10-06 14:29:55.579   533   650 D ConnectivityService: NetReassign [no changes]
10-06 14:29:55.579   533   533 D BluetoothManagerService: Bluetooth Adapter name changed to sdk_gphone_x86
10-06 14:29:55.579   533   533 D BluetoothManagerService: Stored Bluetooth name: sdk_gphone_x86
10-06 14:29:55.590   533   901 D ConnectivityService: requestNetwork for uid/pid:10144/713 NetworkRequest [ TRACK_DEFAULT id=15, [ Capabilities: INTERNET&NOT_RESTRICTED&TRUSTED Uid: 10144 AdministratorUids: [] RequestorUid: 10144 RequestorPackageName: com.android.systemui] ]
10-06 14:29:55.591   533   650 D ConnectivityService: NetReassign [no changes]
10-06 14:29:55.596   533   533 D BluetoothManagerService: BluetoothServiceConnection: com.android.bluetooth.gatt.GattService
10-06 14:29:55.597   533   553 D BluetoothManagerService: MESSAGE_BLUETOOTH_SERVICE_CONNECTED: 2
10-06 14:29:55.597   533   553 D BluetoothManagerService: continueFromBleOnState()
10-06 14:29:55.606   533   553 D BluetoothManagerService: Persisting Bluetooth Setting: 1
10-06 14:29:55.609   533   533 D PackageWatchdog: Getting all observed packages pending health checks
10-06 14:29:55.609   533   533 I PackageWatchdog: Syncing health check requests for packages: {}
10-06 14:29:55.609   533   533 D ExplicitHealthCheckController: Getting health check supported packages
10-06 14:29:55.611   533  1084 I ExplicitHealthCheckController: Explicit health check supported packages [PackageConfig{com.google.android.networkstack, 86400000}]
10-06 14:29:55.611   533  1084 D PackageWatchdog: Received supported packages [PackageConfig{com.google.android.networkstack, 86400000}]
10-06 14:29:55.611   533  1084 D ExplicitHealthCheckController: Getting health check requested packages
10-06 14:29:55.612   533   553 D BluetoothManagerService: MESSAGE_BLUETOOTH_STATE_CHANGE: BLE_ON > TURNING_ON
10-06 14:29:55.612   533   553 D BluetoothManagerService: Sending BLE State Change: BLE_ON > TURNING_ON
10-06 14:29:55.612   533  1005 I ExplicitHealthCheckController: Explicit health check requested packages []
10-06 14:29:55.612   533  1005 I ExplicitHealthCheckController: No more health check requests, unbinding...
10-06 14:29:55.614   533   533 W ActivityManager: Unable to start service Intent { act=android.service.contentcapture.ContentCaptureService cmp=com.google.android.as/com.google.android.apps.miphone.aiai.app.AiAiContentCaptureService } U=0: not found
10-06 14:29:55.614   533   533 W RemoteContentCaptureService: could not bind to Intent { act=android.service.contentcapture.ContentCaptureService cmp=com.google.android.as/com.google.android.apps.miphone.aiai.app.AiAiContentCaptureService } using flags 67112961
10-06 14:29:55.614   533   533 W ContentCapturePerUserService: remote service died: RemoteContentCaptureService[ComponentInfo{com.google.android.as/com.google.android.apps.miphone.aiai.app.AiAiContentCaptureService} 247248638 (unbound)]
10-06 14:29:55.615   533   533 W ActivityManager: Unable to start service Intent { act=android.service.contentcapture.ContentCaptureService cmp=com.google.android.as/com.google.android.apps.miphone.aiai.app.AiAiContentCaptureService } U=0: not found
10-06 14:29:55.615   533   533 W RemoteContentCaptureService: could not bind to Intent { act=android.service.contentcapture.ContentCaptureService cmp=com.google.android.as/com.google.android.apps.miphone.aiai.app.AiAiContentCaptureService } using flags 67112961
10-06 14:29:55.615   533   533 W ContentCapturePerUserService: remote service died: RemoteContentCaptureService[ComponentInfo{com.google.android.as/com.google.android.apps.miphone.aiai.app.AiAiContentCaptureService} 236187820 (unbound)]
10-06 14:29:55.616   533   533 W Looper  : Drained
10-06 14:29:55.620   533  1005 I ExplicitHealthCheckController: Explicit health check service is unbound
10-06 14:29:55.621   533   566 W BroadcastQueue: Background execution not allowed: receiving Intent { act=android.bluetooth.adapter.action.STATE_CHANGED flg=0x4000010 (has extras) } to com.google.android.gms/.chimera.GmsIntentOperationService$PersistentTrustedReceiver
10-06 14:29:55.628   533   650 D ConnectivityService: NetReassign [no changes]
10-06 14:29:55.775   533  1005 D BluetoothManagerService: Creating new ProfileServiceConnections object for profile: 1
10-06 14:29:55.777   533  1005 D BluetoothManagerService: Unable to bindService while Bluetooth is disabled
10-06 14:29:56.015   533   596 I StatusBarManagerService: registerStatusBar bar=com.android.internal.statusbar.IStatusBar$Stub$Proxy@3d02460
10-06 14:29:56.031   533   650 D ConnectivityService: Got NetworkProvider Messenger for PhoneSwitcherNetworkRequstListener
10-06 14:29:56.097   533   650 D ConnectivityService: Got NetworkProvider Messenger for TelephonyNetworkFactory[0]
10-06 14:29:56.158   927  1146 W ActivityThread: Failed to find provider info for com.android.contacts (user not unlocked)
10-06 14:29:56.168   533  1084 D BluetoothManagerService: Creating new ProfileServiceConnections object for profile: 1
10-06 14:29:56.176   533  1084 D BluetoothManagerService: Unable to bindService while Bluetooth is disabled
10-06 14:29:56.210   695  1149 W ActivityThread: Failed to find provider info for com.android.contacts (user not unlocked)
10-06 14:29:56.219   533   553 D BluetoothManagerService: MESSAGE_BLUETOOTH_STATE_CHANGE: TURNING_ON > ON
10-06 14:29:56.219   533   553 D BluetoothManagerService: Broadcasting onBluetoothStateChange(true) to 13 receivers.
10-06 14:29:56.220   533   553 D BluetoothManagerService: Creating new ProfileServiceConnections object for profile: 1
10-06 14:29:56.246   533   553 D BluetoothManagerService: Sending BLE State Change: TURNING_ON > ON
10-06 14:29:56.256   533   533 I Telecom : BluetoothPhoneService: queryPhoneState: BPSI.qPS@AAM
10-06 14:29:56.256   533   566 W BroadcastQueue: Background execution not allowed: receiving Intent { act=android.bluetooth.adapter.action.STATE_CHANGED flg=0x4000010 (has extras) } to com.google.android.gms/.chimera.GmsIntentOperationService$PersistentTrustedReceiver
10-06 14:29:56.339   533  1005 W ActivityManager: Receiver with filter android.content.IntentFilter@19a082d already registered for pid 713, callerPackage is com.android.systemui
10-06 14:29:56.350   533   533 I Telecom : BluetoothDeviceManager: Got BluetoothHeadset: com.android.server.telecom.BluetoothHeadsetProxy@c521417: BMSL.oSC@AAQ
10-06 14:29:56.351   533   533 I Telecom : BluetoothPhoneService: updateHeadsetWithCallState numActive 0, numHeld 0, callState 6, ringing number ***, ringing type 128, ringing name null
10-06 14:29:57.397   533   547 D ConnectivityService: requestNetwork for uid/pid:1001/927 NetworkRequest [ TRACK_DEFAULT id=17, [ Capabilities: INTERNET&NOT_RESTRICTED&TRUSTED Uid: 1001 AdministratorUids: [] RequestorUid: 1001 RequestorPackageName: com.android.phone] ]
10-06 14:29:57.406   533   650 D ConnectivityService: NetReassign [no changes]
10-06 14:29:57.480   533   650 D ConnectivityService: NetReassign [no changes]
10-06 14:29:57.532   713  1116 W ActivityThread: Failed to find provider info for com.android.contacts (user not unlocked)
10-06 14:29:57.826   533   572 E KernelCpuSpeedReader: Failed to read cpu-freq: /sys/devices/system/cpu/cpu0/cpufreq/stats/time_in_state: open failed: ENOENT (No such file or directory)
10-06 14:29:57.828   533   572 E KernelCpuSpeedReader: Failed to read cpu-freq: /sys/devices/system/cpu/cpu1/cpufreq/stats/time_in_state: open failed: ENOENT (No such file or directory)
10-06 14:29:58.009   533  1005 V WindowManager: Orientation start waiting for draw, mDrawState=DRAW_PENDING in Window{51d82d0 u0 com.android.settings/com.android.settings.FallbackHome}, surfaceController Surface(name=com.android.settings/com.android.settings.FallbackHome)/@0x25a07f2
10-06 14:29:58.135   533   547 D CompatibilityChangeReporter: Compat change id reported: 135634846; UID 10108; state: DISABLED
10-06 14:29:58.136   533   567 D CompatibilityChangeReporter: Compat change id reported: 143937733; UID 10108; state: ENABLED
10-06 14:29:58.216   533   567 W ActivityManager: Slow operation: 89ms so far, now at startProcess: returned from zygote!
10-06 14:29:58.216   533   567 W ActivityManager: Slow operation: 89ms so far, now at startProcess: done updating battery stats
10-06 14:29:58.217   533   567 W ActivityManager: Slow operation: 90ms so far, now at startProcess: building log message
10-06 14:29:58.217   533   567 I ActivityManager: Start proc 1183:com.google.android.gms.persistent/u0a108 for broadcast {com.google.android.gms/com.google.android.gms.chimera.GmsIntentOperationService$PersistentTrustedReceiver}
10-06 14:29:58.218   533   567 W ActivityManager: Slow operation: 91ms so far, now at startProcess: starting to update pids map
10-06 14:29:58.218   533   567 W ActivityManager: Slow operation: 91ms so far, now at startProcess: done updating pids map
10-06 14:29:58.225   533   546 I Telecom : PhoneAccountRegistrar: New phone account registered: [[ ] PhoneAccount: ComponentInfo{com.android.phone/com.android.services.telephony.TelephonyConnectionService}, ***, UserHandle{0} Capabilities: CallProvider MultiUser PlaceEmerg SimSub  Audio Routes: BESW Schemes: tel voicemail  Extras: Bundle[{android.telecom.extra.SUPPORTS_VIDEO_CALLING_FALLBACK=true}] GroupId: ***]: TSI.rPA@AAc
10-06 14:29:58.256   533   546 I Telecom : CallsManager: Sending phone-account ComponentInfo{com.android.phone/com.android.services.telephony.TelephonyConnectionService}, ***, UserHandle{0} registered intent as user: TSI.rPA@AAc
10-06 14:29:58.258   533   546 I Telecom : CallsManager: Sending phone-account registered intent to default dialer: TSI.rPA@AAc
10-06 14:29:58.275   533   547 I Telecom : CallsManager: Sending phone-account ComponentInfo{com.android.phone/com.android.services.telephony.TelephonyConnectionService}, ***, UserHandle{0} unregistered intent as user: TSI.uPA@AAk
10-06 14:29:58.277   533   547 I Telecom : CallsManager: Sending phone-account unregistered intent to default dialer: TSI.uPA@AAk
10-06 14:29:58.402   533   547 I Telecom : PhoneAccountRegistrar: Modify account: [ComponentInfo{com.android.phone/com.android.services.telephony.TelephonyConnectionService}, ***, UserHandle{0}]: TSI.rPA@AAo
10-06 14:29:58.407   533   547 I Telecom : CallsManager: handlePhoneAccountChanged: phoneAccount=[[X] PhoneAccount: ComponentInfo{com.android.phone/com.android.services.telephony.TelephonyConnectionService}, ***, UserHandle{0} Capabilities: CallProvider MultiUser PlaceEmerg SimSub  Audio Routes: BESW Schemes: tel voicemail  Extras: Bundle[{android.telecom.extra.SUPPORTS_VIDEO_CALLING_FALLBACK=true}] GroupId: ***]: TSI.rPA@AAo
10-06 14:29:58.470   533   595 I Telecom : PhoneAccountRegistrar: Modify account: [ComponentInfo{com.android.phone/com.android.services.telephony.TelephonyConnectionService}, ***, UserHandle{0}]: TSI.rPA@AAw
10-06 14:29:58.472   533   595 I Telecom : CallsManager: handlePhoneAccountChanged: phoneAccount=[[X] PhoneAccount: ComponentInfo{com.android.phone/com.android.services.telephony.TelephonyConnectionService}, ***, UserHandle{0} Capabilities: CallProvider MultiUser PlaceEmerg SimSub  Audio Routes: BESW Schemes: tel voicemail  Extras: Bundle[{android.telecom.extra.SUPPORTS_VIDEO_CALLING_FALLBACK=true}] GroupId: ***]: TSI.rPA@AAw
10-06 14:29:58.872   533   595 E WindowManager: Window Session Crash
10-06 14:29:58.872   533   595 E WindowManager: java.lang.IllegalArgumentException: Requested window null does not exist
10-06 14:29:58.872   533   595 E WindowManager: 	at com.android.server.wm.WindowManagerService.windowForClientLocked(WindowManagerService.java:5433)
10-06 14:29:58.872   533   595 E WindowManager: 	at com.android.server.wm.Session.actionOnWallpaper(Session.java:356)
10-06 14:29:58.872   533   595 E WindowManager: 	at com.android.server.wm.Session.setWallpaperZoomOut(Session.java:382)
10-06 14:29:58.872   533   595 E WindowManager: 	at android.view.IWindowSession$Stub.onTransact(IWindowSession.java:1154)
10-06 14:29:58.872   533   595 E WindowManager: 	at com.android.server.wm.Session.onTransact(Session.java:139)
10-06 14:29:58.872   533   595 E WindowManager: 	at android.os.Binder.execTransactInternal(Binder.java:1159)
10-06 14:29:58.872   533   595 E WindowManager: 	at android.os.Binder.execTransact(Binder.java:1123)
10-06 14:29:58.878   533   566 I DropBoxManagerService: add tag=system_server_wtf isTagEnabled=true flags=0x2
10-06 14:29:59.209   533   546 I Telecom : PhoneAccountRegistrar: Modify account: [ComponentInfo{com.android.phone/com.android.services.telephony.TelephonyConnectionService}, ***, UserHandle{0}]: TSI.rPA@AA4
10-06 14:29:59.213   533   546 I Telecom : CallsManager: handlePhoneAccountChanged: phoneAccount=[[X] PhoneAccount: ComponentInfo{com.android.phone/com.android.services.telephony.TelephonyConnectionService}, ***, UserHandle{0} Capabilities: CallProvider MultiUser PlaceEmerg SimSub  Audio Routes: BESW Schemes: tel voicemail  Extras: Bundle[{android.telecom.extra.SUPPORTS_VIDEO_CALLING_FALLBACK=true}] GroupId: ***]: TSI.rPA@AA4
10-06 14:29:59.409  1183  1183 W ActivityThread: Failed to find provider info for com.google.android.gsf.gservices (user not unlocked)
10-06 14:29:59.428   713   875 W ActivityThread: Failed to find provider info for com.android.contacts (user not unlocked)
10-06 14:29:59.626   533   546 I Telecom : PhoneAccountRegistrar: Modify account: [ComponentInfo{com.android.phone/com.android.services.telephony.TelephonyConnectionService}, ***, UserHandle{0}]: TSI.rPA@AA8
10-06 14:29:59.631   533   546 I Telecom : CallsManager: handlePhoneAccountChanged: phoneAccount=[[X] PhoneAccount: ComponentInfo{com.android.phone/com.android.services.telephony.TelephonyConnectionService}, ***, UserHandle{0} Capabilities: CallProvider MultiUser PlaceEmerg SimSub  Audio Routes: BESW Schemes: tel voicemail  Extras: Bundle[{android.telecom.extra.SUPPORTS_VIDEO_CALLING_FALLBACK=true}] GroupId: ***]: TSI.rPA@AA8
10-06 14:29:59.762   533   595 I ActivityTaskManager: Config changes=3 {1.0 310mcc260mnc [en_US] ldltr sw411dp w411dp h659dp 420dpi nrml port finger qwerty/v/v dpad/v winConfig={ mBounds=Rect(0, 0 - 1080, 1920) mAppBounds=Rect(0, 0 - 1080, 1794) mWindowingMode=fullscreen mDisplayWindowingMode=fullscreen mActivityType=undefined mAlwaysOnTop=undefined mRotation=ROTATION_0} s.8}
10-06 14:29:59.813   533   595 I WindowManager: Override config changes=3 {1.0 310mcc260mnc [en_US] ldltr sw411dp w411dp h659dp 420dpi nrml port finger qwerty/v/v dpad/v winConfig={ mBounds=Rect(0, 0 - 1080, 1920) mAppBounds=Rect(0, 0 - 1080, 1794) mWindowingMode=fullscreen mDisplayWindowingMode=fullscreen mActivityType=undefined mAlwaysOnTop=undefined mRotation=ROTATION_0} s.8} for displayId=0
10-06 14:29:59.831   533   595 V WindowManager: Orientation start waiting for draw, mDrawState=DRAW_PENDING in Window{9f4fb75 u0 NavigationBar0}, surfaceController Surface(name=NavigationBar0)/@0xd06cf8a
10-06 14:29:59.831   533   595 V WindowManager: Orientation start waiting for draw, mDrawState=DRAW_PENDING in Window{2de735b u0 StatusBar}, surfaceController Surface(name=StatusBar)/@0xdde99fb
10-06 14:29:59.833   533   595 V WindowManager: Orientation start waiting for draw, mDrawState=DRAW_PENDING in Window{51d82d0 u0 com.android.settings/com.android.settings.FallbackHome}, surfaceController Surface(name=com.android.settings/com.android.settings.FallbackHome)/@0x25a07f2
10-06 14:29:59.833   533   595 V WindowManager: Orientation start waiting for draw, mDrawState=DRAW_PENDING in Window{f659409 u0 com.android.systemui.ImageWallpaper}, surfaceController Surface(name=com.android.systemui.ImageWallpaper)/@0xdd43a18
10-06 14:29:59.854   533   595 V WindowManager: Orientation start waiting for draw, mDrawState=DRAW_PENDING in Window{51d82d0 u0 com.android.settings/com.android.settings.FallbackHome}, surfaceController Surface(name=com.android.settings/com.android.settings.FallbackHome)/@0x25a07f2
10-06 14:29:59.854   533   595 V WindowManager: Orientation start waiting for draw, mDrawState=DRAW_PENDING in Window{f659409 u0 com.android.systemui.ImageWallpaper}, surfaceController Surface(name=com.android.systemui.ImageWallpaper)/@0xdd43a18
10-06 14:29:59.909   533   552 W WindowManager: Keyguard drawn timeout. Setting mKeyguardDrawComplete
10-06 14:29:59.917   533   555 V WindowManager: Orientation start waiting for draw, mDrawState=DRAW_PENDING in Window{51d82d0 u0 com.android.settings/com.android.settings.FallbackHome}, surfaceController Surface(name=com.android.settings/com.android.settings.FallbackHome)/@0x25a07f2
10-06 14:29:59.930   533   546 I Telecom : PhoneAccountRegistrar: Modify account: [ComponentInfo{com.android.phone/com.android.services.telephony.TelephonyConnectionService}, ***, UserHandle{0}]: TSI.rPA@ABE
10-06 14:29:59.962   533   546 I Telecom : CallsManager: handlePhoneAccountChanged: phoneAccount=[[X] PhoneAccount: ComponentInfo{com.android.phone/com.android.services.telephony.TelephonyConnectionService}, ***, UserHandle{0} Capabilities: CallProvider MultiUser PlaceEmerg SimSub  Audio Routes: BESW Schemes: tel voicemail  Extras: Bundle[{android.telecom.extra.SUPPORTS_VIDEO_CALLING_FALLBACK=true}] GroupId: ***]: TSI.rPA@ABE
10-06 14:29:59.990   533   546 I Telecom : PhoneAccountRegistrar: Modify account: [ComponentInfo{com.android.phone/com.android.services.telephony.TelephonyConnectionService}, ***, UserHandle{0}]: TSI.rPA@ABI
10-06 14:30:00.007   533   546 I Telecom : CallsManager: handlePhoneAccountChanged: phoneAccount=[[X] PhoneAccount: ComponentInfo{com.android.phone/com.android.services.telephony.TelephonyConnectionService}, ***, UserHandle{0} Capabilities: CallProvider MultiUser PlaceEmerg SimSub  Audio Routes: BESW Schemes: tel voicemail  Extras: Bundle[{android.telecom.extra.SUPPORTS_VIDEO_CALLING_FALLBACK=true}] GroupId: ***]: TSI.rPA@ABI
10-06 14:30:00.063   533   546 I Telecom : PhoneAccountRegistrar: Modify account: [ComponentInfo{com.android.phone/com.android.services.telephony.TelephonyConnectionService}, ***, UserHandle{0}(addr: tel:************ -> tel:)(subAddr: tel:************ -> tel:)]: TSI.rPA@ABQ
10-06 14:30:00.065   533   546 I Telecom : CallsManager: handlePhoneAccountChanged: phoneAccount=[[X] PhoneAccount: ComponentInfo{com.android.phone/com.android.services.telephony.TelephonyConnectionService}, ***, UserHandle{0} Capabilities: CallProvider MultiUser PlaceEmerg SimSub  Audio Routes: BESW Schemes: tel voicemail  Extras: Bundle[{android.telecom.extra.SUPPORTS_VIDEO_CALLING_FALLBACK=true}] GroupId: ***]: TSI.rPA@ABQ
10-06 14:30:00.160   533   546 I Telecom : PhoneAccountRegistrar: Modify account: [ComponentInfo{com.android.phone/com.android.services.telephony.TelephonyConnectionService}, ***, UserHandle{0}]: TSI.rPA@ABU
10-06 14:30:00.174   533   546 I Telecom : CallsManager: handlePhoneAccountChanged: phoneAccount=[[X] PhoneAccount: ComponentInfo{com.android.phone/com.android.services.telephony.TelephonyConnectionService}, ***, UserHandle{0} Capabilities: CallProvider MultiUser PlaceEmerg SimSub  Audio Routes: BESW Schemes: tel voicemail  Extras: Bundle[{android.telecom.extra.SUPPORTS_VIDEO_CALLING_FALLBACK=true}] GroupId: ***]: TSI.rPA@ABU
10-06 14:30:00.231   695  1215 W ActivityThread: Failed to find provider info for com.android.contacts (user not unlocked)
10-06 14:30:00.250   533   595 I Telecom : PhoneAccountRegistrar: Modify account: [ComponentInfo{com.android.phone/com.android.services.telephony.TelephonyConnectionService}, ***, UserHandle{0}]: TSI.rPA@ABc
10-06 14:30:00.255   533   595 I Telecom : CallsManager: handlePhoneAccountChanged: phoneAccount=[[X] PhoneAccount: ComponentInfo{com.android.phone/com.android.services.telephony.TelephonyConnectionService}, ***, UserHandle{0} Capabilities: CallProvider MultiUser PlaceEmerg SimSub  Audio Routes: BESW Schemes: tel voicemail  Extras: Bundle[{android.telecom.extra.SUPPORTS_VIDEO_CALLING_FALLBACK=true}] GroupId: ***]: TSI.rPA@ABc
10-06 14:30:00.525   533   546 W Telecom : PhoneAccountRegistrar: Trying to set nonexistent default outgoing ComponentInfo{com.android.phone/com.android.services.telephony.TelephonyConnectionService}, ***, UserHandle{0}: TSI.sUSOPA@ABk
10-06 14:30:00.554   533   551 W Looper  : Slow dispatch took 112ms android.fg h=com.android.server.location.gnss.GnssLocationProvider$ProviderHandler c=android.app.-$$Lambda$LoadedApk$ReceiverDispatcher$Args$_BumDX2UKsnxLVrE6UJsJZkotuA@4e715a7 m=0
10-06 14:30:00.818   533   565 I StatsPullAtomService: subId 1 added into historical sub list
10-06 14:30:00.982   533   554 W WindowManager: Window freeze timeout expired.
10-06 14:30:00.982   533   554 W WindowManager: Force clearing orientation change: Window{f659409 u0 com.android.systemui.ImageWallpaper}
10-06 14:30:01.182   533   546 D CompatibilityChangeReporter: Compat change id reported: 135634846; UID 10149; state: DISABLED
10-06 14:30:01.184   533   567 D CompatibilityChangeReporter: Compat change id reported: 143937733; UID 10149; state: ENABLED
10-06 14:30:01.225   533   567 I ActivityManager: Start proc 1234:com.google.android.cellbroadcastreceiver/u0a149 for broadcast {com.google.android.cellbroadcastreceiver/com.android.cellbroadcastreceiver.CellBroadcastReceiver}
10-06 14:30:01.598   533   554 I WindowManager: ******* TELLING SURFACE FLINGER WE ARE BOOTED!
10-06 14:30:01.616   533   554 I ActivityManagerTiming: FinishBooting
10-06 14:30:01.618   533   554 I ActivityManager: About to commit checkpoint
10-06 14:30:01.621   533   554 I SystemServiceManager: Starting phase 1000
10-06 14:30:01.621   533   554 I ActivityManagerTiming: OnBootPhase_1000
10-06 14:30:01.621   533   554 I ActivityManagerTiming: OnBootPhase_1000_com.android.server.security.FileIntegrityService
10-06 14:30:01.621   533   554 I ActivityManagerTiming: OnBootPhase_1000_com.android.server.pm.Installer
10-06 14:30:01.622   533   554 I ActivityManagerTiming: OnBootPhase_1000_com.android.server.os.DeviceIdentifiersPolicyService
10-06 14:30:01.622   533   554 I ActivityManagerTiming: OnBootPhase_1000_com.android.server.uri.UriGrantsManagerService$Lifecycle
10-06 14:30:01.622   533   554 I ActivityManagerTiming: OnBootPhase_1000_com.android.server.wm.ActivityTaskManagerService$Lifecycle
10-06 14:30:01.622   533   554 I ActivityManagerTiming: OnBootPhase_1000_com.android.server.am.ActivityManagerService$Lifecycle
10-06 14:30:01.622   533   554 I ActivityManagerTiming: OnBootPhase_1000_com.android.server.pm.DataLoaderManagerService
10-06 14:30:01.622   533   554 I ActivityManagerTiming: OnBootPhase_1000_com.android.server.power.PowerManagerService
10-06 14:30:01.625   533   554 I ActivityManagerTiming: OnBootPhase_1000_com.android.server.power.ThermalManagerService
10-06 14:30:01.625   533   554 I ActivityManagerTiming: OnBootPhase_1000_com.android.server.recoverysystem.RecoverySystemService$Lifecycle
10-06 14:30:01.625   533   581 V DisplayPowerController: Brightness [0.39763778] reason changing to: 'manual', previous reason: 'override'.
10-06 14:30:01.625   533   554 I ActivityManagerTiming: OnBootPhase_1000_com.android.server.lights.LightsService
10-06 14:30:01.626   533   554 I ActivityManagerTiming: OnBootPhase_1000_com.android.server.display.DisplayManagerService
10-06 14:30:01.626   533   554 I ActivityManagerTiming: OnBootPhase_1000_com.android.server.pm.UserManagerService$LifeCycle
10-06 14:30:01.626   533   554 I ActivityManagerTiming: OnBootPhase_1000_com.android.server.om.OverlayManagerService
10-06 14:30:01.626   533   554 I ActivityManagerTiming: OnBootPhase_1000_com.android.server.SensorPrivacyService
10-06 14:30:01.626   533   554 I ActivityManagerTiming: OnBootPhase_1000_com.android.server.SystemConfigService
10-06 14:30:01.626   533   554 I ActivityManagerTiming: OnBootPhase_1000_com.android.server.BatteryService
10-06 14:30:01.626   533   554 I ActivityManagerTiming: OnBootPhase_1000_com.android.server.usage.UsageStatsService
10-06 14:30:01.626   533   554 I ActivityManagerTiming: OnBootPhase_1000_com.android.server.webkit.WebViewUpdateService
10-06 14:30:01.627   533   554 I ActivityManagerTiming: OnBootPhase_1000_com.android.server.CachedDeviceStateService
10-06 14:30:01.627   533   554 I ActivityManagerTiming: OnBootPhase_1000_com.android.server.BinderCallsStatsService$LifeCycle
10-06 14:30:01.627   533   554 I ActivityManagerTiming: OnBootPhase_1000_com.android.server.LooperStatsService$Lifecycle
10-06 14:30:01.627   533   554 I ActivityManagerTiming: OnBootPhase_1000_com.android.server.rollback.RollbackManagerService
10-06 14:30:01.628   533   554 I ActivityManagerTiming: OnBootPhase_1000_com.android.server.os.BugreportManagerService
10-06 14:30:01.628   533   554 I ActivityManagerTiming: OnBootPhase_1000_com.android.server.gpu.GpuService
10-06 14:30:01.628   533   554 I ActivityManagerTiming: OnBootPhase_1000_com.android.server.security.KeyChainSystemService
10-06 14:30:01.628   533   554 I ActivityManagerTiming: OnBootPhase_1000_com.android.server.telecom.TelecomLoaderService
10-06 14:30:01.628   533   554 I ActivityManagerTiming: OnBootPhase_1000_com.android.server.accounts.AccountManagerService$Lifecycle
10-06 14:30:01.628   533   612 D RollbackManager: mRollbackLifetimeDurationInMillis=1209600000
10-06 14:30:01.629   533   554 I ActivityManagerTiming: OnBootPhase_1000_com.android.server.content.ContentService$Lifecycle
10-06 14:30:01.629   533   554 I ActivityManagerTiming: OnBootPhase_1000_com.android.server.DropBoxManagerService
10-06 14:30:01.629   533   554 I ActivityManagerTiming: OnBootPhase_1000_com.android.server.AlarmManagerService
10-06 14:30:01.629   533   554 I ActivityManagerTiming: OnBootPhase_1000_com.android.server.BluetoothService
10-06 14:30:01.629   533   554 I ActivityManagerTiming: OnBootPhase_1000_com.android.server.connectivity.IpConnectivityMetrics
10-06 14:30:01.629   533   554 I ActivityManagerTiming: OnBootPhase_1000_com.android.server.net.watchlist.NetworkWatchlistService$Lifecycle
10-06 14:30:01.629   533   554 I ActivityManagerTiming: OnBootPhase_1000_com.android.server.PinnerService
10-06 14:30:01.629   533   554 I ActivityManagerTiming: OnBootPhase_1000_com.google.android.startop.iorap.IorapForwardingService
10-06 14:30:01.630   533   611 I PackageWatchdog: Scheduling 10 polls to check and mitigate native crashes
10-06 14:30:01.631   533   554 I ActivityManagerTiming: OnBootPhase_1000_com.android.server.integrity.AppIntegrityManagerService
10-06 14:30:01.631   533   554 I ActivityManagerTiming: OnBootPhase_1000_com.android.server.inputmethod.InputMethodManagerService$Lifecycle
10-06 14:30:01.632   533   554 I ActivityManagerTiming: OnBootPhase_1000_com.android.server.accessibility.AccessibilityManagerService$Lifecycle
10-06 14:30:01.632   533   554 I ActivityManagerTiming: OnBootPhase_1000_com.android.server.StorageManagerService$Lifecycle
10-06 14:30:01.632   533   633 D StorageManagerService: Thinking about init, mBootCompleted=true, mDaemonConnected=true
10-06 14:30:01.632   533   633 D StorageManagerService: Thinking about reset, mBootCompleted=true, mDaemonConnected=true
10-06 14:30:01.632   533   633 I StorageSessionController: Started resetting external storage service...
10-06 14:30:01.632   533   633 I StorageSessionController: Finished resetting external storage service
10-06 14:30:01.633   533   633 I StorageManagerService: Resetting vold...
10-06 14:30:01.633   533   633 I StorageManagerService: Reset vold
10-06 14:30:01.633   181   181 I vold    : onUserAdded: 0
10-06 14:30:01.634   533   554 D StorageManagerService: FUSE flags. Settings: true. Default: true
10-06 14:30:01.635   533   554 I ActivityManagerTiming: OnBootPhase_1000_com.android.server.usage.StorageStatsService$Lifecycle
10-06 14:30:01.635   533   554 I ActivityManagerTiming: OnBootPhase_1000_com.android.server.UiModeManagerService
10-06 14:30:01.635   533   554 I ActivityManagerTiming: OnBootPhase_1000_com.android.server.locksettings.LockSettingsService$Lifecycle
10-06 14:30:01.635   533   554 I ActivityManagerTiming: OnBootPhase_1000_com.android.server.testharness.TestHarnessModeService
10-06 14:30:01.635   533   554 D TestHarnessModeService: Completing Test Harness Mode setup.
10-06 14:30:01.635   533   554 D TestHarnessModeService: Getting PersistentDataBlockManagerInternal from LocalServices
10-06 14:30:01.635   533   554 E TestHarnessModeService: Failed to start Test Harness Mode; no implementation of PersistentDataBlockManagerInternal was bound!
10-06 14:30:01.636   533   554 I ActivityManagerTiming: OnBootPhase_1000_com.android.server.DeviceIdleController
10-06 14:30:01.636   533   554 I ActivityManagerTiming: OnBootPhase_1000_com.android.server.devicepolicy.DevicePolicyManagerService$Lifecycle
10-06 14:30:01.637   533   554 I ActivityManagerTiming: OnBootPhase_1000_com.android.server.contentcapture.ContentCaptureManagerService
10-06 14:30:01.637   533   554 I ActivityManagerTiming: OnBootPhase_1000_com.android.server.systemcaptions.SystemCaptionsManagerService
10-06 14:30:01.637   533   554 I ActivityManagerTiming: OnBootPhase_1000_com.android.server.appprediction.AppPredictionManagerService
10-06 14:30:01.638   533   554 I ActivityManagerTiming: OnBootPhase_1000_com.android.server.contentsuggestions.ContentSuggestionsManagerService
10-06 14:30:01.638   533   554 I ActivityManagerTiming: OnBootPhase_1000_com.android.server.textservices.TextServicesManagerService$Lifecycle
10-06 14:30:01.638   533   554 I ActivityManagerTiming: OnBootPhase_1000_com.android.server.textclassifier.TextClassificationManagerService$Lifecycle
10-06 14:30:01.638   533   554 I ActivityManagerTiming: OnBootPhase_1000_com.android.server.NetworkScoreService$Lifecycle
10-06 14:30:01.638   533   554 I ActivityManagerTiming: OnBootPhase_1000_com.android.server.wifi.WifiService
10-06 14:30:01.646   533   554 I ActivityManagerTiming: OnBootPhase_1000_com.android.server.wifi.scanner.WifiScanningService
10-06 14:30:01.646   533   554 I ActivityManagerTiming: OnBootPhase_1000_com.android.server.wifi.p2p.WifiP2pService
10-06 14:30:01.647   533   554 I ActivityManagerTiming: OnBootPhase_1000_com.android.server.notification.NotificationManagerService
10-06 14:30:01.647   533   554 I ActivityManagerTiming: OnBootPhase_1000_com.android.server.storage.DeviceStorageMonitorService
10-06 14:30:01.647   533   554 I ActivityManagerTiming: OnBootPhase_1000_com.android.server.location.LocationManagerService$Lifecycle
10-06 14:30:01.647   533   554 I ActivityManagerTiming: OnBootPhase_1000_com.android.server.timedetector.TimeDetectorService$Lifecycle
10-06 14:30:01.647   533   554 I ActivityManagerTiming: OnBootPhase_1000_com.android.server.timezonedetector.TimeZoneDetectorService$Lifecycle
10-06 14:30:01.647   533   554 I ActivityManagerTiming: OnBootPhase_1000_com.android.server.search.SearchManagerService$Lifecycle
10-06 14:30:01.647   533   554 I ActivityManagerTiming: OnBootPhase_1000_com.android.server.wallpaper.WallpaperManagerService$Lifecycle
10-06 14:30:01.648   533   554 I ActivityManagerTiming: OnBootPhase_1000_com.android.server.audio.AudioService$Lifecycle
10-06 14:30:01.648   533   554 I ActivityManagerTiming: OnBootPhase_1000_com.android.server.soundtrigger_middleware.SoundTriggerMiddlewareService$Lifecycle
10-06 14:30:01.648   533   554 I ActivityManagerTiming: OnBootPhase_1000_com.android.server.DockObserver
10-06 14:30:01.648   533   554 I ActivityManagerTiming: OnBootPhase_1000_com.android.server.midi.MidiService$Lifecycle
10-06 14:30:01.648   533   554 I ActivityManagerTiming: OnBootPhase_1000_com.android.server.adb.AdbService$Lifecycle
10-06 14:30:01.648   533   554 I ActivityManagerTiming: OnBootPhase_1000_com.android.server.usb.UsbService$Lifecycle
10-06 14:30:01.648   533   554 I ActivityManagerTiming: OnBootPhase_1000_com.android.server.twilight.TwilightService
10-06 14:30:01.655   533   551 E AdbDebuggingManager: Expected keyStore, but got tag=null
10-06 14:30:01.657   533   551 E AdbDebuggingManager: Expected keyStore, but got tag=null
10-06 14:30:01.659   533   554 I ActivityManagerTiming: OnBootPhase_1000_com.android.server.display.color.ColorDisplayService
10-06 14:30:01.660   533   554 I ActivityManagerTiming: OnBootPhase_1000_com.android.server.job.JobSchedulerService
10-06 14:30:01.660   533   554 I ActivityManagerTiming: OnBootPhase_1000_com.android.server.soundtrigger.SoundTriggerService
10-06 14:30:01.660   533   554 D SoundTriggerService: onBootPhase: 1000 : false
10-06 14:30:01.660   533   554 I ActivityManagerTiming: OnBootPhase_1000_com.android.server.trust.TrustManagerService
10-06 14:30:01.661   533   554 I ActivityManagerTiming: OnBootPhase_1000_com.android.server.backup.BackupManagerService$Lifecycle
10-06 14:30:01.661   533   554 I ActivityManagerTiming: OnBootPhase_1000_com.android.server.appwidget.AppWidgetService
10-06 14:30:01.661   533   554 I ActivityManagerTiming: OnBootPhase_1000_com.android.server.role.RoleManagerService
10-06 14:30:01.661   533   554 I ActivityManagerTiming: OnBootPhase_1000_com.android.server.voiceinteraction.VoiceInteractionManagerService
10-06 14:30:01.661   533   554 I ActivityManagerTiming: OnBootPhase_1000_com.android.server.GestureLauncherService
10-06 14:30:01.661   533   554 I ActivityManagerTiming: OnBootPhase_1000_com.android.server.SensorNotificationService
10-06 14:30:01.678   533   546 D CompatibilityChangeReporter: Compat change id reported: 135634846; UID 10121; state: DISABLED
10-06 14:30:01.679   533   567 D CompatibilityChangeReporter: Compat change id reported: 143937733; UID 10121; state: DISABLED
10-06 14:30:01.683   533   554 I ActivityManagerTiming: OnBootPhase_1000_com.android.server.emergency.EmergencyAffordanceService
10-06 14:30:01.683   533   554 I ActivityManagerTiming: OnBootPhase_1000_com.android.server.dreams.DreamManagerService
10-06 14:30:01.683   533   554 I ActivityManagerTiming: OnBootPhase_1000_com.android.server.print.PrintManagerService
10-06 14:30:01.684   533   554 I ActivityManagerTiming: OnBootPhase_1000_com.android.server.companion.CompanionDeviceManagerService
10-06 14:30:01.684   533   554 I ActivityManagerTiming: OnBootPhase_1000_com.android.server.restrictions.RestrictionsManagerService
10-06 14:30:01.684   533   554 I ActivityManagerTiming: OnBootPhase_1000_com.android.server.media.MediaSessionService
10-06 14:30:01.684   533   554 I ActivityManagerTiming: OnBootPhase_1000_com.android.server.blob.BlobStoreManagerService
10-06 14:30:01.701   533   554 I ActivityManagerTiming: OnBootPhase_1000_com.android.server.media.MediaResourceMonitorService
10-06 14:30:01.701   533   554 I ActivityManagerTiming: OnBootPhase_1000_com.android.server.biometrics.fingerprint.FingerprintService
10-06 14:30:01.701   533   554 I ActivityManagerTiming: OnBootPhase_1000_com.android.server.biometrics.BiometricService
10-06 14:30:01.702   533   554 I ActivityManagerTiming: OnBootPhase_1000_com.android.server.biometrics.AuthService
10-06 14:30:01.702   533   554 I ActivityManagerTiming: OnBootPhase_1000_com.android.server.pm.ShortcutService$Lifecycle
10-06 14:30:01.702   533   554 I ActivityManagerTiming: OnBootPhase_1000_com.android.server.pm.LauncherAppsService
10-06 14:30:01.702   533   554 I ActivityManagerTiming: OnBootPhase_1000_com.android.server.pm.CrossProfileAppsService
10-06 14:30:01.702   533   554 I ActivityManagerTiming: OnBootPhase_1000_com.android.server.people.PeopleService
10-06 14:30:01.702   533   554 I ActivityManagerTiming: OnBootPhase_1000_com.android.server.media.projection.MediaProjectionManagerService
10-06 14:30:01.703   533   554 I ActivityManagerTiming: OnBootPhase_1000_com.android.server.slice.SliceManagerService$Lifecycle
10-06 14:30:01.703   533   554 I ActivityManagerTiming: OnBootPhase_1000_com.android.server.camera.CameraServiceProxy
10-06 14:30:01.703   533   554 I ActivityManagerTiming: OnBootPhase_1000_com.android.server.stats.StatsCompanion$Lifecycle
10-06 14:30:01.703   533   554 I ActivityManagerTiming: OnBootPhase_1000_com.android.server.stats.pull.StatsPullAtomService
10-06 14:30:01.704   533   554 I ActivityManagerTiming: OnBootPhase_1000_com.android.server.incident.IncidentCompanionService
10-06 14:30:01.704   533   554 I ActivityManagerTiming: OnBootPhase_1000_com.android.server.MmsServiceBroker
10-06 14:30:01.704   533   554 I ActivityManagerTiming: OnBootPhase_1000_com.android.server.autofill.AutofillManagerService
10-06 14:30:01.704   533   554 I ActivityManagerTiming: OnBootPhase_1000_com.android.server.clipboard.ClipboardService
10-06 14:30:01.704   533   554 I ActivityManagerTiming: OnBootPhase_1000_com.android.server.appbinding.AppBindingService$Lifecycle
10-06 14:30:01.705   533   554 I ActivityManagerTiming: OnBootPhase_1000_com.android.server.policy.PermissionPolicyService
10-06 14:30:01.705   533   554 I ActivityManagerTiming: OnBootPhase_1000_com.android.server.pm.StagingManager$Lifecycle
10-06 14:30:01.705   533   554 D ActivityManagerTiming: TotalBootTime took to complete: 21255ms
10-06 14:30:01.706   533   554 D SystemServerInitThreadPool: Shutdown requested
10-06 14:30:01.706   533   554 I SystemServerTiming: WaitInitThreadPoolShutdown
10-06 14:30:01.713   533  1260 D AdbDebuggingManager: Received connected key message: QAAAAO9DZ/HxtEt15Fmt8iMm8dcPo9LpZ5XjnK3lpk61vEuSAuiizUDiJQDG6E/Gdg+wTdHtcKep5p9yihYN3nThiQWcAfy5sxAmUyv18Z/x6QoPVdfOMQdr1S1+9uqSEODj8SuCQhxpwsIGxvSxwkvpO/MtpmfdfyD3lGnRX9wU0keSD5U/vmEnLXazfjK8/zv8GifpGPAzaCdtEvBGTbKUY6ZXJpSBY7k12bN7hCxTZacTkWBLF746fOUwc5cqUO0xT/VM8QBrqUljIzDgADMxRUNfZZxP5t8SnQClr8wVOm3etU5BTvxWz/wljwzBvlHW9CwoGalUTmH6oMxY2vF2B30srt6ftkoY0qgpOuoWi2EXwSbi7FrL3dAizhO90QVIxFnCph/nQXJWHYlw2evotnvprhjbi+Qy843cox8TKpBJtnUtf1NPrJVnbBmNPRpnQuD17iXL/albjn0k9fsQ0t7TJbeoJNBTmv80QUklL4jA+u/Wzc8CH4vJdwXjjwp4NiuQKkDKRD2HDARA3ubrPiPtyo3UlLxkHStKwdWwsq9v6w8Bxqar3kFkVCKbSZVkxugYE/QSHLnlUSBGpayrRHkzA7RCRX0hRO5iXLgsYLsZy/xH415iVjk61sz9L+eSz+F1qekdQQrI5/hFPBgTOOxFuV9DZkeFwhiawO9xt8Fe+QnUWgEAAQA= manibabu@INLEN6239001838
10-06 14:30:01.716   533   551 D AdbDebuggingManager: Logging key QAAAAO9DZ/HxtEt15Fmt8iMm8dcPo9LpZ5XjnK3lpk61vEuSAuiizUDiJQDG6E/Gdg+wTdHtcKep5p9yihYN3nThiQWcAfy5sxAmUyv18Z/x6QoPVdfOMQdr1S1+9uqSEODj8SuCQhxpwsIGxvSxwkvpO/MtpmfdfyD3lGnRX9wU0keSD5U/vmEnLXazfjK8/zv8GifpGPAzaCdtEvBGTbKUY6ZXJpSBY7k12bN7hCxTZacTkWBLF746fOUwc5cqUO0xT/VM8QBrqUljIzDgADMxRUNfZZxP5t8SnQClr8wVOm3etU5BTvxWz/wljwzBvlHW9CwoGalUTmH6oMxY2vF2B30srt6ftkoY0qgpOuoWi2EXwSbi7FrL3dAizhO90QVIxFnCph/nQXJWHYlw2evotnvprhjbi+Qy843cox8TKpBJtnUtf1NPrJVnbBmNPRpnQuD17iXL/albjn0k9fsQ0t7TJbeoJNBTmv80QUklL4jA+u/Wzc8CH4vJdwXjjwp4NiuQKkDKRD2HDARA3ubrPiPtyo3UlLxkHStKwdWwsq9v6w8Bxqar3kFkVCKbSZVkxugYE/QSHLnlUSBGpayrRHkzA7RCRX0hRO5iXLgsYLsZy/xH415iVjk61sz9L+eSz+F1qekdQQrI5/hFPBgTOOxFuV9DZkeFwhiawO9xt8Fe+QnUWgEAAQA= manibabu@INLEN6239001838, state = 4, alwaysAllow = true, lastConnectionTime = 1665046801714, authWindow = 604800000
10-06 14:30:01.718   533   650 D ConnectivityService: Got NetworkProvider Messenger for WifiNetworkFactory
10-06 14:30:01.738   533   554 D SystemServerInitThreadPool: Shutdown successful
10-06 14:30:01.739   533   567 W ActivityManager: Slow operation: 61ms so far, now at startProcess: returned from zygote!
10-06 14:30:01.740   533   650 D ConnectivityService: Got NetworkProvider Messenger for UntrustedWifiNetworkFactory
10-06 14:30:01.752   533   554 D CompatibilityChangeReporter: Compat change id reported: 135634846; UID 10107; state: DISABLED
10-06 14:30:01.758   533   554 I ActivityManager: User 0 state changed from BOOTING to RUNNING_LOCKED
10-06 14:30:01.759   533   554 W ActivityManager: UserLifecycleEvent 4 received without an active userJourneySession.
10-06 14:30:01.767   533   554 D StorageManagerService: unlockUserKey: 0 isFileEncryptedNativeOrEmulated: true hasToken: false hasSecret: false
10-06 14:30:01.768   181   181 D vold    : fscrypt_unlock_user_key 0 serial=0 token_present=0
10-06 14:30:01.771   181   181 D vold    : Skipping non-key .
10-06 14:30:01.771   181   181 D vold    : Skipping non-key ..
10-06 14:30:01.771   181   181 D vold    : Trying user CE key /data/misc/vold/user_keys/ce/0/current
10-06 14:30:01.819   181   181 I vold    : List of Keymaster HALs found:
10-06 14:30:01.821   181   181 I vold    : Keymaster HAL #1: SoftwareKeymasterDevice from Google SecurityLevel: SOFTWARE HAL: android.hardware.keymaster@4.1::IKeymasterDevice/default
10-06 14:30:01.821   181   181 I vold    : Using SoftwareKeymasterDevice from Google for encryption.  Security level: SOFTWARE, HAL: android.hardware.keymaster@4.1::IKeymasterDevice/default
10-06 14:30:01.829   181   181 D vold    : Successfully retrieved key
10-06 14:30:01.842   181   181 D vold    : Installed fscrypt key with ref 30fad92eae6eff0647b547e42d09d589 to /data
10-06 14:30:01.842   181   181 D vold    : Added fscrypt-provisioning key for 30fad92eae6eff0647b547e42d09d589 to session keyring
10-06 14:30:01.842   181   181 D vold    : Installed ce key for user 0
10-06 14:30:01.848   533   554 W ActivityManager: UserLifecycleEvent 5 received without an active userJourneySession.
10-06 14:30:01.848   533   554 D ActivityManager: Started unlocking user 0
10-06 14:30:01.848   533   554 D ActivityManager: Unlocking user 0 progress 0
10-06 14:30:01.848   533   554 D ActivityManager: Unlocking user 0 progress 5
10-06 14:30:01.849   533   554 E UserspaceRebootLogger: Userspace reboot is not supported.
10-06 14:30:01.850   181   181 D vold    : fscrypt_prepare_user_storage for volume null, user 0, serial 0, flags 2
10-06 14:30:01.850   181   181 D vold    : Preparing: /data/system_ce/0
10-06 14:30:01.851   181   181 D vold    : Preparing: /data/misc_ce/0
10-06 14:30:01.852   181   181 D vold    : Preparing: /data/vendor_ce/0
10-06 14:30:01.854   181   181 D vold    : Preparing: /data/media/0
10-06 14:30:01.854   181   181 D vold    : Preparing: /data/data
10-06 14:30:01.855   533   567 W ActivityManager: Slow operation: 177ms so far, now at startProcess: done updating battery stats
10-06 14:30:01.855   533   567 W ActivityManager: Slow operation: 177ms so far, now at startProcess: building log message
10-06 14:30:01.855   533   567 I ActivityManager: Start proc 1265:com.google.android.inputmethod.latin/u0a121 for service {com.google.android.inputmethod.latin/com.android.inputmethod.latin.LatinIME}
10-06 14:30:01.855   533   567 W ActivityManager: Slow operation: 177ms so far, now at startProcess: starting to update pids map
10-06 14:30:01.855   181   181 I vold    : Verified that /data/system_ce/0 has the encryption policy 30fad92eae6eff0647b547e42d09d589 v2 modes 1/4 flags 0x2
10-06 14:30:01.856   181   181 I vold    : Verified that /data/misc_ce/0 has the encryption policy 30fad92eae6eff0647b547e42d09d589 v2 modes 1/4 flags 0x2
10-06 14:30:01.858   533   554 D ColorDisplayService: setUp: currentUser=0
10-06 14:30:01.858   181   181 I vold    : Verified that /data/vendor_ce/0 has the encryption policy 30fad92eae6eff0647b547e42d09d589 v2 modes 1/4 flags 0x2
10-06 14:30:01.859   533   567 W ActivityManager: Slow operation: 181ms so far, now at startProcess: done updating pids map
10-06 14:30:01.859   533   567 W ActivityManager: Slow operation: 122ms so far, now at startProcess: asking zygote to start proc
10-06 14:30:01.860   533   567 D CompatibilityChangeReporter: Compat change id reported: 143937733; UID 10107; state: DISABLED
10-06 14:30:01.869   181   181 I vold    : Verified that /data/media/0 has the encryption policy 30fad92eae6eff0647b547e42d09d589 v2 modes 1/4 flags 0x2
10-06 14:30:01.869   181   181 I vold    : Verified that /data/data has the encryption policy 30fad92eae6eff0647b547e42d09d589 v2 modes 1/4 flags 0x2
10-06 14:30:01.869   181   181 D vold    : Starting restorecon of /data/system_ce/0
10-06 14:30:01.882   533   566 I DropBoxManagerService: add tag=system_server_wtf isTagEnabled=true flags=0x2
10-06 14:30:01.885   533   567 W ActivityManager: Slow operation: 147ms so far, now at startProcess: returned from zygote!
10-06 14:30:01.924   533  1084 W ActivityManager: Slow operation: 53ms so far, now at attachApplicationLocked: after mServices.attachApplicationLocked
10-06 14:30:01.928   533   567 W ActivityManager: Slow operation: 190ms so far, now at startProcess: done updating battery stats
10-06 14:30:01.928   533   567 W ActivityManager: Slow operation: 190ms so far, now at startProcess: building log message
10-06 14:30:01.928   533   567 I ActivityManager: Start proc 1285:com.google.android.apps.wellbeing/u0a107 for on-hold
10-06 14:30:01.928   533   567 W ActivityManager: Slow operation: 190ms so far, now at startProcess: starting to update pids map
10-06 14:30:01.930   533   567 W ActivityManager: Slow operation: 192ms so far, now at startProcess: done updating pids map
10-06 14:30:01.935   533   554 I WindowManager: Using new display size: 1080x1920
10-06 14:30:01.964   181   181 D vold    : Finished restorecon of /data/system_ce/0
10-06 14:30:01.965   181   181 D vold    : Starting restorecon of /data/vendor_ce/0
10-06 14:30:02.040   181   181 D vold    : Finished restorecon of /data/vendor_ce/0
10-06 14:30:02.040   181   181 D vold    : Starting restorecon of /data/misc_ce/0
