10-06 14:30:17.572   533   629 D HostConnection: HostComposition ext ANDROID_EMU_CHECKSUM_HELPER_v1 ANDROID_EMU_native_sync_v2 ANDROID_EMU_native_sync_v3 ANDROID_EMU_native_sync_v4 ANDROID_EMU_dma_v1 ANDROID_EMU_direct_mem ANDROID_EMU_host_composition_v1 ANDROID_EMU_host_composition_v2 ANDROID_EMU_vulkan ANDROID_EMU_deferred_vulkan_commands ANDROID_EMU_vulkan_null_optional_strings ANDROID_EMU_vulkan_create_resources_with_requirements ANDROID_EMU_YUV_Cache ANDROID_EMU_vulkan_ignored_handles ANDROID_EMU_has_shared_slots_host_memory_allocator ANDROID_EMU_vulkan_free_memory_sync ANDROID_EMU_vulkan_shader_float16_int8 ANDROID_EMU_vulkan_async_queue_submit ANDROID_EMU_sync_buffer_data ANDROID_EMU_read_color_buffer_dma GL_OES_vertex_array_object GL_KHR_texture_compression_astc_ldr ANDROID_EMU_host_side_tracing ANDROID_EMU_gles_max_version_2 
10-06 14:30:17.608  1667  2294 I chatty  : uid=10108(com.google.android.gms) expire 1 line
10-06 14:30:17.640  1513  2225 W TimedProcessReaper: Scheduling killing of process to refresh configuration
10-06 14:30:17.663  1434  1434 I SetupWizard: [bea] frpStatus=supported=false challengeRequired=false duration=753ms
10-06 14:30:17.743  2033  2306 I BugleRcsEngine: [208] xgu.a: Broadcasting Intent { act=com.google.android.ims.SIM_LOADED (has extras) }
10-06 14:30:17.747  2033  2033 I Bugle   : SimChangeReceiver: action: com.google.android.ims.SIM_LOADED
10-06 14:30:17.780   533   533 W Looper  : Drained
10-06 14:30:17.818   533   552 W Looper  : Slow dispatch took 124ms android.ui h=com.android.server.am.ActivityManagerService$UiHandler c=null m=53
10-06 14:30:17.874  2033  2190 I BugleRcsEngine: [194] vwt.b: Initializing Carrier Services Logging.
10-06 14:30:17.979  2033  2173 I FA      : App measurement initialized, version: 25018
10-06 14:30:17.980  2033  2173 I FA      : To enable debug logging run: adb shell setprop log.tag.FA VERBOSE
10-06 14:30:17.980  2033  2173 I FA      : To enable faster debug mode event logging run:
10-06 14:30:17.980  2033  2173 I FA      :   adb shell setprop debug.firebase.analytics.app com.google.android.apps.messaging
10-06 14:30:17.992  1720  2077 D DynamitePackage: Instantiated singleton DynamitePackage.
10-06 14:30:17.992  1720  2077 D DynamitePackage: Instantiating com.google.android.gms.ads.adshield.ChimeraAdShieldCreatorImpl
10-06 14:30:18.013  2033  2330 I BugleRcsEngine: [211] xgy.a: SIM delay is not enabled
10-06 14:30:18.013  2033  2330 W BugleRcsEngine: [211] xgu.c: process intent: android.intent.action.SIM_STATE_CHANGED
10-06 14:30:18.086  2033  2196 I BugleRcsEngine: [197] aeec.connect: Connecting SignupService
10-06 14:30:18.221  2033  2306 I BugleRcsEngine: [208] xgu.e: Processing an intent
10-06 14:30:18.223  2033  2306 I BugleRcsEngine: [208] xgu.a: Ignoring duplicate SIM state: LOADED
10-06 14:30:18.225  2033  2196 I BugleRcsEngine: [197] aeec.connect: shouldUseCarrierServicesJibeService: true, CarrierServices rcs service found: true
10-06 14:30:18.226  2033  2196 I BugleRcsEngine: [197] aeec.connect: Binding to JibeService in CarrierServices.
10-06 14:30:18.234   533   629 D CompatibilityChangeReporter: Compat change id reported: 135634846; UID 10101; state: DISABLED
10-06 14:30:18.235   533   567 D CompatibilityChangeReporter: Compat change id reported: 143937733; UID 10101; state: ENABLED
10-06 14:30:18.266   284   284 D Zygote  : Forked child process 2419
10-06 14:30:18.268   533   567 I ActivityManager: Start proc 2419:com.google.android.ims/u0a101 for service {com.google.android.ims/com.google.android.ims.services.RcsService}
10-06 14:30:18.279  2419  2419 W gle.android.im: Unexpected CPU variant for X86 using defaults: x86
10-06 14:30:18.291  2371  2371 D NetworkSecurityConfig: No Network Security Config specified, using platform default
10-06 14:30:18.292  2371  2371 D NetworkSecurityConfig: No Network Security Config specified, using platform default
10-06 14:30:18.307  2419  2419 E gle.android.im: Not starting debugger since process cannot load the jdwp agent.
10-06 14:30:18.387  2304  2320 I ssioncontrolle: Background young concurrent copying GC freed 7671(602KB) AllocSpace objects, 1(20KB) LOS objects, 93% free, 1820KB/25MB, paused 991us total 183.609ms
10-06 14:30:18.468  2371  2440 D libEGL  : loaded /vendor/lib/egl/libEGL_emulation.so
10-06 14:30:18.469   533   629 W ActivityManager: Slow operation: 59ms so far, now at attachApplicationLocked: after mServices.attachApplicationLocked
10-06 14:30:18.483  1667  2201 I chatty  : uid=10108(com.google.android.gms) Binder:1667_4 expire 5 lines
10-06 14:30:18.483   533   571 E libprocessgroup: AddTidToCgroup failed to write '2442'; fd=61: Invalid argument
10-06 14:30:18.483   533   571 E libprocessgroup: Failed to add task into cgroup
10-06 14:30:18.484   533   571 W libprocessgroup: ExecuteForTask failed for aggregate profile: Invalid argument
10-06 14:30:18.500  2371  2440 D libEGL  : loaded /vendor/lib/egl/libGLESv1_CM_emulation.so
10-06 14:30:18.517  2371  2440 D libEGL  : loaded /vendor/lib/egl/libGLESv2_emulation.so
10-06 14:30:18.534  2419  2419 I gle.android.im: The ClassLoaderContext is a special shared library.
10-06 14:30:18.584   533   552 W Looper  : Slow dispatch took 128ms android.ui h=com.android.server.am.ActivityManagerService$UiHandler c=null m=53
10-06 14:30:18.536  2419  2419 I gle.android.im: The ClassLoaderContext is a special shared library.
10-06 14:30:18.655  2419  2419 D NetworkSecurityConfig: No Network Security Config specified, using platform default
10-06 14:30:18.711   533  1585 D ConnectivityService: requestNetwork for uid/pid:10111/1720 NetworkRequest [ TRACK_DEFAULT id=30, [ Capabilities: INTERNET&NOT_RESTRICTED&TRUSTED Uid: 10111 AdministratorUids: [] RequestorUid: 10111 RequestorPackageName: com.google.android.apps.youtube.music] ]
10-06 14:30:18.712   533   650 D ConnectivityService: NetReassign [30 : null  100]
10-06 14:30:18.656  2419  2419 D NetworkSecurityConfig: No Network Security Config specified, using platform default
10-06 14:30:18.712   533   642 D WifiNetworkFactory: got request NetworkRequest [ TRACK_DEFAULT id=30, [ Capabilities: INTERNET&NOT_RESTRICTED&TRUSTED Uid: 10111 AdministratorUids: [] RequestorUid: 10111 RequestorPackageName: com.google.android.apps.youtube.music] ] with score 60 and providerId 3
10-06 14:30:18.713   533   642 D UntrustedWifiNetworkFactory: got request NetworkRequest [ TRACK_DEFAULT id=30, [ Capabilities: INTERNET&NOT_RESTRICTED&TRUSTED Uid: 10111 AdministratorUids: [] RequestorUid: 10111 RequestorPackageName: com.google.android.apps.youtube.music] ] with score 60 and providerId 3
10-06 14:30:18.714   927   927 D PhoneSwitcherNetworkRequstListener: got request NetworkRequest [ TRACK_DEFAULT id=30, [ Capabilities: INTERNET&NOT_RESTRICTED&TRUSTED Uid: 10111 AdministratorUids: [] RequestorUid: 10111 RequestorPackageName: com.google.android.apps.youtube.music] ] with score 60 and providerId 3
10-06 14:30:18.716  2033  2190 I LogSaver: LogSaver new instance with filename: carrier_services
10-06 14:30:18.769   927   927 D Telephony: isEmergencyPreferredAccount: subId=1, activeData=1
10-06 14:30:18.769   927   927 D Telephony: isEmergencyPreferredAccount: Device does not require preference.
10-06 14:30:18.790   713   713 V KeyguardUpdateMonitor: onSubscriptionInfoChanged()
10-06 14:30:18.806   713   713 V KeyguardUpdateMonitor: SubInfo:{id=1 iccId=890141032[****] simSlotIndex=0 carrierId=1 displayName=T-Mobile carrierName=T-Mobile nameSource=3 iconTint=-16746133 number=[****] dataRoaming=0 iconBitmap=android.graphics.Bitmap@7bffa90 mcc=310 mnc=260 countryIso=us isEmbedded=false nativeAccessRules=null cardString=890141032[****] cardId=-1 isOpportunistic=false groupUUID=null isGroupDisabled=false profileClass=-1 ehplmns=null hplmns=null subscriptionType=0 groupOwner=null carrierConfigAccessRules=null areUiccApplicationsEnabled=true}
10-06 14:30:18.829  1265  1325 I PeriodicStatsRunner: PeriodicStatsRunner.call():180 call()
10-06 14:30:18.830  1265  1325 I PeriodicStatsRunner: PeriodicStatsRunner.call():184 No submit PeriodicStats since input started.
10-06 14:30:18.914  1513  1857 W TimedProcessReaper: Scheduling killing of process to refresh configuration
10-06 14:30:18.929  2419  2419 D CarrierServices: hasMinGmsVersion: true isEnabled: true
10-06 14:30:18.948   927   927 I Telephony: isRttCurrentlySupported -- regular acct, hasVoiceAvailability: false
10-06 14:30:18.948   927   927 I Telephony:  isRttSupported: false
10-06 14:30:18.948   927   927 I Telephony:  isRoaming: false
10-06 14:30:18.948   927   927 I Telephony:  isOnWfc: false
10-06 14:30:19.024  2419  2419 D CarrierServices: hasMinGmsVersion: true isEnabled: true
10-06 14:30:19.042  1720  2077 W s.youtube.musi: Verification of void com.google.android.ads.tasks.d.a() took 101.762ms (4284.48 bytecodes/s) (6992B approximate peak alloc)
10-06 14:30:19.094  2371  2371 W ple.hello_cmak: Accessing hidden method Landroid/view/View;->computeFitSystemWindows(Landroid/graphics/Rect;Landroid/graphics/Rect;)Z (greylist, reflection, allowed)
10-06 14:30:19.095  2371  2371 W ple.hello_cmak: Accessing hidden method Landroid/view/ViewGroup;->makeOptionalFitsSystemWindows()V (greylist, reflection, allowed)
--------- beginning of crash
10-06 14:30:19.106  2371  2371 F libc    : Fatal signal 8 (SIGFPE), code 1 (FPE_INTDIV), fault addr 0xc06ca57d in tid 2371 (ple.hello_cmake), pid 2371 (ple.hello_cmake)
10-06 14:30:19.138  1416  1820 I A       : NGA enabled in interactor.
10-06 14:30:19.156  1416  1820 I A       : (REDACTED) Nga state changed to %s
10-06 14:30:19.176  2033  2050 W .apps.messagin: Suspending all threads took: 234.227ms
10-06 14:30:19.219  1720  2077 W s.youtube.musi: Verification of void com.google.android.ads.tasks.w.<clinit>() took 120.098ms (91.59 bytecodes/s) (832B approximate peak alloc)
10-06 14:30:19.230  2459  2459 I crash_dump32: obtaining output fd from tombstoned, type: kDebuggerdTombstone
10-06 14:30:19.234   277   277 I tombstoned: received crash request for pid 2371
10-06 14:30:19.237  2459  2459 I crash_dump32: performing dump of process 2371 (target tid = 2371)
10-06 14:30:19.250  2459  2459 F DEBUG   : *** *** *** *** *** *** *** *** *** *** *** *** *** *** *** ***
10-06 14:30:19.250  2459  2459 F DEBUG   : Build fingerprint: 'google/sdk_gphone_x86/generic_x86_arm:11/RSR1.201013.001/6903271:user/release-keys'
10-06 14:30:19.250  2459  2459 F DEBUG   : Revision: '0'
10-06 14:30:19.250  2459  2459 F DEBUG   : ABI: 'x86'
10-06 14:30:19.251  2459  2459 F DEBUG   : Timestamp: 2022-10-06 14:30:19+0530
10-06 14:30:19.251  2459  2459 F DEBUG   : pid: 2371, tid: 2371, name: ple.hello_cmake  >>> com.example.hello_cmake <<<
10-06 14:30:19.251  2459  2459 F DEBUG   : uid: 10156
10-06 14:30:19.251  2459  2459 F DEBUG   : signal 8 (SIGFPE), code 1 (FPE_INTDIV), fault addr 0xc06ca57d
10-06 14:30:19.251  2459  2459 F DEBUG   :     eax 0000000a  ebx 0000000c  ecx ef941e50  edx 00000000
10-06 14:30:19.252  2459  2459 F DEBUG   :     edi ffdf0a9c  esi 00000000
10-06 14:30:19.252  2459  2459 F DEBUG   :     ebp ffdf08b8  esp ffdf08a0  eip c06ca57d
10-06 14:30:19.252  1183  2081 I chatty  : uid=10108(com.google.android.gms) expire 2 lines
10-06 14:30:19.253  1183  1201 I chatty  : uid=10108(com.google.android.gms) expire 2 lines
10-06 14:30:19.253  1183  1918 I chatty  : uid=10108(com.google.android.gms) expire 2 lines
10-06 14:30:19.253  1183  2336 I chatty  : uid=10108(com.google.android.gms) expire 7 lines
10-06 14:30:19.264  2033  2206 V AssistantIntegClient: #getAssistantConfig()
10-06 14:30:19.281   533   542 I system_server: Background young concurrent copying GC freed 231001(11MB) AllocSpace objects, 41(2356KB) LOS objects, 43% free, 17MB/29MB, paused 7.671ms total 691.051ms
10-06 14:30:19.433  2033  2190 I BugleBackup: Registering preference change listener for "bugle".
10-06 14:30:19.516  1739  2164 I FA      : App measurement disabled by setAnalyticsCollectionEnabled(false)
10-06 14:30:19.543  2033  2195 I BugleJobs: Scheduling IcingMonitoringJobService [CONTEXT class_name="IcingMonitoringUtils" ]
10-06 14:30:19.565   533   544 W System  : A resource failed to call release. 
10-06 14:30:19.565   533   544 W System  : A resource failed to call close. 
10-06 14:30:19.577  2033  2206 I BugleNetwork: Startup: registering tachyon.
10-06 14:30:19.579  2033  2206 I BugleNetwork: Startup: registering tachyon for phone.
10-06 14:30:19.595  1739  2164 I FA      : App measurement initialized, version: 26017
10-06 14:30:19.595  1739  2164 I FA      : To enable debug logging run: adb shell setprop log.tag.FA VERBOSE
10-06 14:30:19.595  1739  2164 I FA      : To enable faster debug mode event logging run:
10-06 14:30:19.595  1739  2164 I FA      :   adb shell setprop debug.firebase.analytics.app com.google.android.youtube
10-06 14:30:19.622  2033  2206 I BugleNetwork: Profile service is not connected at startup task.
10-06 14:30:19.648  1416  1921 I A       : NGA enabled in interactor.
10-06 14:30:19.739  2419  2419 I CarrierServices: [2] CarrierServicesBaseApp.initialize:145 Initializing CarrierServices application without voice library.
10-06 14:30:19.741   533  1840 W ActivityManager: Background start not allowed: service Intent { cmp=com.google.android.apps.messaging/.shared.datamodel.action.execution.ActionExecutorImpl$EmptyService } to com.google.android.apps.messaging/.shared.datamodel.action.execution.ActionExecutorImpl$EmptyService from pid=2033 uid=10118 pkg=com.google.android.apps.messaging startFg?=false
10-06 14:30:19.747  2419  2473 D TelephonyRegistryManager: onSubscriptionsChangedListener callback received.
10-06 14:30:19.748  2419  2472 I CarrierServices: [199] ecs.c: do not delay first event
10-06 14:30:19.755  2033  2033 W BugleDataModel: ActionExecutorImpl: Action started execution, but we can't guarantee it will complete, the app may be killed. Action: class com.google.android.apps.messaging.shared.datamodel.action.FixupMessageStatusOnStartupAction-FixupMessageStatusOnStartupAction:54510001
10-06 14:30:19.755  2033  2033 W BugleDataModel: java.lang.IllegalStateException: Not allowed to start service Intent { cmp=com.google.android.apps.messaging/.shared.datamodel.action.execution.ActionExecutorImpl$EmptyService }: app is in background uid UidRecord{d252318 u0a118 CEM  idle change:cached procs:1 seq(0,0,0)}
10-06 14:30:19.755  2033  2033 W BugleDataModel: 	at android.app.ContextImpl.startServiceCommon(ContextImpl.java:1715)
10-06 14:30:19.755  2033  2033 W BugleDataModel: 	at android.app.ContextImpl.startService(ContextImpl.java:1670)
10-06 14:30:19.755  2033  2033 W BugleDataModel: 	at android.content.ContextWrapper.startService(ContextWrapper.java:720)
10-06 14:30:19.755  2033  2033 W BugleDataModel: 	at com.google.android.apps.messaging.shared.datamodel.action.execution.ActionExecutorImpl.a(PG:98)
10-06 14:30:19.755  2033  2033 W BugleDataModel: 	at com.google.android.apps.messaging.shared.datamodel.action.execution.ActionExecutorImpl.a(PG:93)
10-06 14:30:19.755  2033  2033 W BugleDataModel: 	at gjl.c(PG:119)
10-06 14:30:19.755  2033  2033 W BugleDataModel: 	at gji.run(Unknown Source:1)
10-06 14:30:19.755  2033  2033 W BugleDataModel: 	at afou.run(PG:3)
10-06 14:30:19.755  2033  2033 W BugleDataModel: 	at android.os.Handler.handleCallback(Handler.java:938)
10-06 14:30:19.755  2033  2033 W BugleDataModel: 	at android.os.Handler.dispatchMessage(Handler.java:99)
10-06 14:30:19.755  2033  2033 W BugleDataModel: 	at android.os.Looper.loop(Looper.java:223)
10-06 14:30:19.755  2033  2033 W BugleDataModel: 	at android.app.ActivityThread.main(ActivityThread.java:7656)
10-06 14:30:19.755  2033  2033 W BugleDataModel: 	at java.lang.reflect.Method.invoke(Native Method)
10-06 14:30:19.755  2033  2033 W BugleDataModel: 	at com.android.internal.os.RuntimeInit$MethodAndArgsCaller.run(RuntimeInit.java:592)
10-06 14:30:19.755  2033  2033 W BugleDataModel: 	at com.android.internal.os.ZygoteInit.main(ZygoteInit.java:947)
10-06 14:30:19.761   533  1585 W ActivityManager: Background start not allowed: service Intent { cmp=com.google.android.apps.messaging/.shared.datamodel.action.execution.ActionExecutorImpl$EmptyService } to com.google.android.apps.messaging/.shared.datamodel.action.execution.ActionExecutorImpl$EmptyService from pid=2033 uid=10118 pkg=com.google.android.apps.messaging startFg?=false
10-06 14:30:19.764  2033  2033 W BugleDataModel: ActionExecutorImpl: Action started execution, but we can't guarantee it will complete, the app may be killed. Action: class com.google.android.apps.messaging.shared.datamodel.action.ProcessPendingMessagesAction-ProcessPendingMessagesAction:54510002
10-06 14:30:19.764  2033  2033 W BugleDataModel: java.lang.IllegalStateException: Not allowed to start service Intent { cmp=com.google.android.apps.messaging/.shared.datamodel.action.execution.ActionExecutorImpl$EmptyService }: app is in background uid UidRecord{d252318 u0a118 CEM  idle change:cached procs:1 seq(0,0,0)}
10-06 14:30:19.764  2033  2033 W BugleDataModel: 	at android.app.ContextImpl.startServiceCommon(ContextImpl.java:1715)
10-06 14:30:19.764  2033  2033 W BugleDataModel: 	at android.app.ContextImpl.startService(ContextImpl.java:1670)
10-06 14:30:19.764  2033  2033 W BugleDataModel: 	at android.content.ContextWrapper.startService(ContextWrapper.java:720)
10-06 14:30:19.764  2033  2033 W BugleDataModel: 	at com.google.android.apps.messaging.shared.datamodel.action.execution.ActionExecutorImpl.a(PG:98)
10-06 14:30:19.764  2033  2033 W BugleDataModel: 	at com.google.android.apps.messaging.shared.datamodel.action.execution.ActionExecutorImpl.a(PG:93)
10-06 14:30:19.764  2033  2033 W BugleDataModel: 	at gjl.c(PG:119)
10-06 14:30:19.764  2033  2033 W BugleDataModel: 	at gji.run(Unknown Source:1)
10-06 14:30:19.764  2033  2033 W BugleDataModel: 	at afou.run(PG:3)
10-06 14:30:19.764  2033  2033 W BugleDataModel: 	at android.os.Handler.handleCallback(Handler.java:938)
10-06 14:30:19.764  2033  2033 W BugleDataModel: 	at android.os.Handler.dispatchMessage(Handler.java:99)
10-06 14:30:19.764  2033  2033 W BugleDataModel: 	at android.os.Looper.loop(Looper.java:223)
10-06 14:30:19.764  2033  2033 W BugleDataModel: 	at android.app.ActivityThread.main(ActivityThread.java:7656)
10-06 14:30:19.764  2033  2033 W BugleDataModel: 	at java.lang.reflect.Method.invoke(Native Method)
10-06 14:30:19.764  2033  2033 W BugleDataModel: 	at com.android.internal.os.RuntimeInit$MethodAndArgsCaller.run(RuntimeInit.java:592)
10-06 14:30:19.764  2033  2033 W BugleDataModel: 	at com.android.internal.os.ZygoteInit.main(ZygoteInit.java:947)
10-06 14:30:19.808  2419  2472 I CarrierServices: [199] eco.n: (Sim): Processing an intent
10-06 14:30:19.809  2419  2472 I CarrierServices: [199] eco.y: (Sim): SIM state LOADED
10-06 14:30:19.846  2459  2459 F DEBUG   : backtrace:
10-06 14:30:19.846  2459  2459 F DEBUG   :       #00 pc 0000057d  /data/app/~~MWyMKgoxL5c5hWbTR249vQ==/com.example.hello_cmake-LU8TcfGA6ro-lf0gMqjIGA==/base.apk!libhello_cmake.so (offset 0x64000) (Java_com_example_hello_1cmake_MainActivity_integerFromJNI+45) (BuildId: 02cab1fe1b0c57be6650f5ad5e0f361dae811772)
10-06 14:30:19.846  2459  2459 F DEBUG   :       #01 pc 00142132  /apex/com.android.art/lib/libart.so (art_quick_generic_jni_trampoline+82) (BuildId: 8191579dfafff37a5cbca70f9a73020f)
10-06 14:30:19.846  2459  2459 F DEBUG   :       #02 pc 0013b922  /apex/com.android.art/lib/libart.so (art_quick_invoke_stub+338) (BuildId: 8191579dfafff37a5cbca70f9a73020f)
10-06 14:30:19.846  2459  2459 F DEBUG   :       #03 pc 001d0381  /apex/com.android.art/lib/libart.so (art::ArtMethod::Invoke(art::Thread*, unsigned int*, unsigned int, art::JValue*, char const*)+241) (BuildId: 8191579dfafff37a5cbca70f9a73020f)
10-06 14:30:19.846  2459  2459 F DEBUG   :       #04 pc 00386701  /apex/com.android.art/lib/libart.so (art::interpreter::ArtInterpreterToCompiledCodeBridge(art::Thread*, art::ArtMethod*, art::ShadowFrame*, unsigned short, art::JValue*)+385) (BuildId: 8191579dfafff37a5cbca70f9a73020f)
10-06 14:30:19.846  2459  2459 F DEBUG   :       #05 pc 0037aa3e  /apex/com.android.art/lib/libart.so (bool art::interpreter::DoCall<false, false>(art::ArtMethod*, art::Thread*, art::ShadowFrame&, art::Instruction const*, unsigned short, art::JValue*)+1070) (BuildId: 8191579dfafff37a5cbca70f9a73020f)
10-06 14:30:19.846  2459  2459 F DEBUG   :       #06 pc 007a11b7  /apex/com.android.art/lib/libart.so (MterpInvokeVirtual+967) (BuildId: 8191579dfafff37a5cbca70f9a73020f)
10-06 14:30:19.846  2459  2459 F DEBUG   :       #07 pc 001357a1  /apex/com.android.art/lib/libart.so (mterp_op_invoke_virtual+33) (BuildId: 8191579dfafff37a5cbca70f9a73020f)
10-06 14:30:19.847  2459  2459 F DEBUG   :       #08 pc 00000444  [anon:dalvik-classes3.dex extracted in memory from /data/app/~~MWyMKgoxL5c5hWbTR249vQ==/com.example.hello_cmake-LU8TcfGA6ro-lf0gMqjIGA==/base.apk!classes3.dex] (com.example.hello_cmake.MainActivity.onCreate+48)
10-06 14:30:19.847  2459  2459 F DEBUG   :       #09 pc 007a14fe  /apex/com.android.art/lib/libart.so (MterpInvokeVirtual+1806) (BuildId: 8191579dfafff37a5cbca70f9a73020f)
10-06 14:30:19.847  2459  2459 F DEBUG   :       #10 pc 001357a1  /apex/com.android.art/lib/libart.so (mterp_op_invoke_virtual+33) (BuildId: 8191579dfafff37a5cbca70f9a73020f)
10-06 14:30:19.847  2459  2459 F DEBUG   :       #11 pc 001a9834  /system/framework/framework.jar (android.app.Activity.performCreate+88)
10-06 14:30:19.847  2459  2459 F DEBUG   :       #12 pc 007a14fe  /apex/com.android.art/lib/libart.so (MterpInvokeVirtual+1806) (BuildId: 8191579dfafff37a5cbca70f9a73020f)
10-06 14:30:19.847  2459  2459 F DEBUG   :       #13 pc 001357a1  /apex/com.android.art/lib/libart.so (mterp_op_invoke_virtual+33) (BuildId: 8191579dfafff37a5cbca70f9a73020f)
10-06 14:30:19.847  2459  2459 F DEBUG   :       #14 pc 001a97c2  /system/framework/framework.jar (android.app.Activity.performCreate+2)
10-06 14:30:19.848  2459  2459 F DEBUG   :       #15 pc 007a14fe  /apex/com.android.art/lib/libart.so (MterpInvokeVirtual+1806) (BuildId: 8191579dfafff37a5cbca70f9a73020f)
10-06 14:30:19.848  2459  2459 F DEBUG   :       #16 pc 001357a1  /apex/com.android.art/lib/libart.so (mterp_op_invoke_virtual+33) (BuildId: 8191579dfafff37a5cbca70f9a73020f)
10-06 14:30:19.848  2459  2459 F DEBUG   :       #17 pc 00211ea2  /system/framework/framework.jar (android.app.Instrumentation.callActivityOnCreate+6)
10-06 14:30:19.848  2459  2459 F DEBUG   :       #18 pc 0036fb02  /apex/com.android.art/lib/libart.so (art::interpreter::Execute(art::Thread*, art::CodeItemDataAccessor const&, art::ShadowFrame&, art::JValue, bool, bool) (.llvm.16375758241455872412)+370) (BuildId: 8191579dfafff37a5cbca70f9a73020f)
10-06 14:30:19.848  2459  2459 F DEBUG   :       #19 pc 00379c1f  /apex/com.android.art/lib/libart.so (art::interpreter::ArtInterpreterToInterpreterBridge(art::Thread*, art::CodeItemDataAccessor const&, art::ShadowFrame*, art::JValue*)+207) (BuildId: 8191579dfafff37a5cbca70f9a73020f)
10-06 14:30:19.848  2459  2459 F DEBUG   :       #20 pc 0037b4b5  /apex/com.android.art/lib/libart.so (bool art::interpreter::DoCall<false, true>(art::ArtMethod*, art::Thread*, art::ShadowFrame&, art::Instruction const*, unsigned short, art::JValue*)+2117) (BuildId: 8191579dfafff37a5cbca70f9a73020f)
10-06 14:30:19.848  2459  2459 F DEBUG   :       #21 pc 00188d11  /apex/com.android.art/lib/libart.so (void art::interpreter::ExecuteSwitchImplCpp<true, false>(art::interpreter::SwitchImplContext*)+58609) (BuildId: 8191579dfafff37a5cbca70f9a73020f)
10-06 14:30:19.848  2459  2459 F DEBUG   :       #22 pc 00142de2  /apex/com.android.art/lib/libart.so (ExecuteSwitchImplAsm+18) (BuildId: 8191579dfafff37a5cbca70f9a73020f)
10-06 14:30:19.848  2459  2459 F DEBUG   :       #23 pc 0019844c  /system/framework/framework.jar (android.app.ActivityThread.performLaunchActivity)
10-06 14:30:19.848  2459  2459 F DEBUG   :       #24 pc 0036fa8e  /apex/com.android.art/lib/libart.so (art::interpreter::Execute(art::Thread*, art::CodeItemDataAccessor const&, art::ShadowFrame&, art::JValue, bool, bool) (.llvm.16375758241455872412)+254) (BuildId: 8191579dfafff37a5cbca70f9a73020f)
10-06 14:30:19.848  2459  2459 F DEBUG   :       #25 pc 00379c1f  /apex/com.android.art/lib/libart.so (art::interpreter::ArtInterpreterToInterpreterBridge(art::Thread*, art::CodeItemDataAccessor const&, art::ShadowFrame*, art::JValue*)+207) (BuildId: 8191579dfafff37a5cbca70f9a73020f)
10-06 14:30:19.848  2459  2459 F DEBUG   :       #26 pc 0037b4b5  /apex/com.android.art/lib/libart.so (bool art::interpreter::DoCall<false, true>(art::ArtMethod*, art::Thread*, art::ShadowFrame&, art::Instruction const*, unsigned short, art::JValue*)+2117) (BuildId: 8191579dfafff37a5cbca70f9a73020f)
10-06 14:30:19.848  2459  2459 F DEBUG   :       #27 pc 0018e613  /apex/com.android.art/lib/libart.so (void art::interpreter::ExecuteSwitchImplCpp<true, false>(art::interpreter::SwitchImplContext*)+81395) (BuildId: 8191579dfafff37a5cbca70f9a73020f)
10-06 14:30:19.848  2459  2459 F DEBUG   :       #28 pc 00142de2  /apex/com.android.art/lib/libart.so (ExecuteSwitchImplAsm+18) (BuildId: 8191579dfafff37a5cbca70f9a73020f)
10-06 14:30:19.848  2459  2459 F DEBUG   :       #29 pc 0019835c  /system/framework/framework.jar (android.app.ActivityThread.handleLaunchActivity)
10-06 14:30:19.849  2459  2459 F DEBUG   :       #30 pc 0036fa8e  /apex/com.android.art/lib/libart.so (art::interpreter::Execute(art::Thread*, art::CodeItemDataAccessor const&, art::ShadowFrame&, art::JValue, bool, bool) (.llvm.16375758241455872412)+254) (BuildId: 8191579dfafff37a5cbca70f9a73020f)
10-06 14:30:19.849  2459  2459 F DEBUG   :       #31 pc 00379c1f  /apex/com.android.art/lib/libart.so (art::interpreter::ArtInterpreterToInterpreterBridge(art::Thread*, art::CodeItemDataAccessor const&, art::ShadowFrame*, art::JValue*)+207) (BuildId: 8191579dfafff37a5cbca70f9a73020f)
10-06 14:30:19.849  2459  2459 F DEBUG   :       #32 pc 0037aa20  /apex/com.android.art/lib/libart.so (bool art::interpreter::DoCall<false, false>(art::ArtMethod*, art::Thread*, art::ShadowFrame&, art::Instruction const*, unsigned short, art::JValue*)+1040) (BuildId: 8191579dfafff37a5cbca70f9a73020f)
10-06 14:30:19.849  2459  2459 F DEBUG   :       #33 pc 007a11b7  /apex/com.android.art/lib/libart.so (MterpInvokeVirtual+967) (BuildId: 8191579dfafff37a5cbca70f9a73020f)
10-06 14:30:19.849  2459  2459 F DEBUG   :       #34 pc 001357a1  /apex/com.android.art/lib/libart.so (mterp_op_invoke_virtual+33) (BuildId: 8191579dfafff37a5cbca70f9a73020f)
10-06 14:30:19.849  2459  2459 F DEBUG   :       #35 pc 0028e01e  /system/framework/framework.jar (android.app.servertransaction.LaunchActivityItem.execute+134)
10-06 14:30:19.849  2459  2459 F DEBUG   :       #36 pc 007a14fe  /apex/com.android.art/lib/libart.so (MterpInvokeVirtual+1806) (BuildId: 8191579dfafff37a5cbca70f9a73020f)
10-06 14:30:19.849  2459  2459 F DEBUG   :       #37 pc 001357a1  /apex/com.android.art/lib/libart.so (mterp_op_invoke_virtual+33) (BuildId: 8191579dfafff37a5cbca70f9a73020f)
10-06 14:30:19.850  2459  2459 F DEBUG   :       #38 pc 00290222  /system/framework/framework.jar (android.app.servertransaction.TransactionExecutor.executeCallbacks+154)
10-06 14:30:19.850  2459  2459 F DEBUG   :       #39 pc 007a14fe  /apex/com.android.art/lib/libart.so (MterpInvokeVirtual+1806) (BuildId: 8191579dfafff37a5cbca70f9a73020f)
10-06 14:30:19.850  2459  2459 F DEBUG   :       #40 pc 001357a1  /apex/com.android.art/lib/libart.so (mterp_op_invoke_virtual+33) (BuildId: 8191579dfafff37a5cbca70f9a73020f)
10-06 14:30:19.850  2459  2459 F DEBUG   :       #41 pc 0029015e  /system/framework/framework.jar (android.app.servertransaction.TransactionExecutor.execute+146)
10-06 14:30:19.850  2459  2459 F DEBUG   :       #42 pc 007a14fe  /apex/com.android.art/lib/libart.so (MterpInvokeVirtual+1806) (BuildId: 8191579dfafff37a5cbca70f9a73020f)
10-06 14:30:19.850  2459  2459 F DEBUG   :       #43 pc 001357a1  /apex/com.android.art/lib/libart.so (mterp_op_invoke_virtual+33) (BuildId: 8191579dfafff37a5cbca70f9a73020f)
10-06 14:30:19.850  2459  2459 F DEBUG   :       #44 pc 00197724  /system/framework/framework.jar (android.app.ActivityThread$H.handleMessage+96)
10-06 14:30:19.850  2459  2459 F DEBUG   :       #45 pc 007a14fe  /apex/com.android.art/lib/libart.so (MterpInvokeVirtual+1806) (BuildId: 8191579dfafff37a5cbca70f9a73020f)
10-06 14:30:19.850  2459  2459 F DEBUG   :       #46 pc 001357a1  /apex/com.android.art/lib/libart.so (mterp_op_invoke_virtual+33) (BuildId: 8191579dfafff37a5cbca70f9a73020f)
10-06 14:30:19.850  2459  2459 F DEBUG   :       #47 pc 0036f24e  /system/framework/framework.jar (offset 0x92b000) (android.os.Handler.dispatchMessage+38)
10-06 14:30:19.850  2459  2459 F DEBUG   :       #48 pc 007a14fe  /apex/com.android.art/lib/libart.so (MterpInvokeVirtual+1806) (BuildId: 8191579dfafff37a5cbca70f9a73020f)
10-06 14:30:19.850  2459  2459 F DEBUG   :       #49 pc 001357a1  /apex/com.android.art/lib/libart.so (mterp_op_invoke_virtual+33) (BuildId: 8191579dfafff37a5cbca70f9a73020f)
10-06 14:30:19.850  2459  2459 F DEBUG   :       #50 pc 00396a36  /system/framework/framework.jar (offset 0x92b000) (android.os.Looper.loop+482)
10-06 14:30:19.850  2459  2459 F DEBUG   :       #51 pc 0036fb02  /apex/com.android.art/lib/libart.so (art::interpreter::Execute(art::Thread*, art::CodeItemDataAccessor const&, art::ShadowFrame&, art::JValue, bool, bool) (.llvm.16375758241455872412)+370) (BuildId: 8191579dfafff37a5cbca70f9a73020f)
10-06 14:30:19.850  2459  2459 F DEBUG   :       #52 pc 00379c1f  /apex/com.android.art/lib/libart.so (art::interpreter::ArtInterpreterToInterpreterBridge(art::Thread*, art::CodeItemDataAccessor const&, art::ShadowFrame*, art::JValue*)+207) (BuildId: 8191579dfafff37a5cbca70f9a73020f)
10-06 14:30:19.851  2459  2459 F DEBUG   :       #53 pc 0037b4b5  /apex/com.android.art/lib/libart.so (bool art::interpreter::DoCall<false, true>(art::ArtMethod*, art::Thread*, art::ShadowFrame&, art::Instruction const*, unsigned short, art::JValue*)+2117) (BuildId: 8191579dfafff37a5cbca70f9a73020f)
10-06 14:30:19.851  2459  2459 F DEBUG   :       #54 pc 0018e613  /apex/com.android.art/lib/libart.so (void art::interpreter::ExecuteSwitchImplCpp<true, false>(art::interpreter::SwitchImplContext*)+81395) (BuildId: 8191579dfafff37a5cbca70f9a73020f)
10-06 14:30:19.851  2459  2459 F DEBUG   :       #55 pc 00142de2  /apex/com.android.art/lib/libart.so (ExecuteSwitchImplAsm+18) (BuildId: 8191579dfafff37a5cbca70f9a73020f)
10-06 14:30:19.851  2459  2459 F DEBUG   :       #56 pc 001a1688  /system/framework/framework.jar (android.app.ActivityThread.main)
10-06 14:30:19.851  2459  2459 F DEBUG   :       #57 pc 0036fa8e  /apex/com.android.art/lib/libart.so (art::interpreter::Execute(art::Thread*, art::CodeItemDataAccessor const&, art::ShadowFrame&, art::JValue, bool, bool) (.llvm.16375758241455872412)+254) (BuildId: 8191579dfafff37a5cbca70f9a73020f)
10-06 14:30:19.851  2459  2459 F DEBUG   :       #58 pc 00379b00  /apex/com.android.art/lib/libart.so (art::interpreter::EnterInterpreterFromEntryPoint(art::Thread*, art::CodeItemDataAccessor const&, art::ShadowFrame*)+176) (BuildId: 8191579dfafff37a5cbca70f9a73020f)
10-06 14:30:19.851  2459  2459 F DEBUG   :       #59 pc 0078b325  /apex/com.android.art/lib/libart.so (artQuickToInterpreterBridge+1061) (BuildId: 8191579dfafff37a5cbca70f9a73020f)
10-06 14:30:19.851  2459  2459 F DEBUG   :       #60 pc 0014220d  /apex/com.android.art/lib/libart.so (art_quick_to_interpreter_bridge+77) (BuildId: 8191579dfafff37a5cbca70f9a73020f)
10-06 14:30:19.851  2459  2459 F DEBUG   :       #61 pc 0013baf2  /apex/com.android.art/lib/libart.so (art_quick_invoke_static_stub+418) (BuildId: 8191579dfafff37a5cbca70f9a73020f)
10-06 14:30:19.851  2459  2459 F DEBUG   :       #62 pc 001d0392  /apex/com.android.art/lib/libart.so (art::ArtMethod::Invoke(art::Thread*, unsigned int*, unsigned int, art::JValue*, char const*)+258) (BuildId: 8191579dfafff37a5cbca70f9a73020f)
10-06 14:30:19.851  2459  2459 F DEBUG   :       #63 pc 00630008  /apex/com.android.art/lib/libart.so (art::InvokeMethod(art::ScopedObjectAccessAlreadyRunnable const&, _jobject*, _jobject*, _jobject*, unsigned int)+1464) (BuildId: 8191579dfafff37a5cbca70f9a73020f)
10-06 14:30:19.851  2459  2459 F DEBUG   :       #64 pc 005886a0  /apex/com.android.art/lib/libart.so (art::Method_invoke(_JNIEnv*, _jobject*, _jobject*, _jobjectArray*)+80) (BuildId: 8191579dfafff37a5cbca70f9a73020f)
10-06 14:30:19.851  2459  2459 F DEBUG   :       #65 pc 0008a778  /apex/com.android.art/javalib/x86/boot.oat (art_jni_trampoline+168) (BuildId: b386118502376442aa402e8d28c29e95a6eb8614)
10-06 14:30:19.851  2459  2459 F DEBUG   :       #66 pc 0013b922  /apex/com.android.art/lib/libart.so (art_quick_invoke_stub+338) (BuildId: 8191579dfafff37a5cbca70f9a73020f)
10-06 14:30:19.852  2459  2459 F DEBUG   :       #67 pc 001d0381  /apex/com.android.art/lib/libart.so (art::ArtMethod::Invoke(art::Thread*, unsigned int*, unsigned int, art::JValue*, char const*)+241) (BuildId: 8191579dfafff37a5cbca70f9a73020f)
10-06 14:30:19.852  2459  2459 F DEBUG   :       #68 pc 00386701  /apex/com.android.art/lib/libart.so (art::interpreter::ArtInterpreterToCompiledCodeBridge(art::Thread*, art::ArtMethod*, art::ShadowFrame*, unsigned short, art::JValue*)+385) (BuildId: 8191579dfafff37a5cbca70f9a73020f)
10-06 14:30:19.852  2459  2459 F DEBUG   :       #69 pc 0037aa3e  /apex/com.android.art/lib/libart.so (bool art::interpreter::DoCall<false, false>(art::ArtMethod*, art::Thread*, art::ShadowFrame&, art::Instruction const*, unsigned short, art::JValue*)+1070) (BuildId: 8191579dfafff37a5cbca70f9a73020f)
10-06 14:30:19.852  2459  2459 F DEBUG   :       #70 pc 007a11b7  /apex/com.android.art/lib/libart.so (MterpInvokeVirtual+967) (BuildId: 8191579dfafff37a5cbca70f9a73020f)
10-06 14:30:19.852  2459  2459 F DEBUG   :       #71 pc 001357a1  /apex/com.android.art/lib/libart.so (mterp_op_invoke_virtual+33) (BuildId: 8191579dfafff37a5cbca70f9a73020f)
10-06 14:30:19.852  2459  2459 F DEBUG   :       #72 pc 0044928e  /system/framework/framework.jar (offset 0x125d000) (com.android.internal.os.RuntimeInit$MethodAndArgsCaller.run+22)
10-06 14:30:19.852  2459  2459 F DEBUG   :       #73 pc 0036fb02  /apex/com.android.art/lib/libart.so (art::interpreter::Execute(art::Thread*, art::CodeItemDataAccessor const&, art::ShadowFrame&, art::JValue, bool, bool) (.llvm.16375758241455872412)+370) (BuildId: 8191579dfafff37a5cbca70f9a73020f)
10-06 14:30:19.852  2459  2459 F DEBUG   :       #74 pc 00379b00  /apex/com.android.art/lib/libart.so (art::interpreter::EnterInterpreterFromEntryPoint(art::Thread*, art::CodeItemDataAccessor const&, art::ShadowFrame*)+176) (BuildId: 8191579dfafff37a5cbca70f9a73020f)
10-06 14:30:19.852  2459  2459 F DEBUG   :       #75 pc 0078b325  /apex/com.android.art/lib/libart.so (artQuickToInterpreterBridge+1061) (BuildId: 8191579dfafff37a5cbca70f9a73020f)
10-06 14:30:19.852  2459  2459 F DEBUG   :       #76 pc 0014220d  /apex/com.android.art/lib/libart.so (art_quick_to_interpreter_bridge+77) (BuildId: 8191579dfafff37a5cbca70f9a73020f)
10-06 14:30:19.852  2459  2459 F DEBUG   :       #77 pc 00893656  /system/framework/x86/boot-framework.oat (com.android.internal.os.ZygoteInit.main+2102) (BuildId: 9a9778e61b43d349325d0bb85244bd9bc95ff387)
10-06 14:30:19.853  2459  2459 F DEBUG   :       #78 pc 0013baf2  /apex/com.android.art/lib/libart.so (art_quick_invoke_static_stub+418) (BuildId: 8191579dfafff37a5cbca70f9a73020f)
10-06 14:30:19.853  2459  2459 F DEBUG   :       #79 pc 001d0392  /apex/com.android.art/lib/libart.so (art::ArtMethod::Invoke(art::Thread*, unsigned int*, unsigned int, art::JValue*, char const*)+258) (BuildId: 8191579dfafff37a5cbca70f9a73020f)
10-06 14:30:19.853  2459  2459 F DEBUG   :       #80 pc 0062e653  /apex/com.android.art/lib/libart.so (art::JValue art::InvokeWithVarArgs<art::ArtMethod*>(art::ScopedObjectAccessAlreadyRunnable const&, _jobject*, art::ArtMethod*, char*)+579) (BuildId: 8191579dfafff37a5cbca70f9a73020f)
10-06 14:30:19.853  2459  2459 F DEBUG   :       #81 pc 0062eb25  /apex/com.android.art/lib/libart.so (art::JValue art::InvokeWithVarArgs<_jmethodID*>(art::ScopedObjectAccessAlreadyRunnable const&, _jobject*, _jmethodID*, char*)+85) (BuildId: 8191579dfafff37a5cbca70f9a73020f)
10-06 14:30:19.853  2459  2459 F DEBUG   :       #82 pc 004ce64f  /apex/com.android.art/lib/libart.so (art::JNI<true>::CallStaticVoidMethodV(_JNIEnv*, _jclass*, _jmethodID*, char*)+735) (BuildId: 8191579dfafff37a5cbca70f9a73020f)
10-06 14:30:19.853  2459  2459 F DEBUG   :       #83 pc 0008f90e  /system/lib/libandroid_runtime.so (_JNIEnv::CallStaticVoidMethod(_jclass*, _jmethodID*, ...)+62) (BuildId: 588f2cd5873ff4273bb25b25edb82606)
10-06 14:30:19.853  2459  2459 F DEBUG   :       #84 pc 00098c8e  /system/lib/libandroid_runtime.so (android::AndroidRuntime::start(char const*, android::Vector<android::String8> const&, bool)+910) (BuildId: 588f2cd5873ff4273bb25b25edb82606)
10-06 14:30:19.853  2459  2459 F DEBUG   :       #85 pc 00003804  /system/bin/app_process32 (main+1588) (BuildId: c5eedbfb6130af84c3db8e121fb1202e)
10-06 14:30:19.853  2459  2459 F DEBUG   :       #86 pc 000522e3  /apex/com.android.runtime/lib/bionic/libc.so (__libc_init+115) (BuildId: 6e3a0180fa6637b68c0d181c343e6806)
10-06 14:30:19.863  1183  1457 I chatty  : uid=10108(com.google.android.gms) expire 11 lines
10-06 14:30:19.899  1416  2159 W DynamiteModule: Local module descriptor class for com.google.android.gms.googlecertificates not found.
10-06 14:30:20.035  2419  2472 I CarrierServices: [199] eco.y: (Sim): SIM changed: false. current id: redacted-pii:sim_id[chars:20,last3:720]; stored id: redacted-pii:sim_id[chars:20,last3:720]; isFiDevice: false; subId: 1; slotIndex: 0
10-06 14:30:20.217   927   943 I m.android.phon: Compiler allocated 4745KB to compile boolean com.android.internal.telephony.ITelephony$Stub.onTransact(int, android.os.Parcel, android.os.Parcel, int)
10-06 14:30:20.342  1183  1928 I chatty  : uid=10108(com.google.android.gms) expire 4 lines
10-06 14:30:20.363  1416  1976 I A       : (REDACTED) Forwarding trigger sources: %d
10-06 14:30:20.370  1183  1183 I chatty  : uid=10108(com.google.android.gms) expire 35 lines
10-06 14:30:20.417  1183  2158 I chatty  : uid=10108(com.google.android.gms) expire 4 lines
10-06 14:30:20.477   713   713 D KeyguardViewMediator: adjustStatusBarLocked: mShowing=false mOccluded=false isSecure=false force=false --> flags=0x0
10-06 14:30:20.490  2419  2472 I CarrierServices: [199] eco.Q: (Sim): Skipping writing to Msisdn because this is not main bugle process.
10-06 14:30:20.506   277   277 E tombstoned: Tombstone written to: /data/tombstones/tombstone_07
10-06 14:30:20.516  2419  2472 I CarrierServices: [199] eco.y: (Sim): Updated SIM info: currentSimId: redacted-pii:sim_id[chars:20,last3:720]; imsi: redacted-pii:imsi[chars:15]; rawMsisdn: redacted-pii:phone_number[chars:12,last2:54]; formattedMsisdn: redacted-pii:phone_number[chars:0,last2:]; mccmnc: redacted-pii:sim_operator[chars:6] isFiDevice: false; subId: 1; slotIndex: 0
10-06 14:30:20.526  2419  2472 I CarrierServices: [199] eco.H: (Sim): Broadcasting Intent { act=com.google.android.ims.SIM_LOADED (has extras) }
10-06 14:30:20.533   533  2482 I RecoverySystem: No recovery log file
10-06 14:30:20.535  1416  1429 I earchbox:searc: Background concurrent copying GC freed 58782(3994KB) AllocSpace objects, 15(452KB) LOS objects, 49% free, 10MB/20MB, paused 29.924ms total 2.451s
10-06 14:30:20.539   533  2482 I DropBoxManagerService: add tag=SYSTEM_BOOT isTagEnabled=true flags=0x2
10-06 14:30:20.546   533  2482 I BootReceiver: Copying /sys/fs/pstore/console-ramoops-0 to DropBox (SYSTEM_LAST_KMSG)
10-06 14:30:20.546   533  2482 I DropBoxManagerService: add tag=SYSTEM_LAST_KMSG isTagEnabled=true flags=0x2
10-06 14:30:20.547   533  2483 W ActivityTaskManager:   Force finishing activity com.example.hello_cmake/.MainActivity
10-06 14:30:20.553   533  2484 I DropBoxManagerService: add tag=data_app_native_crash isTagEnabled=true flags=0x2
10-06 14:30:20.558   533  2482 I BootReceiver: Copying audit failures to DropBox
10-06 14:30:20.559   533  2482 I BootReceiver: Copied 3723 worth of audits to DropBox
10-06 14:30:20.559   533  2482 I DropBoxManagerService: add tag=SYSTEM_AUDIT isTagEnabled=true flags=0x2
10-06 14:30:20.572   371   381 D PermissionCache: checking android.permission.READ_FRAME_BUFFER for uid=1000 => granted (1123 us)
10-06 14:30:20.573   302   302 D goldfish-address-space: claimShared: Ask to claim region [0x3fabba000 0x3fb0ca000]
10-06 14:30:20.575   533  2482 I BootReceiver: Checking for fsck errors
10-06 14:30:20.589   533  2483 W ActivityTaskManager: Exception thrown during pause
10-06 14:30:20.589   533  2483 W ActivityTaskManager: android.os.DeadObjectException
10-06 14:30:20.589   533  2483 W ActivityTaskManager: 	at android.os.BinderProxy.transactNative(Native Method)
10-06 14:30:20.589   533  2483 W ActivityTaskManager: 	at android.os.BinderProxy.transact(BinderProxy.java:540)
10-06 14:30:20.589   533  2483 W ActivityTaskManager: 	at android.app.IApplicationThread$Stub$Proxy.scheduleTransaction(IApplicationThread.java:2504)
10-06 14:30:20.589   533  2483 W ActivityTaskManager: 	at android.app.servertransaction.ClientTransaction.schedule(ClientTransaction.java:136)
10-06 14:30:20.589   533  2483 W ActivityTaskManager: 	at com.android.server.wm.ClientLifecycleManager.scheduleTransaction(ClientLifecycleManager.java:47)
10-06 14:30:20.589   533  2483 W ActivityTaskManager: 	at com.android.server.wm.ClientLifecycleManager.scheduleTransaction(ClientLifecycleManager.java:69)
10-06 14:30:20.589   533  2483 W ActivityTaskManager: 	at com.android.server.wm.ActivityStack.startPausingLocked(ActivityStack.java:1109)
10-06 14:30:20.589   533  2483 W ActivityTaskManager: 	at com.android.server.wm.ActivityRecord.finishIfPossible(ActivityRecord.java:2616)
10-06 14:30:20.589   533  2483 W ActivityTaskManager: 	at com.android.server.wm.ActivityRecord.finishIfPossible(ActivityRecord.java:2512)
10-06 14:30:20.589   533  2483 W ActivityTaskManager: 	at com.android.server.wm.ActivityStack.finishTopCrashedActivityLocked(ActivityStack.java:2217)
10-06 14:30:20.589   533  2483 W ActivityTaskManager: 	at com.android.server.wm.RootWindowContainer.finishTopCrashedActivities(RootWindowContainer.java:2275)
10-06 14:30:20.589   533  2483 W ActivityTaskManager: 	at com.android.server.wm.ActivityTaskManagerService$LocalService.finishTopCrashedActivities(ActivityTaskManagerService.java:7271)
10-06 14:30:20.589   533  2483 W ActivityTaskManager: 	at com.android.server.am.AppErrors.handleAppCrashLocked(AppErrors.java:759)
10-06 14:30:20.589   533  2483 W ActivityTaskManager: 	at com.android.server.am.AppErrors.makeAppCrashingLocked(AppErrors.java:606)
10-06 14:30:20.589   533  2483 W ActivityTaskManager: 	at com.android.server.am.AppErrors.crashApplicationInner(AppErrors.java:489)
10-06 14:30:20.589   533  2483 W ActivityTaskManager: 	at com.android.server.am.AppErrors.crashApplication(AppErrors.java:419)
10-06 14:30:20.589   533  2483 W ActivityTaskManager: 	at com.android.server.am.ActivityManagerService.handleApplicationCrashInner(ActivityManagerService.java:9893)
10-06 14:30:20.589   533  2483 W ActivityTaskManager: 	at com.android.server.am.NativeCrashListener$NativeCrashReporter.run(NativeCrashListener.java:84)
10-06 14:30:20.595   284   284 I Zygote  : Process 2371 exited due to signal 8 (Floating point exception)
10-06 14:30:20.595   533  2483 W InputReader: Device virtio_input_multi_touch_9 is associated with display ADISPLAY_ID_NONE.
10-06 14:30:20.595   533  2483 W InputReader: Device virtio_input_multi_touch_7 is associated with display ADISPLAY_ID_NONE.
10-06 14:30:20.595   533  2483 W InputReader: Device virtio_input_multi_touch_10 is associated with display ADISPLAY_ID_NONE.
10-06 14:30:20.595   533  2483 W InputReader: Device virtio_input_multi_touch_4 is associated with display ADISPLAY_ID_NONE.
10-06 14:30:20.596   533  2483 W InputReader: Device virtio_input_multi_touch_6 is associated with display ADISPLAY_ID_NONE.
10-06 14:30:20.596   533  2483 W InputReader: Device virtio_input_multi_touch_11 is associated with display ADISPLAY_ID_NONE.
10-06 14:30:20.596   533  2483 W InputReader: Device virtio_input_multi_touch_3 is associated with display ADISPLAY_ID_NONE.
10-06 14:30:20.596   533  2483 W InputReader: Device virtio_input_multi_touch_5 is associated with display ADISPLAY_ID_NONE.
10-06 14:30:20.597   533  2483 W InputReader: Device virtio_input_multi_touch_2 is associated with display ADISPLAY_ID_NONE.
10-06 14:30:20.597   533  2483 W InputReader: Device virtio_input_multi_touch_8 is associated with display ADISPLAY_ID_NONE.
10-06 14:30:20.597   533  2483 W InputReader: Device virtio_input_multi_touch_9 is associated with display ADISPLAY_ID_NONE.
10-06 14:30:20.597   533  2483 W InputReader: Device virtio_input_multi_touch_7 is associated with display ADISPLAY_ID_NONE.
10-06 14:30:20.597   533  2483 W InputReader: Device virtio_input_multi_touch_10 is associated with display ADISPLAY_ID_NONE.
10-06 14:30:20.597   533  2483 W InputReader: Device virtio_input_multi_touch_4 is associated with display ADISPLAY_ID_NONE.
10-06 14:30:20.597   533  2483 W InputReader: Device virtio_input_multi_touch_6 is associated with display ADISPLAY_ID_NONE.
10-06 14:30:20.597   533  2483 W InputReader: Device virtio_input_multi_touch_11 is associated with display ADISPLAY_ID_NONE.
10-06 14:30:20.597   533  2483 W InputReader: Device virtio_input_multi_touch_3 is associated with display ADISPLAY_ID_NONE.
10-06 14:30:20.598   533  2483 W InputReader: Device virtio_input_multi_touch_5 is associated with display ADISPLAY_ID_NONE.
10-06 14:30:20.598   533  2483 W InputReader: Device virtio_input_multi_touch_2 is associated with display ADISPLAY_ID_NONE.
10-06 14:30:20.598   533  2483 W InputReader: Device virtio_input_multi_touch_8 is associated with display ADISPLAY_ID_NONE.
10-06 14:30:20.614   533  2482 I BootReceiver: Copying /data/tombstones/tombstone_07 to DropBox (SYSTEM_TOMBSTONE)
10-06 14:30:20.617   533  2482 I DropBoxManagerService: add tag=SYSTEM_TOMBSTONE isTagEnabled=true flags=0x2
10-06 14:30:20.622   533  1585 I ActivityManager: Process com.example.hello_cmake (pid 2371) has died: fg  TOP 
10-06 14:30:20.625   533   568 I libprocessgroup: Successfully killed process cgroup uid 10156 pid 2371 in 0ms
10-06 14:30:20.658   533  1854 I WifiService: startScan uid=10098
10-06 14:30:20.676  1667  2481 I chatty  : uid=10108(com.google.android.gms) expire 4 lines
10-06 14:30:20.744   533   565 W ProcessCpuTracker: Failed to stat(/proc/2371): android.system.ErrnoException: stat failed: ENOENT (No such file or directory)
10-06 14:30:20.744   533   565 W ProcessCpuTracker: Skipping unknown process pid 2371
10-06 14:30:20.776  1285  1342 W UsageSyncManager: Deferring shifting events by PT64H50M32.865S
10-06 14:30:20.803  1265  1265 I AppBase : AppBase.onTrimMemory():615 onTrimMemory(): 5
10-06 14:30:20.806  1265  1265 I GoogleInputMethodService: GoogleInputMethodService.onTrimMemory():4225 onTrimMemory(): 5
10-06 14:30:20.815   302   302 D goldfish-address-space: claimShared: Ask to claim region [0x3fc7e9000 0x3fcfd2000]
10-06 14:30:20.835   302   302 D goldfish-address-space: claimShared: Ask to claim region [0x3fcfd2000 0x3fd7bb000]
10-06 14:30:20.843   302   302 D goldfish-address-space: claimShared: Ask to claim region [0x3fd7bb000 0x3fdfa4000]
10-06 14:30:20.853   533   565 W ProcessCpuTracker: Failed to stat(/proc/2459): android.system.ErrnoException: stat failed: ENOENT (No such file or directory)
10-06 14:30:20.855   533  2486 D HostConnection: HostConnection::get() New Host Connection established 0xef9da3a0, tid 2486
10-06 14:30:20.855   533   551 W Looper  : Slow dispatch took 167ms android.fg h=com.android.server.DropBoxManagerService$DropBoxManagerBroadcastHandler c=null m=1
10-06 14:30:20.856   533   552 W Looper  : Slow dispatch took 197ms android.ui h=com.android.server.am.ActivityManagerService$UiHandler c=null m=1
10-06 14:30:20.859   533  2482 D CompatibilityChangeReporter: Compat change id reported: 135634846; UID 10071; state: DISABLED
10-06 14:30:20.862   533   567 D CompatibilityChangeReporter: Compat change id reported: 143937733; UID 10071; state: ENABLED
10-06 14:30:20.863   533   554 D EventSequenceValidator: Transition from ACTIVITY_LAUNCHED to ACTIVITY_CANCELLED
10-06 14:30:20.868   533  2486 D HostConnection: HostComposition ext ANDROID_EMU_CHECKSUM_HELPER_v1 ANDROID_EMU_native_sync_v2 ANDROID_EMU_native_sync_v3 ANDROID_EMU_native_sync_v4 ANDROID_EMU_dma_v1 ANDROID_EMU_direct_mem ANDROID_EMU_host_composition_v1 ANDROID_EMU_host_composition_v2 ANDROID_EMU_vulkan ANDROID_EMU_deferred_vulkan_commands ANDROID_EMU_vulkan_null_optional_strings ANDROID_EMU_vulkan_create_resources_with_requirements ANDROID_EMU_YUV_Cache ANDROID_EMU_vulkan_ignored_handles ANDROID_EMU_has_shared_slots_host_memory_allocator ANDROID_EMU_vulkan_free_memory_sync ANDROID_EMU_vulkan_shader_float16_int8 ANDROID_EMU_vulkan_async_queue_submit ANDROID_EMU_sync_buffer_data ANDROID_EMU_read_color_buffer_dma GL_OES_vertex_array_object GL_KHR_texture_compression_astc_ldr ANDROID_EMU_host_side_tracing ANDROID_EMU_gles_max_version_2 
10-06 14:30:20.869   533  2486 W OpenGLRenderer: Failed to choose config with EGL_SWAP_BEHAVIOR_PRESERVED, retrying without...
10-06 14:30:20.911   533   565 W ProcessCpuTracker: Skipping unknown process pid 2459
10-06 14:30:20.912   533   565 W ProcessCpuTracker: Failed to stat(/proc/2462): android.system.ErrnoException: stat failed: ENOENT (No such file or directory)
10-06 14:30:20.912   533   565 W ProcessCpuTracker: Skipping unknown process pid 2462
