10-06 14:29:49.305   533   533 I SystemServerTiming: OnBootPhase_520_com.android.server.media.MediaResourceMonitorService
10-06 14:29:49.305   533   533 I SystemServerTiming: OnBootPhase_520_com.android.server.biometrics.fingerprint.FingerprintService
10-06 14:29:49.305   533   533 I SystemServerTiming: OnBootPhase_520_com.android.server.biometrics.BiometricService
10-06 14:29:49.305   533   533 I SystemServerTiming: OnBootPhase_520_com.android.server.biometrics.AuthService
10-06 14:29:49.305   533   533 I SystemServerTiming: OnBootPhase_520_com.android.server.pm.ShortcutService$Lifecycle
10-06 14:29:49.305   533   533 I SystemServerTiming: OnBootPhase_520_com.android.server.pm.LauncherAppsService
10-06 14:29:49.305   533   533 I SystemServerTiming: OnBootPhase_520_com.android.server.pm.CrossProfileAppsService
10-06 14:29:49.305   533   533 I SystemServerTiming: OnBootPhase_520_com.android.server.people.PeopleService
10-06 14:29:49.305   533   533 I SystemServerTiming: OnBootPhase_520_com.android.server.media.projection.MediaProjectionManagerService
10-06 14:29:49.306   533   533 I SystemServerTiming: OnBootPhase_520_com.android.server.slice.SliceManagerService$Lifecycle
10-06 14:29:49.306   533   533 I SystemServerTiming: OnBootPhase_520_com.android.server.camera.CameraServiceProxy
10-06 14:29:49.306   533   533 I SystemServerTiming: OnBootPhase_520_com.android.server.stats.StatsCompanion$Lifecycle
10-06 14:29:49.306   533   533 I SystemServerTiming: OnBootPhase_520_com.android.server.stats.pull.StatsPullAtomService
10-06 14:29:49.306   533   533 I SystemServerTiming: OnBootPhase_520_com.android.server.incident.IncidentCompanionService
10-06 14:29:49.306   533   533 I SystemServerTiming: OnBootPhase_520_com.android.server.MmsServiceBroker
10-06 14:29:49.306   533   533 I SystemServerTiming: OnBootPhase_520_com.android.server.autofill.AutofillManagerService
10-06 14:29:49.306   533   533 I SystemServerTiming: OnBootPhase_520_com.android.server.clipboard.ClipboardService
10-06 14:29:49.306   533   533 I SystemServerTiming: OnBootPhase_520_com.android.server.appbinding.AppBindingService$Lifecycle
10-06 14:29:49.307   533   533 I SystemServerTiming: OnBootPhase_520_com.android.server.policy.PermissionPolicyService
10-06 14:29:49.307   533   533 I SystemServerTiming: OnBootPhase_520_com.android.server.pm.StagingManager$Lifecycle
10-06 14:29:49.307   533   533 I SystemServerTiming: PhaseActivityManagerReady
10-06 14:29:49.307   533   533 I SystemServerTiming: controllersReady
10-06 14:29:49.316   533   533 I SystemServerTiming: killProcesses
10-06 14:29:49.316   533   533 I ActivityManager: System now ready
10-06 14:29:49.317   533   533 I SystemServerTiming: updateTopComponentForFactoryTest
10-06 14:29:49.318   533   533 I SystemServerTiming: registerActivityLaunchObserver
10-06 14:29:49.318   533   533 I SystemServerTiming: watchDeviceProvisioning
10-06 14:29:49.319   533   558 I SystemServerTimingAsync: InitThreadPoolExec:Update app-ops uidState in case package com.example.content_provider changed
10-06 14:29:49.319   533   558 I SystemServerTimingAsync: InitThreadPoolExec:Update app-ops uidState in case package com.example.my_services_task changed
10-06 14:29:49.319   533   558 I SystemServerTimingAsync: InitThreadPoolExec:Update app-ops uidState in case package com.google.android.permissioncontroller changed
10-06 14:29:49.319   533   558 I SystemServerTimingAsync: InitThreadPoolExec:Update app-ops uidState in case package com.google.android.cellbroadcastreceiver changed
10-06 14:29:49.319   533   558 I SystemServerTimingAsync: InitThreadPoolExec:Update app-ops uidState in case package com.android.systemui changed
10-06 14:29:49.319   533   558 I SystemServerTimingAsync: InitThreadPoolExec:Update app-ops uidState in case package com.google.android.apps.wallpaper changed
10-06 14:29:49.320   533   558 I SystemServerTimingAsync: InitThreadPoolExec:Update app-ops uidState in case package com.google.android.deskclock changed
10-06 14:29:49.320   533   558 I SystemServerTimingAsync: InitThreadPoolExec:Update app-ops uidState in case package com.google.android.gm changed
10-06 14:29:49.320   533   558 I SystemServerTimingAsync: InitThreadPoolExec:Update app-ops uidState in case package com.google.android.calendar changed
10-06 14:29:49.320   533   558 I SystemServerTimingAsync: InitThreadPoolExec:Update app-ops uidState in case package com.google.android.youtube changed
10-06 14:29:49.320   533   558 I SystemServerTimingAsync: InitThreadPoolExec:Update app-ops uidState in case package com.google.android.inputmethod.latin changed
10-06 14:29:49.320   533   558 I SystemServerTimingAsync: InitThreadPoolExec:Update app-ops uidState in case package com.google.android.videos changed
10-06 14:29:49.320   533   558 I SystemServerTimingAsync: InitThreadPoolExec:Update app-ops uidState in case package com.google.android.apps.messaging changed
10-06 14:29:49.320   533   558 I SystemServerTimingAsync: InitThreadPoolExec:Update app-ops uidState in case package com.google.android.apps.photos changed
10-06 14:29:49.320   533   558 I SystemServerTimingAsync: InitThreadPoolExec:Update app-ops uidState in case package com.android.chrome changed
10-06 14:29:49.320   533   558 I SystemServerTimingAsync: InitThreadPoolExec:Update app-ops uidState in case package com.google.android.apps.docs changed
10-06 14:29:49.320   533   558 I SystemServerTimingAsync: InitThreadPoolExec:Update app-ops uidState in case package com.google.android.apps.youtube.music changed
10-06 14:29:49.320   533   558 I SystemServerTimingAsync: InitThreadPoolExec:Update app-ops uidState in case package com.google.android.googlequicksearchbox changed
10-06 14:29:49.321   533   558 I SystemServerTimingAsync: InitThreadPoolExec:Update app-ops uidState in case package com.google.android.gms changed
10-06 14:29:49.321   533   602 I SystemServerTimingAsync: InitThreadPoolExec:Update app-ops uidState in case package com.google.android.gsf changed
10-06 14:29:49.321   533   558 I SystemServerTimingAsync: InitThreadPoolExec:Update app-ops uidState in case package com.google.android.apps.wellbeing changed
10-06 14:29:49.321   533   558 I SystemServerTimingAsync: InitThreadPoolExec:Update app-ops uidState in case package com.android.contacts changed
10-06 14:29:49.321   533   558 I SystemServerTimingAsync: InitThreadPoolExec:Update app-ops uidState in case package com.android.dialer changed
10-06 14:29:49.321   533   558 I SystemServerTimingAsync: InitThreadPoolExec:Update app-ops uidState in case package com.google.android.ims changed
10-06 14:29:49.321   533   558 I SystemServerTimingAsync: InitThreadPoolExec:Update app-ops uidState in case package com.google.android.setupwizard changed
10-06 14:29:49.321   533   558 I SystemServerTimingAsync: InitThreadPoolExec:Update app-ops uidState in case package com.android.providers.calendar changed
10-06 14:29:49.321   533   558 I SystemServerTimingAsync: InitThreadPoolExec:Update app-ops uidState in case package com.android.providers.blockednumber changed
10-06 14:29:49.322   533   558 I SystemServerTimingAsync: InitThreadPoolExec:Update app-ops uidState in case package com.android.providers.userdictionary changed
10-06 14:29:49.322   533   558 I SystemServerTimingAsync: InitThreadPoolExec:Update app-ops uidState in case package com.android.providers.contacts changed
10-06 14:29:49.322   533   558 I SystemServerTimingAsync: InitThreadPoolExec:Update app-ops uidState in case package com.google.android.cellbroadcastservice changed
10-06 14:29:49.322   533   558 I SystemServerTimingAsync: InitThreadPoolExec:Update app-ops uidState in case package com.android.bluetooth changed
10-06 14:29:49.322   533   558 I SystemServerTimingAsync: InitThreadPoolExec:Update app-ops uidState in case package com.android.phone changed
10-06 14:29:49.322   533   558 I SystemServerTimingAsync: InitThreadPoolExec:Update app-ops uidState in case package android changed
10-06 14:29:49.322   533   593 I SystemServerTimingAsync: InitThreadPoolExec:Update app-ops uidState in case package com.google.android.apps.tachyon changed
10-06 14:29:49.322   533   593 I SystemServerTimingAsync: InitThreadPoolExec:Update app-ops uidState in case package com.android.server.telecom changed
10-06 14:29:49.322   533   613 I SystemServerTimingAsync: InitThreadPoolExec:Update app-ops uidState in case package com.android.vending changed
10-06 14:29:49.322   533   602 I SystemServerTimingAsync: InitThreadPoolExec:Update app-ops uidState in case package com.google.android.projection.gearhead changed
10-06 14:29:49.323   533   558 I SystemServerTimingAsync: InitThreadPoolExec:Update app-ops uidState in case package com.android.settings changed
10-06 14:29:49.359   533   533 I SystemServerTiming: retrieveSettings
10-06 14:29:49.362   533   533 I SystemServerTiming: Ugm.onSystemReady
10-06 14:29:49.362   533   533 I SystemServerTiming: updateForceBackgroundCheck
10-06 14:29:49.362   533   533 I SystemServer: Making services ready
10-06 14:29:49.362   533   533 I SystemServerTiming: StartActivityManagerReadyPhase
10-06 14:29:49.362   533   533 I SystemServiceManager: Starting phase 550
10-06 14:29:49.362   533   533 I SystemServerTiming: OnBootPhase_550
10-06 14:29:49.362   533   533 I SystemServerTiming: OnBootPhase_550_com.android.server.security.FileIntegrityService
10-06 14:29:49.363   533   533 I SystemServerTiming: OnBootPhase_550_com.android.server.pm.Installer
10-06 14:29:49.363   533   533 I SystemServerTiming: OnBootPhase_550_com.android.server.os.DeviceIdentifiersPolicyService
10-06 14:29:49.363   533   533 I SystemServerTiming: OnBootPhase_550_com.android.server.uri.UriGrantsManagerService$Lifecycle
10-06 14:29:49.363   533   533 I SystemServerTiming: OnBootPhase_550_com.android.server.wm.ActivityTaskManagerService$Lifecycle
10-06 14:29:49.363   533   533 I SystemServerTiming: OnBootPhase_550_com.android.server.am.ActivityManagerService$Lifecycle
10-06 14:29:49.364   533   533 I SystemServerTiming: OnBootPhase_550_com.android.server.pm.DataLoaderManagerService
10-06 14:29:49.364   533   533 I SystemServerTiming: OnBootPhase_550_com.android.server.power.PowerManagerService
10-06 14:29:49.364   533   533 I SystemServerTiming: OnBootPhase_550_com.android.server.power.ThermalManagerService
10-06 14:29:49.378   533   533 I ThermalHalWrapper: Thermal HAL 2.0 service connected.
10-06 14:29:49.381   533   533 I SystemServerTiming: OnBootPhase_550_com.android.server.recoverysystem.RecoverySystemService$Lifecycle
10-06 14:29:49.382   533   533 I SystemServerTiming: OnBootPhase_550_com.android.server.lights.LightsService
10-06 14:29:49.382   533   533 I SystemServerTiming: OnBootPhase_550_com.android.server.display.DisplayManagerService
10-06 14:29:49.382   533   533 I SystemServerTiming: OnBootPhase_550_com.android.server.pm.UserManagerService$LifeCycle
10-06 14:29:49.382   533   533 I SystemServerTiming: OnBootPhase_550_com.android.server.om.OverlayManagerService
10-06 14:29:49.382   533   533 I SystemServerTiming: OnBootPhase_550_com.android.server.SensorPrivacyService
10-06 14:29:49.382   533   533 I SystemServerTiming: OnBootPhase_550_com.android.server.SystemConfigService
10-06 14:29:49.382   533   533 I SystemServerTiming: OnBootPhase_550_com.android.server.BatteryService
10-06 14:29:49.382   533   533 I SystemServerTiming: OnBootPhase_550_com.android.server.usage.UsageStatsService
10-06 14:29:49.382   533   533 I SystemServerTiming: OnBootPhase_550_com.android.server.webkit.WebViewUpdateService
10-06 14:29:49.383   533   533 I SystemServerTiming: OnBootPhase_550_com.android.server.CachedDeviceStateService
10-06 14:29:49.383   533   533 I SystemServerTiming: OnBootPhase_550_com.android.server.BinderCallsStatsService$LifeCycle
10-06 14:29:49.383   533   533 I SystemServerTiming: OnBootPhase_550_com.android.server.LooperStatsService$Lifecycle
10-06 14:29:49.383   533   533 I SystemServerTiming: OnBootPhase_550_com.android.server.rollback.RollbackManagerService
10-06 14:29:49.383   533   533 I SystemServerTiming: OnBootPhase_550_com.android.server.os.BugreportManagerService
10-06 14:29:49.383   533   533 I SystemServerTiming: OnBootPhase_550_com.android.server.gpu.GpuService
10-06 14:29:49.383   533   533 I SystemServerTiming: OnBootPhase_550_com.android.server.security.KeyChainSystemService
10-06 14:29:49.384   533   533 I SystemServerTiming: OnBootPhase_550_com.android.server.telecom.TelecomLoaderService
10-06 14:29:49.386   533   533 W ActivityManager: Too early to start/bind service in system_server: Phase=550 ComponentInfo{com.android.server.telecom/com.android.server.telecom.components.TelecomService}
10-06 14:29:49.400   533   533 W ActivityManager: Too early to start/bind service in system_server: Phase=550 ComponentInfo{com.android.server.telecom/com.android.server.telecom.components.TelecomService}
10-06 14:29:49.400   533   533 I SystemServerTiming: OnBootPhase_550_com.android.server.accounts.AccountManagerService$Lifecycle
10-06 14:29:49.401   533   533 I SystemServerTiming: OnBootPhase_550_com.android.server.content.ContentService$Lifecycle
10-06 14:29:49.409   533   565 I HealthServiceWrapper: health: HealthServiceWrapper listening to instance default
10-06 14:29:49.410   533   565 D StatsPullAtomService: Registering pullers with statsd
10-06 14:29:49.413   533   533 I SyncManager: No initial accounts
10-06 14:29:49.422   533   650 D ConnectivityService: NetReassign [no changes]
10-06 14:29:49.427   533   533 I SystemServerTiming: OnBootPhase_550_com.android.server.DropBoxManagerService
10-06 14:29:49.428   533   533 I SystemServerTiming: OnBootPhase_550_com.android.server.AlarmManagerService
10-06 14:29:49.428   533   565 I StatsPullAtomService: register thermal listener successfully
10-06 14:29:49.428   533   533 I SystemServerTiming: OnBootPhase_550_com.android.server.BluetoothService
10-06 14:29:49.428   533   533 D BluetoothManagerService: Bluetooth boot completed
10-06 14:29:49.429   533   533 D BluetoothManagerService: Auto-enabling Bluetooth.
10-06 14:29:49.430   533   553 D BluetoothManagerService: MESSAGE_ENABLE(0): mBluetooth = null
10-06 14:29:49.430   533   553 D BluetoothManagerService: binding Bluetooth service
10-06 14:29:49.516   533   553 W ActivityManager: Slow operation: 83ms so far, now at startProcess: getting gids from package manager
10-06 14:29:49.520   533   553 W ActivityManager: Slow operation: 87ms so far, now at startProcess: building args
10-06 14:29:49.523   533   553 D CompatibilityChangeReporter: Compat change id reported: 135634846; UID 1002; state: DISABLED
10-06 14:29:49.525   533   567 W ActivityManager: Slow operation: 92ms so far, now at startProcess: asking zygote to start proc
10-06 14:29:49.531   533   553 W ActivityManager: Slow operation: 99ms so far, now at startProcess: done starting proc!
10-06 14:29:49.534   533   533 W SystemServiceManager: Service com.android.server.BluetoothService took 107 ms in onBootPhase
10-06 14:29:49.534   533   533 I SystemServerTiming: OnBootPhase_550_com.android.server.connectivity.IpConnectivityMetrics
10-06 14:29:49.535   533   533 I SystemServerTiming: OnBootPhase_550_com.android.server.net.watchlist.NetworkWatchlistService$Lifecycle
10-06 14:29:49.540   533   533 I SystemServerTiming: OnBootPhase_550_com.android.server.PinnerService
10-06 14:29:49.540   533   533 I SystemServerTiming: OnBootPhase_550_com.google.android.startop.iorap.IorapForwardingService
10-06 14:29:49.541   533   533 I SystemServerTiming: OnBootPhase_550_com.android.server.integrity.AppIntegrityManagerService
10-06 14:29:49.541   533   533 I SystemServerTiming: OnBootPhase_550_com.android.server.inputmethod.InputMethodManagerService$Lifecycle
10-06 14:29:49.602   533   567 W ActivityManager: Slow operation: 170ms so far, now at startProcess: returned from zygote!
10-06 14:29:49.603   533   567 W ActivityManager: Slow operation: 170ms so far, now at startProcess: done updating battery stats
10-06 14:29:49.603   533   567 W ActivityManager: Slow operation: 170ms so far, now at startProcess: building log message
10-06 14:29:49.603   533   567 I ActivityManager: Start proc 695:com.android.bluetooth/1002 for service {com.android.bluetooth/com.android.bluetooth.btservice.AdapterService}
10-06 14:29:49.603   533   567 W ActivityManager: Slow operation: 171ms so far, now at startProcess: starting to update pids map
10-06 14:29:49.604   533   567 W ActivityManager: Slow operation: 171ms so far, now at startProcess: done updating pids map
10-06 14:29:49.606   533   533 W SystemServiceManager: Service com.android.server.inputmethod.InputMethodManagerService$Lifecycle took 62 ms in onBootPhase
10-06 14:29:49.608   533   533 I SystemServerTiming: OnBootPhase_550_com.android.server.accessibility.AccessibilityManagerService$Lifecycle
10-06 14:29:49.608   533   533 I SystemServerTiming: OnBootPhase_550_com.android.server.StorageManagerService$Lifecycle
10-06 14:29:49.609   533   533 I SystemServerTiming: OnBootPhase_550_com.android.server.usage.StorageStatsService$Lifecycle
10-06 14:29:49.609   533   533 I SystemServerTiming: OnBootPhase_550_com.android.server.UiModeManagerService
10-06 14:29:49.614   533   633 D StorageManagerService: Isolated storage local flag 0 and remote flag 0 resolved to true
10-06 14:29:49.630   533   533 I SystemServerTiming: OnBootPhase_550_com.android.server.locksettings.LockSettingsService$Lifecycle
10-06 14:29:49.642   533   533 I SystemServerTiming: OnBootPhase_550_com.android.server.testharness.TestHarnessModeService
10-06 14:29:49.642   533   533 I SystemServerTiming: OnBootPhase_550_com.android.server.DeviceIdleController
10-06 14:29:49.642   533   533 I SystemServerTiming: OnBootPhase_550_com.android.server.devicepolicy.DevicePolicyManagerService$Lifecycle
10-06 14:29:49.642   533   533 I SystemServerTiming: OnBootPhase_550_com.android.server.contentcapture.ContentCaptureManagerService
10-06 14:29:49.643   533   533 I SystemServerTiming: OnBootPhase_550_com.android.server.systemcaptions.SystemCaptionsManagerService
10-06 14:29:49.645   533   533 I SystemServerTiming: OnBootPhase_550_com.android.server.appprediction.AppPredictionManagerService
10-06 14:29:49.652   533   533 I SystemServerTiming: OnBootPhase_550_com.android.server.contentsuggestions.ContentSuggestionsManagerService
10-06 14:29:49.653   533   533 I SystemServerTiming: OnBootPhase_550_com.android.server.textservices.TextServicesManagerService$Lifecycle
10-06 14:29:49.653   533   533 I SystemServerTiming: OnBootPhase_550_com.android.server.textclassifier.TextClassificationManagerService$Lifecycle
10-06 14:29:49.653   533   533 I SystemServerTiming: OnBootPhase_550_com.android.server.NetworkScoreService$Lifecycle
10-06 14:29:49.653   533   533 I SystemServerTiming: OnBootPhase_550_com.android.server.wifi.WifiService
10-06 14:29:49.654   533   533 I SystemServerTiming: OnBootPhase_550_com.android.server.wifi.scanner.WifiScanningService
10-06 14:29:49.654   533   533 I SystemServerTiming: OnBootPhase_550_com.android.server.wifi.p2p.WifiP2pService
10-06 14:29:49.654   533   533 I SystemServerTiming: OnBootPhase_550_com.android.server.notification.NotificationManagerService
10-06 14:29:49.655   533   533 I SystemServerTiming: OnBootPhase_550_com.android.server.storage.DeviceStorageMonitorService
10-06 14:29:49.655   533   533 I SystemServerTiming: OnBootPhase_550_com.android.server.location.LocationManagerService$Lifecycle
10-06 14:29:49.655   533   533 I SystemServerTiming: OnBootPhase_550_com.android.server.timedetector.TimeDetectorService$Lifecycle
10-06 14:29:49.655   533   533 I SystemServerTiming: OnBootPhase_550_com.android.server.timezonedetector.TimeZoneDetectorService$Lifecycle
10-06 14:29:49.655   533   533 I SystemServerTiming: OnBootPhase_550_com.android.server.search.SearchManagerService$Lifecycle
10-06 14:29:49.659   533   533 I SystemServerTiming: OnBootPhase_550_com.android.server.wallpaper.WallpaperManagerService$Lifecycle
10-06 14:29:49.660   533   533 I WallpaperManagerService: No static wallpaper imagery; defaults will be shown
10-06 14:29:49.660   533   533 V WallpaperManagerService: bindWallpaperComponentLocked: componentName=ComponentInfo{com.android.systemui/com.android.systemui.ImageWallpaper}
10-06 14:29:49.686   533   533 D CompatibilityChangeReporter: Compat change id reported: 135634846; UID 10144; state: DISABLED
10-06 14:29:49.689   533   567 D CompatibilityChangeReporter: Compat change id reported: 143937733; UID 10144; state: ENABLED
10-06 14:29:49.695   533   533 W WallpaperManagerService: Invalid wallpaper data
10-06 14:29:49.695   533   533 E WallpaperManagerService: Unable to apply new wallpaper
10-06 14:29:49.752   533   595 W ActivityManager: Slow operation: 60ms so far, now at attachApplicationLocked: immediately after bindApplication
10-06 14:29:49.753   533   595 W ActivityManager: Slow operation: 61ms so far, now at attachApplicationLocked: after updateLruProcessLocked
10-06 14:29:49.762   533   595 W ActivityManager: Slow operation: 70ms so far, now at attachApplicationLocked: after mServices.attachApplicationLocked
10-06 14:29:49.766   533   533 W SystemServiceManager: Service com.android.server.wallpaper.WallpaperManagerService$Lifecycle took 108 ms in onBootPhase
10-06 14:29:49.766   533   533 I SystemServerTiming: OnBootPhase_550_com.android.server.audio.AudioService$Lifecycle
10-06 14:29:49.767   533   567 W ActivityManager: Slow operation: 84ms so far, now at startProcess: done updating battery stats
10-06 14:29:49.768   533   567 W ActivityManager: Slow operation: 85ms so far, now at startProcess: building log message
10-06 14:29:49.768   533   567 I ActivityManager: Start proc 713:com.android.systemui/u0a144 for service {com.android.systemui/com.android.systemui.ImageWallpaper}
10-06 14:29:49.768   533   567 W ActivityManager: Slow operation: 85ms so far, now at startProcess: starting to update pids map
10-06 14:29:49.775   533   567 W ActivityManager: Slow operation: 92ms so far, now at startProcess: done updating pids map
10-06 14:29:49.776   533   533 I SystemServerTiming: OnBootPhase_550_com.android.server.soundtrigger_middleware.SoundTriggerMiddlewareService$Lifecycle
10-06 14:29:49.776   533   533 I SystemServerTiming: OnBootPhase_550_com.android.server.DockObserver
10-06 14:29:49.776   533   533 I SystemServerTiming: OnBootPhase_550_com.android.server.midi.MidiService$Lifecycle
10-06 14:29:49.776   533   533 I SystemServerTiming: OnBootPhase_550_com.android.server.adb.AdbService$Lifecycle
10-06 14:29:49.781   533   533 I SystemServerTiming: OnBootPhase_550_com.android.server.usb.UsbService$Lifecycle
10-06 14:29:49.782   533   533 I SystemServerTiming: OnBootPhase_550_com.android.server.twilight.TwilightService
10-06 14:29:49.782   533   533 I SystemServerTiming: OnBootPhase_550_com.android.server.display.color.ColorDisplayService
10-06 14:29:49.782   533   533 I SystemServerTiming: OnBootPhase_550_com.android.server.job.JobSchedulerService
10-06 14:29:49.783   533   533 I SystemServerTiming: OnBootPhase_550_com.android.server.soundtrigger.SoundTriggerService
10-06 14:29:49.784   533   533 D SoundTriggerService: onBootPhase: 550 : false
10-06 14:29:49.789   533   533 I SystemServerTiming: OnBootPhase_550_com.android.server.trust.TrustManagerService
10-06 14:29:49.790   533   593 I SystemServerTimingAsync: InitThreadPoolExec:UsbService$Lifecycle#onBootPhase
10-06 14:29:49.790   533   533 I SystemServerTiming: OnBootPhase_550_com.android.server.backup.BackupManagerService$Lifecycle
10-06 14:29:49.790   533   533 I SystemServerTiming: OnBootPhase_550_com.android.server.appwidget.AppWidgetService
10-06 14:29:49.790   533   533 I SystemServerTiming: OnBootPhase_550_com.android.server.role.RoleManagerService
10-06 14:29:49.790   533   533 I SystemServerTiming: OnBootPhase_550_com.android.server.voiceinteraction.VoiceInteractionManagerService
10-06 14:29:49.790   533   533 I SystemServerTiming: OnBootPhase_550_com.android.server.GestureLauncherService
10-06 14:29:49.790   533   533 I SystemServerTiming: OnBootPhase_550_com.android.server.SensorNotificationService
10-06 14:29:49.791   533   533 I SystemServerTiming: OnBootPhase_550_com.android.server.emergency.EmergencyAffordanceService
10-06 14:29:49.791   533   533 I SystemServerTiming: OnBootPhase_550_com.android.server.dreams.DreamManagerService
10-06 14:29:49.791   533   533 I SystemServerTiming: OnBootPhase_550_com.android.server.print.PrintManagerService
10-06 14:29:49.791   533   533 I SystemServerTiming: OnBootPhase_550_com.android.server.companion.CompanionDeviceManagerService
10-06 14:29:49.791   533   533 I SystemServerTiming: OnBootPhase_550_com.android.server.restrictions.RestrictionsManagerService
10-06 14:29:49.791   533   533 I SystemServerTiming: OnBootPhase_550_com.android.server.media.MediaSessionService
10-06 14:29:49.791   533   533 I SystemServerTiming: OnBootPhase_550_com.android.server.blob.BlobStoreManagerService
10-06 14:29:49.793   533   626 E UsbPortManager: port status enquiry failed
10-06 14:29:49.795   533   660 D BluetoothManagerService: Creating new ProfileServiceConnections object for profile: 1
10-06 14:29:49.795   533   660 D BluetoothManagerService: Unable to bindService while Bluetooth is disabled
10-06 14:29:49.822   533   533 I SystemServerTiming: OnBootPhase_550_com.android.server.media.MediaResourceMonitorService
10-06 14:29:49.822   533   533 I SystemServerTiming: OnBootPhase_550_com.android.server.biometrics.fingerprint.FingerprintService
10-06 14:29:49.822   533   533 I SystemServerTiming: OnBootPhase_550_com.android.server.biometrics.BiometricService
10-06 14:29:49.822   533   533 I SystemServerTiming: OnBootPhase_550_com.android.server.biometrics.AuthService
10-06 14:29:49.822   533   533 I SystemServerTiming: OnBootPhase_550_com.android.server.pm.ShortcutService$Lifecycle
10-06 14:29:49.822   533   533 I SystemServerTiming: OnBootPhase_550_com.android.server.pm.LauncherAppsService
10-06 14:29:49.822   533   533 I SystemServerTiming: OnBootPhase_550_com.android.server.pm.CrossProfileAppsService
10-06 14:29:49.824   533   533 I SystemServerTiming: OnBootPhase_550_com.android.server.people.PeopleService
10-06 14:29:49.824   533   533 I SystemServerTiming: OnBootPhase_550_com.android.server.media.projection.MediaProjectionManagerService
10-06 14:29:49.824   533   533 I SystemServerTiming: OnBootPhase_550_com.android.server.slice.SliceManagerService$Lifecycle
10-06 14:29:49.825   533   533 I SystemServerTiming: OnBootPhase_550_com.android.server.camera.CameraServiceProxy
10-06 14:29:49.826   533   533 I SystemServerTiming: OnBootPhase_550_com.android.server.stats.StatsCompanion$Lifecycle
10-06 14:29:49.826   533   533 I SystemServerTiming: OnBootPhase_550_com.android.server.stats.pull.StatsPullAtomService
10-06 14:29:49.827   533   533 I SystemServerTiming: OnBootPhase_550_com.android.server.incident.IncidentCompanionService
10-06 14:29:49.827   533   533 I SystemServerTiming: OnBootPhase_550_com.android.server.MmsServiceBroker
10-06 14:29:49.827   533   533 I SystemServerTiming: OnBootPhase_550_com.android.server.autofill.AutofillManagerService
10-06 14:29:49.827   533   533 I SystemServerTiming: OnBootPhase_550_com.android.server.clipboard.ClipboardService
10-06 14:29:49.827   533   533 I SystemServerTiming: OnBootPhase_550_com.android.server.appbinding.AppBindingService$Lifecycle
10-06 14:29:49.828   533   533 I AppBindingService: Updating constants with: null
10-06 14:29:49.838   533   533 I SystemServerTiming: OnBootPhase_550_com.android.server.policy.PermissionPolicyService
10-06 14:29:49.970   533   533 I PackageManager: Permission ownership changed. Updating all permissions.
10-06 14:29:50.072   533   533 W SystemServiceManager: Service com.android.server.policy.PermissionPolicyService took 235 ms in onBootPhase
10-06 14:29:50.073   533   533 I SystemServerTiming: OnBootPhase_550_com.android.server.pm.StagingManager$Lifecycle
10-06 14:29:50.073   533   533 I SystemServerTiming: StartObservingNativeCrashes
10-06 14:29:50.074   533   533 I SystemServerTiming: StartSystemUI
10-06 14:29:50.074   533   613 I SystemServerTimingAsync: InitThreadPoolExec:WebViewFactoryPreparation
10-06 14:29:50.074   533   613 I SystemServer: WebViewFactoryPreparation
10-06 14:29:50.074   533   613 I SystemServerTimingAsync: WebViewFactoryPreparation
10-06 14:29:50.079   533   533 I SystemServerTiming: MakeNetworkManagementServiceReady
10-06 14:29:50.083   533   533 I SystemServerTiming: MakeIpSecServiceReady
10-06 14:29:50.085   533   533 D IpSecService: IpSecService is ready
10-06 14:29:50.086   533   533 I SystemServerTiming: MakeNetworkStatsServiceReady
10-06 14:29:50.127   533   567 I ActivityManager: Start proc 750:WebViewLoader-x86/1037 [android.webkit.WebViewLibraryLoader$RelroFileCreator] for null
10-06 14:29:50.158   533   639 W NetworkPolicy: setRestrictBackgroundUL: already false
10-06 14:29:50.215   533   533 I SystemServerTiming: MakeConnectivityServiceReady
10-06 14:29:50.268   533   533 I SystemServerTiming: MakeNetworkPolicyServiceReady
10-06 14:29:50.268   533   629 W StorageManagerService: No primary storage defined yet; hacking together a stub
10-06 14:29:50.269   533   650 D ConnectivityService: NetReassign [no changes]
10-06 14:29:50.274   533   650 D ConnectivityService: NetReassign [no changes]
10-06 14:29:50.411   533   629 I ActivityManager: Process WebViewLoader-x86 (pid 750) has died: psvc PER 
10-06 14:29:50.430   533   650 D ConnectivityService: NetReassign [no changes]
10-06 14:29:50.438   533   533 I SystemServerTiming: PhaseThirdPartyAppsCanStart
10-06 14:29:50.438   533   533 I SystemServiceManager: Starting phase 600
10-06 14:29:50.438   533   533 I SystemServerTiming: OnBootPhase_600
10-06 14:29:50.438   533   533 I SystemServerTiming: OnBootPhase_600_com.android.server.security.FileIntegrityService
10-06 14:29:50.439   533   533 I SystemServerTiming: OnBootPhase_600_com.android.server.pm.Installer
10-06 14:29:50.439   533   533 I SystemServerTiming: OnBootPhase_600_com.android.server.os.DeviceIdentifiersPolicyService
10-06 14:29:50.439   533   533 I SystemServerTiming: OnBootPhase_600_com.android.server.uri.UriGrantsManagerService$Lifecycle
10-06 14:29:50.439   533   533 I SystemServerTiming: OnBootPhase_600_com.android.server.wm.ActivityTaskManagerService$Lifecycle
10-06 14:29:50.440   533   533 I SystemServerTiming: OnBootPhase_600_com.android.server.am.ActivityManagerService$Lifecycle
10-06 14:29:50.440   533   533 I ExplicitHealthCheckController: Explicit health checks enabled.
10-06 14:29:50.440   533   533 I PackageWatchdog: Syncing state, reason: health check state enabled
10-06 14:29:50.440   533   533 I PackageWatchdog: Not pruning observers, elapsed time: 0ms
10-06 14:29:50.440   533   533 I PackageWatchdog: Cancelling state sync, nothing to sync
10-06 14:29:50.442   533   533 I SystemServerTiming: OnBootPhase_600_com.android.server.pm.DataLoaderManagerService
10-06 14:29:50.442   533   533 I SystemServerTiming: OnBootPhase_600_com.android.server.power.PowerManagerService
10-06 14:29:50.443   533   533 I SystemServerTiming: OnBootPhase_600_com.android.server.power.ThermalManagerService
10-06 14:29:50.443   533   533 I SystemServerTiming: OnBootPhase_600_com.android.server.recoverysystem.RecoverySystemService$Lifecycle
10-06 14:29:50.443   533   533 I SystemServerTiming: OnBootPhase_600_com.android.server.lights.LightsService
10-06 14:29:50.444   533   533 I SystemServerTiming: OnBootPhase_600_com.android.server.display.DisplayManagerService
10-06 14:29:50.444   533   533 I SystemServerTiming: OnBootPhase_600_com.android.server.pm.UserManagerService$LifeCycle
10-06 14:29:50.445   533   533 I SystemServerTiming: OnBootPhase_600_com.android.server.om.OverlayManagerService
10-06 14:29:50.445   533   533 I SystemServerTiming: OnBootPhase_600_com.android.server.SensorPrivacyService
10-06 14:29:50.445   533   533 I SystemServerTiming: OnBootPhase_600_com.android.server.SystemConfigService
10-06 14:29:50.445   533   533 I SystemServerTiming: OnBootPhase_600_com.android.server.BatteryService
10-06 14:29:50.445   533   533 I SystemServerTiming: OnBootPhase_600_com.android.server.usage.UsageStatsService
10-06 14:29:50.445   533   533 I SystemServerTiming: OnBootPhase_600_com.android.server.webkit.WebViewUpdateService
10-06 14:29:50.446   533   533 I SystemServerTiming: OnBootPhase_600_com.android.server.CachedDeviceStateService
10-06 14:29:50.446   533   533 I SystemServerTiming: OnBootPhase_600_com.android.server.BinderCallsStatsService$LifeCycle
10-06 14:29:50.446   533   533 I SystemServerTiming: OnBootPhase_600_com.android.server.LooperStatsService$Lifecycle
10-06 14:29:50.446   533   533 I SystemServerTiming: OnBootPhase_600_com.android.server.rollback.RollbackManagerService
10-06 14:29:50.446   533   533 I SystemServerTiming: OnBootPhase_600_com.android.server.os.BugreportManagerService
10-06 14:29:50.446   533   533 I SystemServerTiming: OnBootPhase_600_com.android.server.gpu.GpuService
10-06 14:29:50.446   533   533 I SystemServerTiming: OnBootPhase_600_com.android.server.security.KeyChainSystemService
10-06 14:29:50.446   533   533 I SystemServerTiming: OnBootPhase_600_com.android.server.telecom.TelecomLoaderService
10-06 14:29:50.446   533   533 I SystemServerTiming: OnBootPhase_600_com.android.server.accounts.AccountManagerService$Lifecycle
10-06 14:29:50.446   533   533 I SystemServerTiming: OnBootPhase_600_com.android.server.content.ContentService$Lifecycle
10-06 14:29:50.446   533   533 I SystemServerTiming: OnBootPhase_600_com.android.server.DropBoxManagerService
10-06 14:29:50.447   533   533 I SystemServerTiming: OnBootPhase_600_com.android.server.AlarmManagerService
10-06 14:29:50.447   533   533 I SystemServerTiming: OnBootPhase_600_com.android.server.BluetoothService
10-06 14:29:50.447   533   533 I SystemServerTiming: OnBootPhase_600_com.android.server.connectivity.IpConnectivityMetrics
10-06 14:29:50.447   533   533 I SystemServerTiming: OnBootPhase_600_com.android.server.net.watchlist.NetworkWatchlistService$Lifecycle
10-06 14:29:50.447   533   533 I SystemServerTiming: OnBootPhase_600_com.android.server.PinnerService
10-06 14:29:50.447   533   533 I SystemServerTiming: OnBootPhase_600_com.google.android.startop.iorap.IorapForwardingService
10-06 14:29:50.447   533   533 I SystemServerTiming: OnBootPhase_600_com.android.server.integrity.AppIntegrityManagerService
10-06 14:29:50.447   533   533 I SystemServerTiming: OnBootPhase_600_com.android.server.inputmethod.InputMethodManagerService$Lifecycle
10-06 14:29:50.447   533   533 I SystemServerTiming: OnBootPhase_600_com.android.server.accessibility.AccessibilityManagerService$Lifecycle
10-06 14:29:50.447   533   533 I SystemServerTiming: OnBootPhase_600_com.android.server.StorageManagerService$Lifecycle
10-06 14:29:50.447   533   533 I SystemServerTiming: OnBootPhase_600_com.android.server.usage.StorageStatsService$Lifecycle
10-06 14:29:50.447   533   533 I SystemServerTiming: OnBootPhase_600_com.android.server.UiModeManagerService
10-06 14:29:50.448   533   533 I SystemServerTiming: OnBootPhase_600_com.android.server.locksettings.LockSettingsService$Lifecycle
10-06 14:29:50.448   533   533 I SystemServerTiming: OnBootPhase_600_com.android.server.testharness.TestHarnessModeService
10-06 14:29:50.448   533   533 I SystemServerTiming: OnBootPhase_600_com.android.server.DeviceIdleController
10-06 14:29:50.448   533   533 I SystemServerTiming: OnBootPhase_600_com.android.server.devicepolicy.DevicePolicyManagerService$Lifecycle
10-06 14:29:50.448   533   533 I SystemServerTiming: OnBootPhase_600_com.android.server.contentcapture.ContentCaptureManagerService
10-06 14:29:50.451   533   533 I SystemServerTiming: OnBootPhase_600_com.android.server.systemcaptions.SystemCaptionsManagerService
10-06 14:29:50.451   533   533 I SystemServerTiming: OnBootPhase_600_com.android.server.appprediction.AppPredictionManagerService
10-06 14:29:50.451   533   533 I SystemServerTiming: OnBootPhase_600_com.android.server.contentsuggestions.ContentSuggestionsManagerService
10-06 14:29:50.452   533   533 I SystemServerTiming: OnBootPhase_600_com.android.server.textservices.TextServicesManagerService$Lifecycle
10-06 14:29:50.452   533   533 I SystemServerTiming: OnBootPhase_600_com.android.server.textclassifier.TextClassificationManagerService$Lifecycle
10-06 14:29:50.452   533   533 I SystemServerTiming: OnBootPhase_600_com.android.server.NetworkScoreService$Lifecycle
10-06 14:29:50.452   533   533 I SystemServerTiming: OnBootPhase_600_com.android.server.wifi.WifiService
10-06 14:29:50.452   533   533 I SystemServerTiming: OnBootPhase_600_com.android.server.wifi.scanner.WifiScanningService
10-06 14:29:50.452   533   533 I SystemServerTiming: OnBootPhase_600_com.android.server.wifi.p2p.WifiP2pService
10-06 14:29:50.453   533   533 I SystemServerTiming: OnBootPhase_600_com.android.server.notification.NotificationManagerService
10-06 14:29:50.463   533   533 I SystemServerTiming: OnBootPhase_600_com.android.server.storage.DeviceStorageMonitorService
10-06 14:29:50.464   533   533 I SystemServerTiming: OnBootPhase_600_com.android.server.location.LocationManagerService$Lifecycle
10-06 14:29:50.900   533   533 W SystemServiceManager: Service com.android.server.location.LocationManagerService$Lifecycle took 436 ms in onBootPhase
10-06 14:29:50.900   533   533 I SystemServerTiming: OnBootPhase_600_com.android.server.timedetector.TimeDetectorService$Lifecycle
10-06 14:29:50.900   533   533 I SystemServerTiming: OnBootPhase_600_com.android.server.timezonedetector.TimeZoneDetectorService$Lifecycle
10-06 14:29:50.901   533   533 I SystemServerTiming: OnBootPhase_600_com.android.server.search.SearchManagerService$Lifecycle
10-06 14:29:50.901   533   533 I SystemServerTiming: OnBootPhase_600_com.android.server.wallpaper.WallpaperManagerService$Lifecycle
10-06 14:29:50.901   533   533 I WallpaperManagerService: switch-user-0
10-06 14:29:50.902   533   533 V WallpaperManagerService: bindWallpaperComponentLocked: componentName=ComponentInfo{com.android.systemui/com.android.systemui.ImageWallpaper}
10-06 14:29:50.911   533   533 I SystemServerTiming: OnBootPhase_600_com.android.server.audio.AudioService$Lifecycle
10-06 14:29:50.911   533   533 I SystemServerTiming: OnBootPhase_600_com.android.server.soundtrigger_middleware.SoundTriggerMiddlewareService$Lifecycle
10-06 14:29:50.911   533   533 I SystemServerTiming: OnBootPhase_600_com.android.server.DockObserver
10-06 14:29:50.911   533   533 I SystemServerTiming: OnBootPhase_600_com.android.server.midi.MidiService$Lifecycle
10-06 14:29:50.911   533   533 I SystemServerTiming: OnBootPhase_600_com.android.server.adb.AdbService$Lifecycle
10-06 14:29:50.911   533   533 I SystemServerTiming: OnBootPhase_600_com.android.server.usb.UsbService$Lifecycle
10-06 14:29:50.911   533   533 I SystemServerTiming: OnBootPhase_600_com.android.server.twilight.TwilightService
10-06 14:29:50.911   533   533 I SystemServerTiming: OnBootPhase_600_com.android.server.display.color.ColorDisplayService
10-06 14:29:50.912   533   533 I SystemServerTiming: OnBootPhase_600_com.android.server.job.JobSchedulerService
10-06 14:29:50.941   533   533 I SystemServerTiming: OnBootPhase_600_com.android.server.soundtrigger.SoundTriggerService
10-06 14:29:50.941   533   533 D SoundTriggerService: onBootPhase: 600 : false
10-06 14:29:50.941   533   533 I SystemServerTiming: OnBootPhase_600_com.android.server.trust.TrustManagerService
10-06 14:29:50.948   533   533 I SystemServerTiming: OnBootPhase_600_com.android.server.backup.BackupManagerService$Lifecycle
10-06 14:29:50.948   533   533 I SystemServerTiming: OnBootPhase_600_com.android.server.appwidget.AppWidgetService
10-06 14:29:50.948   533   533 I SystemServerTiming: OnBootPhase_600_com.android.server.role.RoleManagerService
10-06 14:29:50.948   533   533 I SystemServerTiming: OnBootPhase_600_com.android.server.voiceinteraction.VoiceInteractionManagerService
10-06 14:29:50.950   533   533 I SystemServerTiming: OnBootPhase_600_com.android.server.GestureLauncherService
10-06 14:29:50.951   533   533 I SystemServerTiming: OnBootPhase_600_com.android.server.SensorNotificationService
10-06 14:29:50.968   533   533 I SystemServerTiming: OnBootPhase_600_com.android.server.emergency.EmergencyAffordanceService
10-06 14:29:50.970   533   650 D ConnectivityService: NetReassign [no changes]
10-06 14:29:50.976   533   533 I SystemServerTiming: OnBootPhase_600_com.android.server.dreams.DreamManagerService
10-06 14:29:50.984   533   533 I SystemServerTiming: OnBootPhase_600_com.android.server.print.PrintManagerService
10-06 14:29:50.984   533   533 I SystemServerTiming: OnBootPhase_600_com.android.server.companion.CompanionDeviceManagerService
10-06 14:29:50.984   533   533 I SystemServerTiming: OnBootPhase_600_com.android.server.restrictions.RestrictionsManagerService
10-06 14:29:50.995   533   551 W Looper  : Slow dispatch took 122ms android.fg h=com.android.server.location.gnss.GnssLocationProvider$ProviderHandler c=null m=13
10-06 14:29:51.001   533   533 I SystemServerTiming: OnBootPhase_600_com.android.server.media.MediaSessionService
10-06 14:29:51.001   533   533 I SystemServerTiming: OnBootPhase_600_com.android.server.blob.BlobStoreManagerService
10-06 14:29:51.009   533   533 I SystemServerTiming: OnBootPhase_600_com.android.server.media.MediaResourceMonitorService
10-06 14:29:51.014   533   533 I SystemServerTiming: OnBootPhase_600_com.android.server.biometrics.fingerprint.FingerprintService
10-06 14:29:51.018   533   533 I SystemServerTiming: OnBootPhase_600_com.android.server.biometrics.BiometricService
10-06 14:29:51.020   533   533 I SystemServerTiming: OnBootPhase_600_com.android.server.biometrics.AuthService
10-06 14:29:51.022   533   533 I SystemServerTiming: OnBootPhase_600_com.android.server.pm.ShortcutService$Lifecycle
10-06 14:29:51.024   533   533 I SystemServerTiming: OnBootPhase_600_com.android.server.pm.LauncherAppsService
10-06 14:29:51.024   533   533 I SystemServerTiming: OnBootPhase_600_com.android.server.pm.CrossProfileAppsService
10-06 14:29:51.024   533   533 I SystemServerTiming: OnBootPhase_600_com.android.server.people.PeopleService
10-06 14:29:51.024   533   533 I SystemServerTiming: OnBootPhase_600_com.android.server.media.projection.MediaProjectionManagerService
10-06 14:29:51.024   533   533 I SystemServerTiming: OnBootPhase_600_com.android.server.slice.SliceManagerService$Lifecycle
10-06 14:29:51.024   533   533 I SystemServerTiming: OnBootPhase_600_com.android.server.camera.CameraServiceProxy
10-06 14:29:51.024   533   533 I SystemServerTiming: OnBootPhase_600_com.android.server.stats.StatsCompanion$Lifecycle
10-06 14:29:51.081   533   533 W SystemServiceManager: Service com.android.server.stats.StatsCompanion$Lifecycle took 56 ms in onBootPhase
10-06 14:29:51.081   533   533 I SystemServerTiming: OnBootPhase_600_com.android.server.stats.pull.StatsPullAtomService
10-06 14:29:51.081   533   533 I SystemServerTiming: OnBootPhase_600_com.android.server.incident.IncidentCompanionService
10-06 14:29:51.081   533   533 I SystemServerTiming: OnBootPhase_600_com.android.server.MmsServiceBroker
10-06 14:29:51.081   533   533 I SystemServerTiming: OnBootPhase_600_com.android.server.autofill.AutofillManagerService
10-06 14:29:51.083   533   533 I SystemServerTiming: OnBootPhase_600_com.android.server.clipboard.ClipboardService
10-06 14:29:51.083   533   533 I SystemServerTiming: OnBootPhase_600_com.android.server.appbinding.AppBindingService$Lifecycle
10-06 14:29:51.083   533   533 I SystemServerTiming: OnBootPhase_600_com.android.server.policy.PermissionPolicyService
10-06 14:29:51.083   533   533 I SystemServerTiming: OnBootPhase_600_com.android.server.pm.StagingManager$Lifecycle
10-06 14:29:51.083   533   533 I SystemServerTiming: StartNetworkStack
10-06 14:29:51.089   533   533 D ConnectivityModuleConnector: Starting networking module android.net.INetworkStackConnector
10-06 14:29:51.135   533   533 D ConnectivityModuleConnector: Starting networking module in network_stack process
10-06 14:29:51.159   533   533 D CompatibilityChangeReporter: Compat change id reported: 135634846; UID 1073; state: DISABLED
10-06 14:29:51.159   533   533 D ConnectivityModuleConnector: Networking module service start requested
10-06 14:29:51.159   533   533 I SystemServerTiming: StartTethering
10-06 14:29:51.160   533   533 D ConnectivityModuleConnector: Starting networking module android.net.ITetheringConnector
10-06 14:29:51.160   533   533 D ConnectivityModuleConnector: Starting networking module in network_stack process
10-06 14:29:51.161   533   533 D ConnectivityModuleConnector: Networking module service start requested
10-06 14:29:51.166   533   533 I SystemServerTiming: MakeCountryDetectionServiceReady
10-06 14:29:51.181   533   533 I SystemServerTiming: MakeNetworkTimeUpdateReady
10-06 14:29:51.187   533   533 D ConnectivityService: requestNetwork for uid/pid:1000/533 NetworkRequest [ TRACK_DEFAULT id=9, [ Capabilities: INTERNET&NOT_RESTRICTED&TRUSTED Uid: 1000 AdministratorUids: [] RequestorUid: 1000 RequestorPackageName: android] ]
10-06 14:29:51.193   533   533 I SystemServerTiming: MakeInputManagerServiceReady
10-06 14:29:51.196   533   650 D ConnectivityService: NetReassign [no changes]
10-06 14:29:51.213   533   533 I SystemServerTiming: MakeTelephonyRegistryReady
10-06 14:29:51.220   533   533 I SystemServerTiming: MakeMediaRouterServiceReady
10-06 14:29:51.221   533   533 I SystemServerTiming: MakeMmsServiceReady
10-06 14:29:51.221   533   533 I MmsServiceBroker: Delay connecting to MmsService until an API is called
10-06 14:29:51.221   533   533 I SystemServerTiming: IncidentDaemonReady
10-06 14:29:51.222   533   567 W ActivityManager: Slow operation: 71ms so far, now at startProcess: returned from zygote!
10-06 14:29:51.225   533   533 I SystemServerTiming: MakeIncrementalServiceReady
10-06 14:29:51.225   533   533 I SystemServerTiming: getCurrentUser
10-06 14:29:51.225   533   533 I ActivityManager: Current user:0
10-06 14:29:51.225   533   533 I SystemServerTiming: ActivityManagerStartApps
10-06 14:29:51.234   533   567 W ActivityManager: Slow operation: 89ms so far, now at startProcess: done updating battery stats
10-06 14:29:51.235   533   567 W ActivityManager: Slow operation: 89ms so far, now at startProcess: building log message
10-06 14:29:51.235   533   567 I ActivityManager: Start proc 877:com.android.networkstack.process/1073 for service {com.google.android.networkstack/com.android.server.NetworkStackService}
10-06 14:29:51.235   533   567 W ActivityManager: Slow operation: 89ms so far, now at startProcess: starting to update pids map
10-06 14:29:51.235   533   533 I SystemServerTiming: ssm.StartUser-0
10-06 14:29:51.235   533   533 I SystemServiceManager: Calling onStartUser 0
10-06 14:29:51.235   533   533 I SystemServerTiming: ssm.onStartUser-0_com.android.server.security.FileIntegrityService
10-06 14:29:51.236   533   533 I SystemServerTiming: ssm.onStartUser-0_com.android.server.pm.Installer
10-06 14:29:51.236   533   533 I SystemServerTiming: ssm.onStartUser-0_com.android.server.os.DeviceIdentifiersPolicyService
10-06 14:29:51.236   533   533 I SystemServerTiming: ssm.onStartUser-0_com.android.server.uri.UriGrantsManagerService$Lifecycle
10-06 14:29:51.236   533   533 I SystemServerTiming: ssm.onStartUser-0_com.android.server.wm.ActivityTaskManagerService$Lifecycle
10-06 14:29:51.236   533   533 I SystemServerTiming: ssm.onStartUser-0_com.android.server.am.ActivityManagerService$Lifecycle
10-06 14:29:51.236   533   533 I SystemServerTiming: ssm.onStartUser-0_com.android.server.pm.DataLoaderManagerService
10-06 14:29:51.237   533   533 I SystemServerTiming: ssm.onStartUser-0_com.android.server.power.PowerManagerService
10-06 14:29:51.237   533   533 I SystemServerTiming: ssm.onStartUser-0_com.android.server.power.ThermalManagerService
10-06 14:29:51.238   533   533 I SystemServerTiming: ssm.onStartUser-0_com.android.server.recoverysystem.RecoverySystemService$Lifecycle
10-06 14:29:51.238   533   533 I SystemServerTiming: ssm.onStartUser-0_com.android.server.lights.LightsService
10-06 14:29:51.238   533   533 I SystemServerTiming: ssm.onStartUser-0_com.android.server.display.DisplayManagerService
10-06 14:29:51.238   533   533 I SystemServerTiming: ssm.onStartUser-0_com.android.server.pm.UserManagerService$LifeCycle
10-06 14:29:51.238   533   533 I SystemServerTiming: ssm.onStartUser-0_com.android.server.om.OverlayManagerService
10-06 14:29:51.238   533   533 I SystemServerTiming: ssm.onStartUser-0_com.android.server.SensorPrivacyService
10-06 14:29:51.238   533   533 I SystemServerTiming: ssm.onStartUser-0_com.android.server.SystemConfigService
10-06 14:29:51.239   533   567 W ActivityManager: Slow operation: 94ms so far, now at startProcess: done updating pids map
10-06 14:29:51.244   533   533 I SystemServerTiming: ssm.onStartUser-0_com.android.server.BatteryService
10-06 14:29:51.244   533   533 I SystemServerTiming: ssm.onStartUser-0_com.android.server.usage.UsageStatsService
10-06 14:29:51.245   533   533 I SystemServerTiming: ssm.onStartUser-0_com.android.server.webkit.WebViewUpdateService
10-06 14:29:51.245   533   533 I SystemServerTiming: ssm.onStartUser-0_com.android.server.CachedDeviceStateService
10-06 14:29:51.245   533   533 I SystemServerTiming: ssm.onStartUser-0_com.android.server.BinderCallsStatsService$LifeCycle
10-06 14:29:51.245   533   533 I SystemServerTiming: ssm.onStartUser-0_com.android.server.LooperStatsService$Lifecycle
10-06 14:29:51.245   533   533 I SystemServerTiming: ssm.onStartUser-0_com.android.server.rollback.RollbackManagerService
10-06 14:29:51.245   533   533 I SystemServerTiming: ssm.onStartUser-0_com.android.server.os.BugreportManagerService
